Archive member included to satisfy reference by file (symbol)

c:/progra~1/raspbe~1/picosd~1.1/gcc-ar~1/bin/../lib/gcc/arm-none-eabi/10.3.1/thumb/v6-m/nofp\libgcc.a(_dvmd_tls.o)
                              CMakeFiles/termohigrometr.dir/C_/Program_Files/Raspberry_Pi/Pico_SDK_v1.5.1/pico-sdk/src/rp2_common/pico_divider/divider.S.obj (__aeabi_idiv0)
c:/progra~1/raspbe~1/picosd~1.1/gcc-ar~1/bin/../lib/gcc/arm-none-eabi/10.3.1/../../../../arm-none-eabi/lib/thumb/v6-m/nofp\libg.a(lib_a-atoi.o)
                              CMakeFiles/termohigrometr.dir/C_/Program_Files/Raspberry_Pi/Pico_SDK_v1.5.1/pico-sdk/lib/lwip/src/core/netif.c.obj (atoi)
c:/progra~1/raspbe~1/picosd~1.1/gcc-ar~1/bin/../lib/gcc/arm-none-eabi/10.3.1/../../../../arm-none-eabi/lib/thumb/v6-m/nofp\libg.a(lib_a-calloc.o)
                              CMakeFiles/termohigrometr.dir/C_/Program_Files/Raspberry_Pi/Pico_SDK_v1.5.1/pico-sdk/src/rp2_common/pico_malloc/pico_malloc.c.obj (calloc)
c:/progra~1/raspbe~1/picosd~1.1/gcc-ar~1/bin/../lib/gcc/arm-none-eabi/10.3.1/../../../../arm-none-eabi/lib/thumb/v6-m/nofp\libg.a(lib_a-callocr.o)
                              c:/progra~1/raspbe~1/picosd~1.1/gcc-ar~1/bin/../lib/gcc/arm-none-eabi/10.3.1/../../../../arm-none-eabi/lib/thumb/v6-m/nofp\libg.a(lib_a-calloc.o) (_calloc_r)
c:/progra~1/raspbe~1/picosd~1.1/gcc-ar~1/bin/../lib/gcc/arm-none-eabi/10.3.1/../../../../arm-none-eabi/lib/thumb/v6-m/nofp\libg.a(lib_a-ctype_.o)
                              CMakeFiles/termohigrometr.dir/C_/Program_Files/Raspberry_Pi/Pico_SDK_v1.5.1/pico-sdk/lib/lwip/src/core/dns.c.obj (_ctype_)
c:/progra~1/raspbe~1/picosd~1.1/gcc-ar~1/bin/../lib/gcc/arm-none-eabi/10.3.1/../../../../arm-none-eabi/lib/thumb/v6-m/nofp\libg.a(lib_a-errno.o)
                              c:/progra~1/raspbe~1/picosd~1.1/gcc-ar~1/bin/../lib/gcc/arm-none-eabi/10.3.1/../../../../arm-none-eabi/lib/thumb/v6-m/nofp\libg.a(lib_a-callocr.o) (__errno)
c:/progra~1/raspbe~1/picosd~1.1/gcc-ar~1/bin/../lib/gcc/arm-none-eabi/10.3.1/../../../../arm-none-eabi/lib/thumb/v6-m/nofp\libg.a(lib_a-impure.o)
                              c:/progra~1/raspbe~1/picosd~1.1/gcc-ar~1/bin/../lib/gcc/arm-none-eabi/10.3.1/../../../../arm-none-eabi/lib/thumb/v6-m/nofp\libg.a(lib_a-calloc.o) (_impure_ptr)
c:/progra~1/raspbe~1/picosd~1.1/gcc-ar~1/bin/../lib/gcc/arm-none-eabi/10.3.1/../../../../arm-none-eabi/lib/thumb/v6-m/nofp\libg.a(lib_a-init.o)
                              c:/progra~1/raspbe~1/picosd~1.1/gcc-ar~1/bin/../lib/gcc/arm-none-eabi/10.3.1/../../../../arm-none-eabi/lib/thumb/v6-m/nofp/crt0.o (__libc_init_array)
c:/progra~1/raspbe~1/picosd~1.1/gcc-ar~1/bin/../lib/gcc/arm-none-eabi/10.3.1/../../../../arm-none-eabi/lib/thumb/v6-m/nofp\libg.a(lib_a-malloc.o)
                              CMakeFiles/termohigrometr.dir/C_/Program_Files/Raspberry_Pi/Pico_SDK_v1.5.1/pico-sdk/src/rp2_common/pico_malloc/pico_malloc.c.obj (malloc)
c:/progra~1/raspbe~1/picosd~1.1/gcc-ar~1/bin/../lib/gcc/arm-none-eabi/10.3.1/../../../../arm-none-eabi/lib/thumb/v6-m/nofp\libg.a(lib_a-mallocr.o)
                              c:/progra~1/raspbe~1/picosd~1.1/gcc-ar~1/bin/../lib/gcc/arm-none-eabi/10.3.1/../../../../arm-none-eabi/lib/thumb/v6-m/nofp\libg.a(lib_a-callocr.o) (_malloc_r)
c:/progra~1/raspbe~1/picosd~1.1/gcc-ar~1/bin/../lib/gcc/arm-none-eabi/10.3.1/../../../../arm-none-eabi/lib/thumb/v6-m/nofp\libg.a(lib_a-memcmp.o)
                              CMakeFiles/termohigrometr.dir/C_/Program_Files/Raspberry_Pi/Pico_SDK_v1.5.1/pico-sdk/lib/lwip/src/netif/ethernet.c.obj (memcmp)
c:/progra~1/raspbe~1/picosd~1.1/gcc-ar~1/bin/../lib/gcc/arm-none-eabi/10.3.1/../../../../arm-none-eabi/lib/thumb/v6-m/nofp\libg.a(lib_a-memmove.o)
                              CMakeFiles/termohigrometr.dir/C_/Program_Files/Raspberry_Pi/Pico_SDK_v1.5.1/pico-sdk/lib/lwip/src/core/def.c.obj (memmove)
c:/progra~1/raspbe~1/picosd~1.1/gcc-ar~1/bin/../lib/gcc/arm-none-eabi/10.3.1/../../../../arm-none-eabi/lib/thumb/v6-m/nofp\libg.a(lib_a-mlock.o)
                              c:/progra~1/raspbe~1/picosd~1.1/gcc-ar~1/bin/../lib/gcc/arm-none-eabi/10.3.1/../../../../arm-none-eabi/lib/thumb/v6-m/nofp\libg.a(lib_a-mallocr.o) (__malloc_lock)
c:/progra~1/raspbe~1/picosd~1.1/gcc-ar~1/bin/../lib/gcc/arm-none-eabi/10.3.1/../../../../arm-none-eabi/lib/thumb/v6-m/nofp\libg.a(lib_a-realloc.o)
                              CMakeFiles/termohigrometr.dir/C_/Program_Files/Raspberry_Pi/Pico_SDK_v1.5.1/pico-sdk/src/rp2_common/pico_malloc/pico_malloc.c.obj (realloc)
c:/progra~1/raspbe~1/picosd~1.1/gcc-ar~1/bin/../lib/gcc/arm-none-eabi/10.3.1/../../../../arm-none-eabi/lib/thumb/v6-m/nofp\libg.a(lib_a-reallocr.o)
                              c:/progra~1/raspbe~1/picosd~1.1/gcc-ar~1/bin/../lib/gcc/arm-none-eabi/10.3.1/../../../../arm-none-eabi/lib/thumb/v6-m/nofp\libg.a(lib_a-realloc.o) (_realloc_r)
c:/progra~1/raspbe~1/picosd~1.1/gcc-ar~1/bin/../lib/gcc/arm-none-eabi/10.3.1/../../../../arm-none-eabi/lib/thumb/v6-m/nofp\libg.a(lib_a-sbrkr.o)
[...]
Memory Configuration

Name             Origin             Length             Attributes
FLASH            0x10000000         0x00200000         xr
RAM              0x20000000         0x00040000         xrw
SCRATCH_X        0x20040000         0x00001000         xrw
SCRATCH_Y        0x20041000         0x00001000         xrw
*default*        0x00000000         0xffffffff

Linker script and memory map

LOAD c:/progra~1/raspbe~1/picosd~1.1/gcc-ar~1/bin/../lib/gcc/arm-none-eabi/10.3.1/thumb/v6-m/nofp/crti.o
LOAD c:/progra~1/raspbe~1/picosd~1.1/gcc-ar~1/bin/../lib/gcc/arm-none-eabi/10.3.1/thumb/v6-m/nofp/crtbegin.o
LOAD c:/progra~1/raspbe~1/picosd~1.1/gcc-ar~1/bin/../lib/gcc/arm-none-eabi/10.3.1/../../../../arm-none-eabi/lib/thumb/v6-m/nofp/crt0.o

.flash_begin    0x10000000        0x0
                0x10000000                __flash_binary_start = .

.boot2          0x10000000      0x100
                0x10000000                __boot2_start__ = .
 *(.boot2)
 .boot2         0x10000000      0x100 C:\Users\wionz\AppData\Local\Temp\cc6hWGw3.o
                0x10000100                __boot2_end__ = .
                0x00000001                ASSERT (((__boot2_end__ - __boot2_start__) == 0x100), ERROR: Pico second stage bootloader must be 256 bytes in size)

.text           0x10000100     0x7cb0
                0x10000100                __logical_binary_start = .
 *(.vectors)
 .vectors       0x10000100       0xd4 CMakeFiles/termohigrometr.dir/C_/Program_Files/Raspberry_Pi/Pico_SDK_v1.5.1/pico-sdk/src/rp2_common/pico_standard_link/crt0.S.obj
                0x10000100                __VECTOR_TABLE
                0x10000100                __vectors
                0x100001c0                isr_invalid
                0x100001c0                __default_isrs_start
                0x100001c2                isr_nmi
                0x100001c4                isr_hardfault
                0x100001c6                isr_svcall
                0x100001c8                isr_pendsv
                0x100001ca                isr_systick
                0x100001cc                isr_irq23
                0x100001cc                isr_irq18
                0x100001cc                isr_irq11
                0x100001cc                isr_irq28
                0x100001cc                isr_irq19
                0x100001cc                isr_irq0
                0x100001cc                isr_irq6
                0x100001cc                isr_irq5
                0x100001cc                isr_irq12
                0x100001cc                isr_irq22
                0x100001cc                isr_irq31
                0x100001cc                isr_irq17
                0x100001cc                isr_irq27
                0x100001cc                isr_irq30
                0x100001cc                isr_irq2
                0x100001cc                isr_irq10
                0x100001cc                isr_irq8
                0x100001cc                isr_irq24
                0x100001cc                isr_irq1
                0x100001cc                isr_irq7
                0x100001cc                isr_irq21
                0x100001cc                isr_irq20
                0x100001cc                isr_irq15
                0x100001cc                isr_irq25
                0x100001cc                isr_irq13
                0x100001cc                __unhandled_user_irq
                0x100001cc                isr_irq4
                0x100001cc                isr_irq16
                0x100001cc                isr_irq29
                0x100001cc                isr_irq26
                0x100001cc                __default_isrs_end
                0x100001cc                isr_irq3
                0x100001cc                isr_irq14
                0x100001cc                isr_irq9
                0x100001d2                unhandled_user_irq_num_in_r0
 *(.binary_info_header)
 .binary_info_header
                0x100001d4       0x14 CMakeFiles/termohigrometr.dir/C_/Program_Files/Raspberry_Pi/Pico_SDK_v1.5.1/pico-sdk/src/rp2_common/pico_standard_link/crt0.S.obj
                0x100001e8                __binary_info_header_end = .
 *(.reset)
 .reset         0x100001e8       0xa0 CMakeFiles/termohigrometr.dir/C_/Program_Files/Raspberry_Pi/Pico_SDK_v1.5.1/pico-sdk/src/rp2_common/pico_standard_link/crt0.S.obj
                0x100001e8                _entry_point
 .reset         0x10000288       0x30 CMakeFiles/termohigrometr.dir/C_/Program_Files/Raspberry_Pi/Pico_SDK_v1.5.1/pico-sdk/src/rp2_common/pico_standard_link/binary_info.c.obj
 *(.init)
 .init          0x100002b8        0x4 c:/progra~1/raspbe~1/picosd~1.1/gcc-ar~1/bin/../lib/gcc/arm-none-eabi/10.3.1/thumb/v6-m/nofp/crti.o
                0x100002b8                _init
 *(EXCLUDE_FILE(*libm.a: *libc.a:*lib_a-mem*.o *libgcc.a:) .text*)
 .text          0x100002bc       0x48 c:/progra~1/raspbe~1/picosd~1.1/gcc-ar~1/bin/../lib/gcc/arm-none-eabi/10.3.1/thumb/v6-m/nofp/crtbegin.o
 .text.CRC16    0x10000304       0x40 CMakeFiles/termohigrometr.dir/main.c.obj
                0x10000304                CRC16
 .text.init     0x10000344       0x24 CMakeFiles/termohigrometr.dir/main.c.obj
                0x10000344                init
 .text.sensor   0x10000368       0xf4 CMakeFiles/termohigrometr.dir/main.c.obj
                0x10000368                sensor
 .text.dew_piont
                0x1000045c       0x88 CMakeFiles/termohigrometr.dir/main.c.obj
                0x1000045c                dew_piont
 .text.get_data
                0x100004e4       0xda CMakeFiles/termohigrometr.dir/main.c.obj
                0x100004e4                get_data
 *fill*         0x100005be        0x2 
 .text.units    0x100005c0       0x30 CMakeFiles/termohigrometr.dir/main.c.obj
                0x100005c0                units
 .text.main     0x100005f0       0xd0 CMakeFiles/termohigrometr.dir/main.c.obj
                0x100005f0                main
 .text.gpio_set_function
                0x100006c0       0x30 CMakeFiles/termohigrometr.dir/C_/Program_Files/Raspberry_Pi/Pico_SDK_v1.5.1/pico-sdk/src/rp2_common/hardware_gpio/gpio.c.obj
                0x100006c0                gpio_set_function
 .text.running_on_fpga
                0x100006f0       0x14 CMakeFiles/termohigrometr.dir/C_/Program_Files/Raspberry_Pi/Pico_SDK_v1.5.1/pico-sdk/src/rp2_common/pico_platform/platform.c.obj
                0x100006f0                running_on_fpga
 .text.hw_claim_lock
                0x10000704       0x18 CMakeFiles/termohigrometr.dir/C_/Program_Files/Raspberry_Pi/Pico_SDK_v1.5.1/pico-sdk/src/rp2_common/hardware_claim/claim.c.obj
                0x10000704                hw_claim_lock
 .text.hw_claim_unlock
                0x1000071c       0x14 CMakeFiles/termohigrometr.dir/C_/Program_Files/Raspberry_Pi/Pico_SDK_v1.5.1/pico-sdk/src/rp2_common/hardware_claim/claim.c.obj
                0x1000071c                hw_claim_unlock
 .text.hw_claim_or_assert
                0x10000730       0x32 CMakeFiles/termohigrometr.dir/C_/Program_Files/Raspberry_Pi/Pico_SDK_v1.5.1/pico-sdk/src/rp2_common/hardware_claim/claim.c.obj
                0x10000730                hw_claim_or_assert
 .text.hw_claim_unused_from_range
                0x10000762       0x50 CMakeFiles/termohigrometr.dir/C_/Program_Files/Raspberry_Pi/Pico_SDK_v1.5.1/pico-sdk/src/rp2_common/hardware_claim/claim.c.obj
                0x10000762                hw_claim_unused_from_range
 *fill*         0x100007b2        0x2 
 .text.spin_locks_reset
                0x100007b4       0x20 CMakeFiles/termohigrometr.dir/C_/Program_Files/Raspberry_Pi/Pico_SDK_v1.5.1/pico-sdk/src/rp2_common/hardware_sync/sync.c.obj
                0x100007b4                spin_locks_reset
 .text.next_striped_spin_lock_num
                0x100007d4       0x1c CMakeFiles/termohigrometr.dir/C_/Program_Files/Raspberry_Pi/Pico_SDK_v1.5.1/pico-sdk/src/rp2_common/hardware_sync/sync.c.obj
                0x100007d4                next_striped_spin_lock_num
 .text.spin_lock_claim_unused
                0x100007f0       0x20 CMakeFiles/termohigrometr.dir/C_/Program_Files/Raspberry_Pi/Pico_SDK_v1.5.1/pico-sdk/src/rp2_common/hardware_sync/sync.c.obj
                0x100007f0                spin_lock_claim_unused
 .text.set_raw_irq_handler_and_unlock
                0x10000810       0x28 CMakeFiles/termohigrometr.dir/C_/Program_Files/Raspberry_Pi/Pico_SDK_v1.5.1/pico-sdk/src/rp2_common/hardware_irq/irq.c.obj
 .text.make_branch
                0x10000838       0x48 CMakeFiles/termohigrometr.dir/C_/Program_Files/Raspberry_Pi/Pico_SDK_v1.5.1/pico-sdk/src/rp2_common/hardware_irq/irq.c.obj
 .text.insert_branch_and_link
                0x10000880       0x40 CMakeFiles/termohigrometr.dir/C_/Program_Files/Raspberry_Pi/Pico_SDK_v1.5.1/pico-sdk/src/rp2_common/hardware_irq/irq.c.obj
 .text.irq_is_enabled
                0x100008c0       0x18 CMakeFiles/termohigrometr.dir/C_/Program_Files/Raspberry_Pi/Pico_SDK_v1.5.1/pico-sdk/src/rp2_common/hardware_irq/irq.c.obj
                0x100008c0                irq_is_enabled
 .text.irq_set_mask_enabled
                0x100008d8       0x20 CMakeFiles/termohigrometr.dir/C_/Program_Files/Raspberry_Pi/Pico_SDK_v1.5.1/pico-sdk/src/rp2_common/hardware_irq/irq.c.obj
                0x100008d8                irq_set_mask_enabled
 .text.irq_set_enabled
                0x100008f8        0xe CMakeFiles/termohigrometr.dir/C_/Program_Files/Raspberry_Pi/Pico_SDK_v1.5.1/pico-sdk/src/rp2_common/hardware_irq/irq.c.obj
                0x100008f8                irq_set_enabled
 *fill*         0x10000906        0x2 
 .text.irq_set_pending
                0x10000908       0x10 CMakeFiles/termohigrometr.dir/C_/Program_Files/Raspberry_Pi/Pico_SDK_v1.5.1/pico-sdk/src/rp2_common/hardware_irq/irq.c.obj
                0x10000908                irq_set_pending
 .text.irq_get_vtable_handler
                0x10000918       0x10 CMakeFiles/termohigrometr.dir/C_/Program_Files/Raspberry_Pi/Pico_SDK_v1.5.1/pico-sdk/src/rp2_common/hardware_irq/irq.c.obj
                0x10000918                irq_get_vtable_handler
 .text.irq_has_shared_handler
                0x10000928       0x24 CMakeFiles/termohigrometr.dir/C_/Program_Files/Raspberry_Pi/Pico_SDK_v1.5.1/pico-sdk/src/rp2_common/hardware_irq/irq.c.obj
                0x10000928                irq_has_shared_handler
 .text.irq_set_exclusive_handler
                0x1000094c       0x54 CMakeFiles/termohigrometr.dir/C_/Program_Files/Raspberry_Pi/Pico_SDK_v1.5.1/pico-sdk/src/rp2_common/hardware_irq/irq.c.obj
                0x1000094c                irq_set_exclusive_handler
 .text.irq_add_shared_handler
                0x100009a0      0x234 CMakeFiles/termohigrometr.dir/C_/Program_Files/Raspberry_Pi/Pico_SDK_v1.5.1/pico-sdk/src/rp2_common/hardware_irq/irq.c.obj
                0x100009a0                irq_add_shared_handler
 .text.irq_remove_handler
                0x10000bd4      0x1ac CMakeFiles/termohigrometr.dir/C_/Program_Files/Raspberry_Pi/Pico_SDK_v1.5.1/pico-sdk/src/rp2_common/hardware_irq/irq.c.obj
                0x10000bd4                irq_remove_handler
 .text.irq_add_tail_to_free_list
                0x10000d80       0xf0 CMakeFiles/termohigrometr.dir/C_/Program_Files/Raspberry_Pi/Pico_SDK_v1.5.1/pico-sdk/src/rp2_common/hardware_irq/irq.c.obj
                0x10000d80                irq_add_tail_to_free_list
 .text.irq_init_priorities
                0x10000e70       0x1c CMakeFiles/termohigrometr.dir/C_/Program_Files/Raspberry_Pi/Pico_SDK_v1.5.1/pico-sdk/src/rp2_common/hardware_irq/irq.c.obj
                0x10000e70                irq_init_priorities
 .text.user_irq_claim_unused
                0x10000e8c       0x28 CMakeFiles/termohigrometr.dir/C_/Program_Files/Raspberry_Pi/Pico_SDK_v1.5.1/pico-sdk/src/rp2_common/hardware_irq/irq.c.obj
                0x10000e8c                user_irq_claim_unused
 .text.lock_init
                0x10000eb4       0x10 CMakeFiles/termohigrometr.dir/C_/Program_Files/Raspberry_Pi/Pico_SDK_v1.5.1/pico-sdk/src/common/pico_sync/lock_core.c.obj
                0x10000eb4                lock_init
 .text.mutex_init
                0x10000ec4       0x1a CMakeFiles/termohigrometr.dir/C_/Program_Files/Raspberry_Pi/Pico_SDK_v1.5.1/pico-sdk/src/common/pico_sync/mutex.c.obj
                0x10000ec4                mutex_init
 .text.recursive_mutex_init
                0x10000ede       0x1e CMakeFiles/termohigrometr.dir/C_/Program_Files/Raspberry_Pi/Pico_SDK_v1.5.1/pico-sdk/src/common/pico_sync/mutex.c.obj
                0x10000ede                recursive_mutex_init
 .text.critical_section_init_with_lock_num
                0x10000efc       0x14 CMakeFiles/termohigrometr.dir/C_/Program_Files/Raspberry_Pi/Pico_SDK_v1.5.1/pico-sdk/src/common/pico_sync/critical_section.c.obj
                0x10000efc                critical_section_init_with_lock_num
 .text.critical_section_init
                0x10000f10       0x14 CMakeFiles/termohigrometr.dir/C_/Program_Files/Raspberry_Pi/Pico_SDK_v1.5.1/pico-sdk/src/common/pico_sync/critical_section.c.obj
                0x10000f10                critical_section_init
 .text.alarm_pool_post_alloc_init
                0x10000f24       0x40 CMakeFiles/termohigrometr.dir/C_/Program_Files/Raspberry_Pi/Pico_SDK_v1.5.1/pico-sdk/src/common/pico_time/time.c.obj
 .text.sleep_until_callback
                0x10000f64       0x30 CMakeFiles/termohigrometr.dir/C_/Program_Files/Raspberry_Pi/Pico_SDK_v1.5.1/pico-sdk/src/common/pico_time/time.c.obj
 .text.timer_pool_entry_comparator
                0x10000f94       0x7c CMakeFiles/termohigrometr.dir/C_/Program_Files/Raspberry_Pi/Pico_SDK_v1.5.1/pico-sdk/src/common/pico_time/time.c.obj
                0x10000f94                timer_pool_entry_comparator
 .text.ph_add_child_node
                0x10001010       0xa4 CMakeFiles/termohigrometr.dir/C_/Program_Files/Raspberry_Pi/Pico_SDK_v1.5.1/pico-sdk/src/common/pico_time/time.c.obj
 .text.ph_merge_nodes
                0x100010b4       0x3e CMakeFiles/termohigrometr.dir/C_/Program_Files/Raspberry_Pi/Pico_SDK_v1.5.1/pico-sdk/src/common/pico_time/time.c.obj
 *fill*         0x100010f2        0x2 
 .text.add_alarm_under_lock
                0x100010f4      0x174 CMakeFiles/termohigrometr.dir/C_/Program_Files/Raspberry_Pi/Pico_SDK_v1.5.1/pico-sdk/src/common/pico_time/time.c.obj
 .text.alarm_pool_alarm_callback
                0x10001268      0x33c CMakeFiles/termohigrometr.dir/C_/Program_Files/Raspberry_Pi/Pico_SDK_v1.5.1/pico-sdk/src/common/pico_time/time.c.obj
 .text.alarm_pool_init_default
                0x100015a4       0x40 CMakeFiles/termohigrometr.dir/C_/Program_Files/Raspberry_Pi/Pico_SDK_v1.5.1/pico-sdk/src/common/pico_time/time.c.obj
                0x100015a4                alarm_pool_init_default
 .text.alarm_pool_get_default
                0x100015e4       0x2c CMakeFiles/termohigrometr.dir/C_/Program_Files/Raspberry_Pi/Pico_SDK_v1.5.1/pico-sdk/src/common/pico_time/time.c.obj
                0x100015e4                alarm_pool_get_default
 .text.alarm_pool_add_alarm_at
                0x10001610      0x168 CMakeFiles/termohigrometr.dir/C_/Program_Files/Raspberry_Pi/Pico_SDK_v1.5.1/pico-sdk/src/common/pico_time/time.c.obj
                0x10001610                alarm_pool_add_alarm_at
 .text.alarm_pool_cancel_alarm
                0x10001778       0xf8 CMakeFiles/termohigrometr.dir/C_/Program_Files/Raspberry_Pi/Pico_SDK_v1.5.1/pico-sdk/src/common/pico_time/time.c.obj
                0x10001778                alarm_pool_cancel_alarm
 .text.alarm_pool_core_num
                0x10001870        0x4 CMakeFiles/termohigrometr.dir/C_/Program_Files/Raspberry_Pi/Pico_SDK_v1.5.1/pico-sdk/src/common/pico_time/time.c.obj
                0x10001870                alarm_pool_core_num
 .text.sleep_until
                0x10001874       0xfc CMakeFiles/termohigrometr.dir/C_/Program_Files/Raspberry_Pi/Pico_SDK_v1.5.1/pico-sdk/src/common/pico_time/time.c.obj
                0x10001874                sleep_until
 .text.sleep_us
                0x10001970       0x58 CMakeFiles/termohigrometr.dir/C_/Program_Files/Raspberry_Pi/Pico_SDK_v1.5.1/pico-sdk/src/common/pico_time/time.c.obj
                0x10001970                sleep_us
 .text.sleep_ms
                0x100019c8       0x14 CMakeFiles/termohigrometr.dir/C_/Program_Files/Raspberry_Pi/Pico_SDK_v1.5.1/pico-sdk/src/common/pico_time/time.c.obj
                0x100019c8                sleep_ms
 .text.best_effort_wfe_or_timeout
                0x100019dc       0xac CMakeFiles/termohigrometr.dir/C_/Program_Files/Raspberry_Pi/Pico_SDK_v1.5.1/pico-sdk/src/common/pico_time/time.c.obj
                0x100019dc                best_effort_wfe_or_timeout
 .text.hardware_alarm_irq_handler
                0x10001a88       0x90 CMakeFiles/termohigrometr.dir/C_/Program_Files/Raspberry_Pi/Pico_SDK_v1.5.1/pico-sdk/src/rp2_common/hardware_timer/timer.c.obj
 .text.hardware_alarm_claim
                0x10001b18       0x18 CMakeFiles/termohigrometr.dir/C_/Program_Files/Raspberry_Pi/Pico_SDK_v1.5.1/pico-sdk/src/rp2_common/hardware_timer/timer.c.obj
                0x10001b18                hardware_alarm_claim
 .text.time_us_64
                0x10001b30       0x18 CMakeFiles/termohigrometr.dir/C_/Program_Files/Raspberry_Pi/Pico_SDK_v1.5.1/pico-sdk/src/rp2_common/hardware_timer/timer.c.obj
                0x10001b30                time_us_64
 .text.busy_wait_until
                0x10001b48       0x28 CMakeFiles/termohigrometr.dir/C_/Program_Files/Raspberry_Pi/Pico_SDK_v1.5.1/pico-sdk/src/rp2_common/hardware_timer/timer.c.obj
                0x10001b48                busy_wait_until
 .text.busy_wait_us
                0x10001b70       0x48 CMakeFiles/termohigrometr.dir/C_/Program_Files/Raspberry_Pi/Pico_SDK_v1.5.1/pico-sdk/src/rp2_common/hardware_timer/timer.c.obj
                0x10001b70                busy_wait_us
 .text.hardware_alarm_set_callback
                0x10001bb8       0x90 CMakeFiles/termohigrometr.dir/C_/Program_Files/Raspberry_Pi/Pico_SDK_v1.5.1/pico-sdk/src/rp2_common/hardware_timer/timer.c.obj
                0x10001bb8                hardware_alarm_set_callback
 .text.hardware_alarm_set_target
                0x10001c48       0xe8 CMakeFiles/termohigrometr.dir/C_/Program_Files/Raspberry_Pi/Pico_SDK_v1.5.1/pico-sdk/src/rp2_common/hardware_timer/timer.c.obj
                0x10001c48                hardware_alarm_set_target
 .text.hardware_alarm_cancel
                0x10001d30       0x40 CMakeFiles/termohigrometr.dir/C_/Program_Files/Raspberry_Pi/Pico_SDK_v1.5.1/pico-sdk/src/rp2_common/hardware_timer/timer.c.obj
                0x10001d30                hardware_alarm_cancel
 .text.ph_add_child_node
                0x10001d70       0xa4 CMakeFiles/termohigrometr.dir/C_/Program_Files/Raspberry_Pi/Pico_SDK_v1.5.1/pico-sdk/src/common/pico_util/pheap.c.obj
 .text.ph_merge_nodes
                0x10001e14       0x3e CMakeFiles/termohigrometr.dir/C_/Program_Files/Raspberry_Pi/Pico_SDK_v1.5.1/pico-sdk/src/common/pico_util/pheap.c.obj
 *fill*         0x10001e52        0x2 
 .text.ph_clear
                0x10001e54       0x70 CMakeFiles/termohigrometr.dir/C_/Program_Files/Raspberry_Pi/Pico_SDK_v1.5.1/pico-sdk/src/common/pico_util/pheap.c.obj
                0x10001e54                ph_clear
 .text.ph_post_alloc_init
                0x10001ec4        0xe CMakeFiles/termohigrometr.dir/C_/Program_Files/Raspberry_Pi/Pico_SDK_v1.5.1/pico-sdk/src/common/pico_util/pheap.c.obj
                0x10001ec4                ph_post_alloc_init
 *fill*         0x10001ed2        0x2 
 .text.ph_merge_two_pass
                0x10001ed4       0xa8 CMakeFiles/termohigrometr.dir/C_/Program_Files/Raspberry_Pi/Pico_SDK_v1.5.1/pico-sdk/src/common/pico_util/pheap.c.obj
                0x10001ed4                ph_merge_two_pass
 .text.ph_remove_any_head
                0x10001f7c      0x128 CMakeFiles/termohigrometr.dir/C_/Program_Files/Raspberry_Pi/Pico_SDK_v1.5.1/pico-sdk/src/common/pico_util/pheap.c.obj
 .text.ph_remove_head
                0x100020a4       0x14 CMakeFiles/termohigrometr.dir/C_/Program_Files/Raspberry_Pi/Pico_SDK_v1.5.1/pico-sdk/src/common/pico_util/pheap.c.obj
                0x100020a4                ph_remove_head
 .text.ph_remove_and_free_node
                0x100020b8       0xf8 CMakeFiles/termohigrometr.dir/C_/Program_Files/Raspberry_Pi/Pico_SDK_v1.5.1/pico-sdk/src/common/pico_util/pheap.c.obj
                0x100020b8                ph_remove_and_free_node
 .text.uart_disable_before_lcr_write
                0x100021b0       0x48 CMakeFiles/termohigrometr.dir/C_/Program_Files/Raspberry_Pi/Pico_SDK_v1.5.1/pico-sdk/src/rp2_common/hardware_uart/uart.c.obj
 .text.uart_write_lcr_bits_masked
                0x100021f8       0x22 CMakeFiles/termohigrometr.dir/C_/Program_Files/Raspberry_Pi/Pico_SDK_v1.5.1/pico-sdk/src/rp2_common/hardware_uart/uart.c.obj
 *fill*         0x1000221a        0x2 
 .text.uart_set_baudrate
                0x1000221c       0x5c CMakeFiles/termohigrometr.dir/C_/Program_Files/Raspberry_Pi/Pico_SDK_v1.5.1/pico-sdk/src/rp2_common/hardware_uart/uart.c.obj
                0x1000221c                uart_set_baudrate
 .text.uart_set_format
                0x10002278       0x2c CMakeFiles/termohigrometr.dir/C_/Program_Files/Raspberry_Pi/Pico_SDK_v1.5.1/pico-sdk/src/rp2_common/hardware_uart/uart.c.obj
                0x10002278                uart_set_format
 .text.uart_set_translate_crlf
                0x100022a4       0x28 CMakeFiles/termohigrometr.dir/C_/Program_Files/Raspberry_Pi/Pico_SDK_v1.5.1/pico-sdk/src/rp2_common/hardware_uart/uart.c.obj
                0x100022a4                uart_set_translate_crlf
 .text.uart_init
                0x100022cc       0x80 CMakeFiles/termohigrometr.dir/C_/Program_Files/Raspberry_Pi/Pico_SDK_v1.5.1/pico-sdk/src/rp2_common/hardware_uart/uart.c.obj
                0x100022cc                uart_init
 .text.clock_configure
                0x1000234c      0x108 CMakeFiles/termohigrometr.dir/C_/Program_Files/Raspberry_Pi/Pico_SDK_v1.5.1/pico-sdk/src/rp2_common/hardware_clocks/clocks.c.obj
                0x1000234c                clock_configure
 .text.clocks_init
                0x10002454      0x100 CMakeFiles/termohigrometr.dir/C_/Program_Files/Raspberry_Pi/Pico_SDK_v1.5.1/pico-sdk/src/rp2_common/hardware_clocks/clocks.c.obj
                0x10002454                clocks_init
 .text.clock_get_hz
                0x10002554        0xc CMakeFiles/termohigrometr.dir/C_/Program_Files/Raspberry_Pi/Pico_SDK_v1.5.1/pico-sdk/src/rp2_common/hardware_clocks/clocks.c.obj
                0x10002554                clock_get_hz
 .text.pll_init
                0x10002560      0x120 CMakeFiles/termohigrometr.dir/C_/Program_Files/Raspberry_Pi/Pico_SDK_v1.5.1/pico-sdk/src/rp2_common/hardware_pll/pll.c.obj
                0x10002560                pll_init
 .text.watchdog_start_tick
                0x10002680       0x10 CMakeFiles/termohigrometr.dir/C_/Program_Files/Raspberry_Pi/Pico_SDK_v1.5.1/pico-sdk/src/rp2_common/hardware_watchdog/watchdog.c.obj
                0x10002680                watchdog_start_tick
 .text.watchdog_update
                0x10002690       0x14 CMakeFiles/termohigrometr.dir/C_/Program_Files/Raspberry_Pi/Pico_SDK_v1.5.1/pico-sdk/src/rp2_common/hardware_watchdog/watchdog.c.obj
                0x10002690                watchdog_update
 .text._watchdog_enable
                0x100026a4       0x78 CMakeFiles/termohigrometr.dir/C_/Program_Files/Raspberry_Pi/Pico_SDK_v1.5.1/pico-sdk/src/rp2_common/hardware_watchdog/watchdog.c.obj
                0x100026a4                _watchdog_enable
 .text.watchdog_reboot
                0x1000271c       0x48 CMakeFiles/termohigrometr.dir/C_/Program_Files/Raspberry_Pi/Pico_SDK_v1.5.1/pico-sdk/src/rp2_common/hardware_watchdog/watchdog.c.obj
                0x1000271c                watchdog_reboot
 .text.xosc_init
                0x10002764       0x28 CMakeFiles/termohigrometr.dir/C_/Program_Files/Raspberry_Pi/Pico_SDK_v1.5.1/pico-sdk/src/rp2_common/hardware_xosc/xosc.c.obj
                0x10002764                xosc_init
 .text._exit    0x1000278c        0x4 CMakeFiles/termohigrometr.dir/C_/Program_Files/Raspberry_Pi/Pico_SDK_v1.5.1/pico-sdk/src/rp2_common/pico_runtime/runtime.c.obj
                0x1000278c                _exit
 .text.exit     0x10002790        0x6 CMakeFiles/termohigrometr.dir/C_/Program_Files/Raspberry_Pi/Pico_SDK_v1.5.1/pico-sdk/src/rp2_common/pico_runtime/runtime.c.obj
                0x10002790                exit
 *fill*         0x10002796        0x2 
 .text.__assert_func
                0x10002798       0x3c CMakeFiles/termohigrometr.dir/C_/Program_Files/Raspberry_Pi/Pico_SDK_v1.5.1/pico-sdk/src/rp2_common/pico_runtime/runtime.c.obj
                0x10002798                __assert_func
 .text.runtime_init
                0x100027d4       0xf8 CMakeFiles/termohigrometr.dir/C_/Program_Files/Raspberry_Pi/Pico_SDK_v1.5.1/pico-sdk/src/rp2_common/pico_runtime/runtime.c.obj
                0x100027d4                runtime_init
 .text.panic    0x100028cc       0x30 CMakeFiles/termohigrometr.dir/C_/Program_Files/Raspberry_Pi/Pico_SDK_v1.5.1/pico-sdk/src/rp2_common/pico_runtime/runtime.c.obj
                0x100028cc                panic
 .text._out_null
                0x100028fc        0x2 CMakeFiles/termohigrometr.dir/C_/Program_Files/Raspberry_Pi/Pico_SDK_v1.5.1/pico-sdk/src/rp2_common/pico_printf/printf.c.obj
 .text._out_fct
                0x100028fe        0xe CMakeFiles/termohigrometr.dir/C_/Program_Files/Raspberry_Pi/Pico_SDK_v1.5.1/pico-sdk/src/rp2_common/pico_printf/printf.c.obj
 .text._atoi    0x1000290c       0x24 CMakeFiles/termohigrometr.dir/C_/Program_Files/Raspberry_Pi/Pico_SDK_v1.5.1/pico-sdk/src/rp2_common/pico_printf/printf.c.obj
 .text._out_rev
                0x10002930       0xae CMakeFiles/termohigrometr.dir/C_/Program_Files/Raspberry_Pi/Pico_SDK_v1.5.1/pico-sdk/src/rp2_common/pico_printf/printf.c.obj
 .text._ntoa_format
                0x100029de      0x112 CMakeFiles/termohigrometr.dir/C_/Program_Files/Raspberry_Pi/Pico_SDK_v1.5.1/pico-sdk/src/rp2_common/pico_printf/printf.c.obj
 .text._ntoa_long
                0x10002af0       0xbc CMakeFiles/termohigrometr.dir/C_/Program_Files/Raspberry_Pi/Pico_SDK_v1.5.1/pico-sdk/src/rp2_common/pico_printf/printf.c.obj
 .text._ntoa_long_long
                0x10002bac       0xe2 CMakeFiles/termohigrometr.dir/C_/Program_Files/Raspberry_Pi/Pico_SDK_v1.5.1/pico-sdk/src/rp2_common/pico_printf/printf.c.obj
 *fill*         0x10002c8e        0x2 
 .text._etoa    0x10002c90      0x414 CMakeFiles/termohigrometr.dir/C_/Program_Files/Raspberry_Pi/Pico_SDK_v1.5.1/pico-sdk/src/rp2_common/pico_printf/printf.c.obj
 .text._ftoa    0x100030a4      0x354 CMakeFiles/termohigrometr.dir/C_/Program_Files/Raspberry_Pi/Pico_SDK_v1.5.1/pico-sdk/src/rp2_common/pico_printf/printf.c.obj
 .text._vsnprintf
                0x100033f8      0x624 CMakeFiles/termohigrometr.dir/C_/Program_Files/Raspberry_Pi/Pico_SDK_v1.5.1/pico-sdk/src/rp2_common/pico_printf/printf.c.obj
 .text.vfctprintf
                0x10003a1c       0x20 CMakeFiles/termohigrometr.dir/C_/Program_Files/Raspberry_Pi/Pico_SDK_v1.5.1/pico-sdk/src/rp2_common/pico_printf/printf.c.obj
                0x10003a1c                vfctprintf
 .text          0x10003a3c       0x10 CMakeFiles/termohigrometr.dir/C_/Program_Files/Raspberry_Pi/Pico_SDK_v1.5.1/pico-sdk/src/rp2_common/pico_bit_ops/bit_ops_aeabi.S.obj
 .text.rom_func_lookup
                0x10003a4c       0x10 CMakeFiles/termohigrometr.dir/C_/Program_Files/Raspberry_Pi/Pico_SDK_v1.5.1/pico-sdk/src/rp2_common/pico_bootrom/bootrom.c.obj
                0x10003a4c                rom_func_lookup
 .text.rom_data_lookup
                0x10003a5c       0x10 CMakeFiles/termohigrometr.dir/C_/Program_Files/Raspberry_Pi/Pico_SDK_v1.5.1/pico-sdk/src/rp2_common/pico_bootrom/bootrom.c.obj
                0x10003a5c                rom_data_lookup
 .text.rom_funcs_lookup
                0x10003a6c       0x36 CMakeFiles/termohigrometr.dir/C_/Program_Files/Raspberry_Pi/Pico_SDK_v1.5.1/pico-sdk/src/rp2_common/pico_bootrom/bootrom.c.obj
                0x10003a6c                rom_funcs_lookup
 *fill*         0x10003aa2        0x2 
 .text.__wrap___aeabi_idiv
                0x10003aa4       0x50 CMakeFiles/termohigrometr.dir/C_/Program_Files/Raspberry_Pi/Pico_SDK_v1.5.1/pico-sdk/src/rp2_common/pico_divider/divider.S.obj
                0x10003aa4                __wrap___aeabi_idivmod
                0x10003aa4                divmod_s32s32
                0x10003aa4                div_s32s32
                0x10003aa4                __wrap___aeabi_idiv
                0x10003aac                divmod_s32s32_unsafe
                0x10003ad8                divmod_s32s32_savestate
 .text.__wrap___aeabi_uidiv
                0x10003af4       0x4c CMakeFiles/termohigrometr.dir/C_/Program_Files/Raspberry_Pi/Pico_SDK_v1.5.1/pico-sdk/src/rp2_common/pico_divider/divider.S.obj
                0x10003af4                __wrap___aeabi_uidiv
                0x10003af4                __wrap___aeabi_uidivmod
                0x10003af4                div_u32u32
                0x10003af4                divmod_u32u32
                0x10003afc                divmod_u32u32_unsafe
                0x10003b24                divmod_u32u32_savestate
 .text.__wrap___aeabi_ldiv
                0x10003b40      0x424 CMakeFiles/termohigrometr.dir/C_/Program_Files/Raspberry_Pi/Pico_SDK_v1.5.1/pico-sdk/src/rp2_common/pico_divider/divider.S.obj
                0x10003b40                div_s64s64
                0x10003b40                divmod_s64s64
                0x10003b40                __wrap___aeabi_ldivmod
                0x10003b70                divmod_u64u64
                0x10003b70                div_u64u64
                0x10003b70                __wrap___aeabi_uldivmod
                0x10003b80                divmod_u64u64_savestate
                0x10003ba0                divmod_s64s64_unsafe
                0x10003c28                divmod_u64u64_unsafe
 .text.__wrap___aeabi_darithmetic
                0x10003f64       0x60 CMakeFiles/termohigrometr.dir/C_/Program_Files/Raspberry_Pi/Pico_SDK_v1.5.1/pico-sdk/src/rp2_common/pico_double/double_aeabi.S.obj
                0x10003f64                __wrap___aeabi_drsub
                0x10003f6a                __wrap___aeabi_dsub
                0x10003f74                __wrap___aeabi_dadd
                0x10003f7e                __wrap___aeabi_ddiv
                0x10003fb2                __wrap___aeabi_dmul
 .text.__wrap___aeabi_cdcmple
                0x10003fc4       0x6c CMakeFiles/termohigrometr.dir/C_/Program_Files/Raspberry_Pi/Pico_SDK_v1.5.1/pico-sdk/src/rp2_common/pico_double/double_aeabi.S.obj
                0x10003fc4                __wrap___aeabi_cdrcmple
                0x10003fd4                __wrap___aeabi_cdcmpeq
                0x10003fd4                __wrap___aeabi_cdcmple
 .text.__wrap___aeabi_dcmpeq
                0x10004030       0x10 CMakeFiles/termohigrometr.dir/C_/Program_Files/Raspberry_Pi/Pico_SDK_v1.5.1/pico-sdk/src/rp2_common/pico_double/double_aeabi.S.obj
                0x10004030                __wrap___aeabi_dcmpeq
 .text.__wrap___aeabi_dcmplt
                0x10004040        0xc CMakeFiles/termohigrometr.dir/C_/Program_Files/Raspberry_Pi/Pico_SDK_v1.5.1/pico-sdk/src/rp2_common/pico_double/double_aeabi.S.obj
                0x10004040                __wrap___aeabi_dcmplt
 .text.__wrap___aeabi_dcmple
                0x1000404c       0x10 CMakeFiles/termohigrometr.dir/C_/Program_Files/Raspberry_Pi/Pico_SDK_v1.5.1/pico-sdk/src/rp2_common/pico_double/double_aeabi.S.obj
                0x1000404c                __wrap___aeabi_dcmple
 .text.__wrap___aeabi_dcmpge
                0x1000405c       0x10 CMakeFiles/termohigrometr.dir/C_/Program_Files/Raspberry_Pi/Pico_SDK_v1.5.1/pico-sdk/src/rp2_common/pico_double/double_aeabi.S.obj
                0x1000405c                __wrap___aeabi_dcmpge
 .text.__wrap___aeabi_dcmpgt
                0x1000406c        0xa CMakeFiles/termohigrometr.dir/C_/Program_Files/Raspberry_Pi/Pico_SDK_v1.5.1/pico-sdk/src/rp2_common/pico_double/double_aeabi.S.obj
                0x1000406c                __wrap___aeabi_dcmpgt
 .text.__wrap___aeabi_dcmpun
                0x10004076       0x1c CMakeFiles/termohigrometr.dir/C_/Program_Files/Raspberry_Pi/Pico_SDK_v1.5.1/pico-sdk/src/rp2_common/pico_double/double_aeabi.S.obj
                0x10004076                __wrap___aeabi_dcmpun
 *fill*         0x10004092        0x2 
 .text.__wrap___aeabi_i2d
                0x10004094       0x38 CMakeFiles/termohigrometr.dir/C_/Program_Files/Raspberry_Pi/Pico_SDK_v1.5.1/pico-sdk/src/rp2_common/pico_double/double_aeabi.S.obj
                0x10004094                __wrap___aeabi_ui2d
                0x1000409c                __wrap___aeabi_i2d
 .text.__wrap___aeabi_d2iz
                0x100040cc       0x48 CMakeFiles/termohigrometr.dir/C_/Program_Files/Raspberry_Pi/Pico_SDK_v1.5.1/pico-sdk/src/rp2_common/pico_double/double_aeabi.S.obj
                0x100040cc                double2int_z
                0x100040cc                __wrap___aeabi_d2iz
 .text.__wrap___aeabi_d2uiz
                0x10004114       0x10 CMakeFiles/termohigrometr.dir/C_/Program_Files/Raspberry_Pi/Pico_SDK_v1.5.1/pico-sdk/src/rp2_common/pico_double/double_aeabi.S.obj
                0x10004114                __wrap___aeabi_d2uiz
                0x10004114                double2uint
 .text.__wrap___aeabi_d2f
                0x10004124       0x10 CMakeFiles/termohigrometr.dir/C_/Program_Files/Raspberry_Pi/Pico_SDK_v1.5.1/pico-sdk/src/rp2_common/pico_double/double_aeabi.S.obj
                0x10004124                __wrap___aeabi_d2f
 .text.__wrap_exp
                0x10004134       0x10 CMakeFiles/termohigrometr.dir/C_/Program_Files/Raspberry_Pi/Pico_SDK_v1.5.1/pico-sdk/src/rp2_common/pico_double/double_aeabi.S.obj
                0x10004134                __wrap_exp
 .text.__wrap_log
                0x10004144       0x10 CMakeFiles/termohigrometr.dir/C_/Program_Files/Raspberry_Pi/Pico_SDK_v1.5.1/pico-sdk/src/rp2_common/pico_double/double_aeabi.S.obj
                0x10004144                __wrap_log
 .text.missing_double_func_shim
                0x10004154        0xc CMakeFiles/termohigrometr.dir/C_/Program_Files/Raspberry_Pi/Pico_SDK_v1.5.1/pico-sdk/src/rp2_common/pico_double/double_init_rom.c.obj
 .text.__aeabi_double_init
                0x10004160       0xcc CMakeFiles/termohigrometr.dir/C_/Program_Files/Raspberry_Pi/Pico_SDK_v1.5.1/pico-sdk/src/rp2_common/pico_double/double_init_rom.c.obj
                0x10004160                __aeabi_double_init
 .text.dpow_int2
                0x1000422c       0x2c CMakeFiles/termohigrometr.dir/C_/Program_Files/Raspberry_Pi/Pico_SDK_v1.5.1/pico-sdk/src/rp2_common/pico_double/double_math.c.obj
 .text.dpow_1   0x10004258      0x2a8 CMakeFiles/termohigrometr.dir/C_/Program_Files/Raspberry_Pi/Pico_SDK_v1.5.1/pico-sdk/src/rp2_common/pico_double/double_math.c.obj
 .text.dpow_0   0x10004500      0x1a0 CMakeFiles/termohigrometr.dir/C_/Program_Files/Raspberry_Pi/Pico_SDK_v1.5.1/pico-sdk/src/rp2_common/pico_double/double_math.c.obj
 .text.__wrap_ldexp
                0x100046a0       0x50 CMakeFiles/termohigrometr.dir/C_/Program_Files/Raspberry_Pi/Pico_SDK_v1.5.1/pico-sdk/src/rp2_common/pico_double/double_math.c.obj
                0x100046a0                __wrap_ldexp
 .text.__wrap_round
                0x100046f0       0x9c CMakeFiles/termohigrometr.dir/C_/Program_Files/Raspberry_Pi/Pico_SDK_v1.5.1/pico-sdk/src/rp2_common/pico_double/double_math.c.obj
                0x100046f0                __wrap_round
 .text.__wrap_exp2
                0x1000478c       0xcc CMakeFiles/termohigrometr.dir/C_/Program_Files/Raspberry_Pi/Pico_SDK_v1.5.1/pico-sdk/src/rp2_common/pico_double/double_math.c.obj
                0x1000478c                __wrap_exp2
 .text.__wrap_pow
                0x10004858      0x37c CMakeFiles/termohigrometr.dir/C_/Program_Files/Raspberry_Pi/Pico_SDK_v1.5.1/pico-sdk/src/rp2_common/pico_double/double_math.c.obj
                0x10004858                __wrap_pow
 .text.double_table_shim_on_use_helper
                0x10004bd4       0x34 CMakeFiles/termohigrometr.dir/C_/Program_Files/Raspberry_Pi/Pico_SDK_v1.5.1/pico-sdk/src/rp2_common/pico_double/double_v1_rom_shim.S.obj
                0x10004bd4                double_table_shim_on_use_helper
 .text.__aeabi_lmul
                0x10004c08       0x32 CMakeFiles/termohigrometr.dir/C_/Program_Files/Raspberry_Pi/Pico_SDK_v1.5.1/pico-sdk/src/rp2_common/pico_int64_ops/pico_int64_ops_aeabi.S.obj
                0x10004c08                __wrap___aeabi_lmul
 *fill*         0x10004c3a        0x2 
 .text.__wrap___aeabi_farithmetic
                0x10004c3c       0x48 CMakeFiles/termohigrometr.dir/C_/Program_Files/Raspberry_Pi/Pico_SDK_v1.5.1/pico-sdk/src/rp2_common/pico_float/float_aeabi.S.obj
                0x10004c3c                __wrap___aeabi_frsub
                0x10004c42                __wrap___aeabi_fsub
                0x10004c48                __wrap___aeabi_fadd
                0x10004c4e                __wrap___aeabi_fdiv
                0x10004c76                __wrap___aeabi_fmul
 .text.__wrap___aeabi_cfcmple
                0x10004c84       0x50 CMakeFiles/termohigrometr.dir/C_/Program_Files/Raspberry_Pi/Pico_SDK_v1.5.1/pico-sdk/src/rp2_common/pico_float/float_aeabi.S.obj
                0x10004c84                __wrap___aeabi_cfrcmple
                0x10004c90                __wrap___aeabi_cfcmple
                0x10004c90                __wrap___aeabi_cfcmpeq
 .text.__wrap___aeabi_fcmplt
                0x10004cd4        0xc CMakeFiles/termohigrometr.dir/C_/Program_Files/Raspberry_Pi/Pico_SDK_v1.5.1/pico-sdk/src/rp2_common/pico_float/float_aeabi.S.obj
                0x10004cd4                __wrap___aeabi_fcmplt
 .text.__wrap___aeabi_fcmpgt
                0x10004ce0        0xa CMakeFiles/termohigrometr.dir/C_/Program_Files/Raspberry_Pi/Pico_SDK_v1.5.1/pico-sdk/src/rp2_common/pico_float/float_aeabi.S.obj
                0x10004ce0                __wrap___aeabi_fcmpgt
 *fill*         0x10004cea        0x2 
 .text.__wrap___aeabi_i2f
                0x10004cec       0x44 CMakeFiles/termohigrometr.dir/C_/Program_Files/Raspberry_Pi/Pico_SDK_v1.5.1/pico-sdk/src/rp2_common/pico_float/float_aeabi.S.obj
                0x10004cec                __wrap___aeabi_i2f
 .text.__wrap___aeabi_f2d
                0x10004d30        0xc CMakeFiles/termohigrometr.dir/C_/Program_Files/Raspberry_Pi/Pico_SDK_v1.5.1/pico-sdk/src/rp2_common/pico_float/float_aeabi.S.obj
                0x10004d30                __wrap___aeabi_f2d
 .text.missing_float_func_shim
                0x10004d3c        0xc CMakeFiles/termohigrometr.dir/C_/Program_Files/Raspberry_Pi/Pico_SDK_v1.5.1/pico-sdk/src/rp2_common/pico_float/float_init_rom.c.obj
 .text.__aeabi_float_init
                0x10004d48       0x88 CMakeFiles/termohigrometr.dir/C_/Program_Files/Raspberry_Pi/Pico_SDK_v1.5.1/pico-sdk/src/rp2_common/pico_float/float_init_rom.c.obj
                0x10004d48                __aeabi_float_init
 .text          0x10004dd0       0x10 CMakeFiles/termohigrometr.dir/C_/Program_Files/Raspberry_Pi/Pico_SDK_v1.5.1/pico-sdk/src/rp2_common/pico_mem_ops/mem_ops_aeabi.S.obj
                0x10004dd0                __aeabi_mem_init
 .text.memset   0x10004de0        0xc CMakeFiles/termohigrometr.dir/C_/Program_Files/Raspberry_Pi/Pico_SDK_v1.5.1/pico-sdk/src/rp2_common/pico_mem_ops/mem_ops_aeabi.S.obj
                0x10004de0                __wrap_memset
 .text.memcpy   0x10004dec        0xc CMakeFiles/termohigrometr.dir/C_/Program_Files/Raspberry_Pi/Pico_SDK_v1.5.1/pico-sdk/src/rp2_common/pico_mem_ops/mem_ops_aeabi.S.obj
                0x10004dec                __wrap_memcpy
                0x10004dec                __wrap___aeabi_memcpy
 .text.stdio_out_chars_no_crlf
                0x10004df8        0xe CMakeFiles/termohigrometr.dir/C_/Program_Files/Raspberry_Pi/Pico_SDK_v1.5.1/pico-sdk/src/rp2_common/pico_stdio/stdio.c.obj
 *fill*         0x10004e06        0x2 
 .text.stdio_out_chars_crlf
                0x10004e08       0x80 CMakeFiles/termohigrometr.dir/C_/Program_Files/Raspberry_Pi/Pico_SDK_v1.5.1/pico-sdk/src/rp2_common/pico_stdio/stdio.c.obj
 .text.stdio_stack_buffer_flush
                0x10004e88       0x44 CMakeFiles/termohigrometr.dir/C_/Program_Files/Raspberry_Pi/Pico_SDK_v1.5.1/pico-sdk/src/rp2_common/pico_stdio/stdio.c.obj
 .text.stdio_buffered_printer
                0x10004ecc       0x20 CMakeFiles/termohigrometr.dir/C_/Program_Files/Raspberry_Pi/Pico_SDK_v1.5.1/pico-sdk/src/rp2_common/pico_stdio/stdio.c.obj
 .text.stdout_serialize_begin
                0x10004eec       0x5c CMakeFiles/termohigrometr.dir/C_/Program_Files/Raspberry_Pi/Pico_SDK_v1.5.1/pico-sdk/src/rp2_common/pico_stdio/stdio.c.obj
                0x10004eec                stdout_serialize_begin
 .text.stdout_serialize_end
                0x10004f48       0x10 CMakeFiles/termohigrometr.dir/C_/Program_Files/Raspberry_Pi/Pico_SDK_v1.5.1/pico-sdk/src/rp2_common/pico_stdio/stdio.c.obj
                0x10004f48                stdout_serialize_end
 .text.stdio_put_string
                0x10004f58       0x98 CMakeFiles/termohigrometr.dir/C_/Program_Files/Raspberry_Pi/Pico_SDK_v1.5.1/pico-sdk/src/rp2_common/pico_stdio/stdio.c.obj
 .text.stdio_set_driver_enabled
                0x10004ff0       0x2c CMakeFiles/termohigrometr.dir/C_/Program_Files/Raspberry_Pi/Pico_SDK_v1.5.1/pico-sdk/src/rp2_common/pico_stdio/stdio.c.obj
                0x10004ff0                stdio_set_driver_enabled
 .text.stdio_flush
                0x1000501c       0x20 CMakeFiles/termohigrometr.dir/C_/Program_Files/Raspberry_Pi/Pico_SDK_v1.5.1/pico-sdk/src/rp2_common/pico_stdio/stdio.c.obj
                0x1000501c                stdio_flush
 .text.__wrap_puts
                0x1000503c       0x1e CMakeFiles/termohigrometr.dir/C_/Program_Files/Raspberry_Pi/Pico_SDK_v1.5.1/pico-sdk/src/rp2_common/pico_stdio/stdio.c.obj
                0x1000503c                __wrap_puts
 *fill*         0x1000505a        0x2 
 .text.__wrap_vprintf
                0x1000505c       0x40 CMakeFiles/termohigrometr.dir/C_/Program_Files/Raspberry_Pi/Pico_SDK_v1.5.1/pico-sdk/src/rp2_common/pico_stdio/stdio.c.obj
                0x1000505c                __wrap_vprintf
 .text.__wrap_printf
                0x1000509c       0x18 CMakeFiles/termohigrometr.dir/C_/Program_Files/Raspberry_Pi/Pico_SDK_v1.5.1/pico-sdk/src/rp2_common/pico_stdio/stdio.c.obj
                0x1000509c                __wrap_printf
 .text.stdio_init_all
                0x100050b4        0xe CMakeFiles/termohigrometr.dir/C_/Program_Files/Raspberry_Pi/Pico_SDK_v1.5.1/pico-sdk/src/rp2_common/pico_stdio/stdio.c.obj
                0x100050b4                stdio_init_all
 *fill*         0x100050c2        0x2 
 .text.stdio_uart_out_chars
                0x100050c4       0x74 CMakeFiles/termohigrometr.dir/C_/Program_Files/Raspberry_Pi/Pico_SDK_v1.5.1/pico-sdk/src/rp2_common/pico_stdio_uart/stdio_uart.c.obj
 .text.stdio_uart_in_chars
                0x10005138       0x80 CMakeFiles/termohigrometr.dir/C_/Program_Files/Raspberry_Pi/Pico_SDK_v1.5.1/pico-sdk/src/rp2_common/pico_stdio_uart/stdio_uart.c.obj
                0x10005138                stdio_uart_in_chars
 .text.on_uart_rx
                0x100051b8       0x28 CMakeFiles/termohigrometr.dir/C_/Program_Files/Raspberry_Pi/Pico_SDK_v1.5.1/pico-sdk/src/rp2_common/pico_stdio_uart/stdio_uart.c.obj
 .text.stdio_uart_set_chars_available_callback
                0x100051e0       0x8c CMakeFiles/termohigrometr.dir/C_/Program_Files/Raspberry_Pi/Pico_SDK_v1.5.1/pico-sdk/src/rp2_common/pico_stdio_uart/stdio_uart.c.obj
 .text.stdio_uart_init_full
                0x1000526c       0x44 CMakeFiles/termohigrometr.dir/C_/Program_Files/Raspberry_Pi/Pico_SDK_v1.5.1/pico-sdk/src/rp2_common/pico_stdio_uart/stdio_uart.c.obj
                0x1000526c                stdio_uart_init_full
 .text.stdio_uart_init
                0x100052b0       0x28 CMakeFiles/termohigrometr.dir/C_/Program_Files/Raspberry_Pi/Pico_SDK_v1.5.1/pico-sdk/src/rp2_common/pico_stdio_uart/stdio_uart.c.obj
                0x100052b0                stdio_uart_init
 .text.resetd_init
                0x100052d8        0x2 CMakeFiles/termohigrometr.dir/C_/Program_Files/Raspberry_Pi/Pico_SDK_v1.5.1/pico-sdk/src/rp2_common/pico_stdio_usb/reset_interface.c.obj
 *fill*         0x100052da        0x2 
 .text.resetd_reset
                0x100052dc        0xc CMakeFiles/termohigrometr.dir/C_/Program_Files/Raspberry_Pi/Pico_SDK_v1.5.1/pico-sdk/src/rp2_common/pico_stdio_usb/reset_interface.c.obj
 .text.resetd_open
                0x100052e8       0x34 CMakeFiles/termohigrometr.dir/C_/Program_Files/Raspberry_Pi/Pico_SDK_v1.5.1/pico-sdk/src/rp2_common/pico_stdio_usb/reset_interface.c.obj
 .text.resetd_xfer_cb
                0x1000531c        0x4 CMakeFiles/termohigrometr.dir/C_/Program_Files/Raspberry_Pi/Pico_SDK_v1.5.1/pico-sdk/src/rp2_common/pico_stdio_usb/reset_interface.c.obj
 .text.reset_usb_boot
                0x10005320       0x18 CMakeFiles/termohigrometr.dir/C_/Program_Files/Raspberry_Pi/Pico_SDK_v1.5.1/pico-sdk/src/rp2_common/pico_stdio_usb/reset_interface.c.obj
 .text.resetd_control_xfer_cb
                0x10005338       0x5c CMakeFiles/termohigrometr.dir/C_/Program_Files/Raspberry_Pi/Pico_SDK_v1.5.1/pico-sdk/src/rp2_common/pico_stdio_usb/reset_interface.c.obj
 .text.usbd_app_driver_get_cb
                0x10005394        0xc CMakeFiles/termohigrometr.dir/C_/Program_Files/Raspberry_Pi/Pico_SDK_v1.5.1/pico-sdk/src/rp2_common/pico_stdio_usb/reset_interface.c.obj
                0x10005394                usbd_app_driver_get_cb
 .text.tud_cdc_line_coding_cb
                0x100053a0       0x28 CMakeFiles/termohigrometr.dir/C_/Program_Files/Raspberry_Pi/Pico_SDK_v1.5.1/pico-sdk/src/rp2_common/pico_stdio_usb/reset_interface.c.obj
                0x100053a0                tud_cdc_line_coding_cb
 .text.stdio_usb_set_chars_available_callback
                0x100053c8       0x14 CMakeFiles/termohigrometr.dir/C_/Program_Files/Raspberry_Pi/Pico_SDK_v1.5.1/pico-sdk/src/rp2_common/pico_stdio_usb/stdio_usb.c.obj
                0x100053c8                stdio_usb_set_chars_available_callback
 .text.usb_irq  0x100053dc       0x10 CMakeFiles/termohigrometr.dir/C_/Program_Files/Raspberry_Pi/Pico_SDK_v1.5.1/pico-sdk/src/rp2_common/pico_stdio_usb/stdio_usb.c.obj
 .text.timer_task
                0x100053ec       0x5c CMakeFiles/termohigrometr.dir/C_/Program_Files/Raspberry_Pi/Pico_SDK_v1.5.1/pico-sdk/src/rp2_common/pico_stdio_usb/stdio_usb.c.obj
 .text.low_priority_worker_irq
                0x10005448       0xdc CMakeFiles/termohigrometr.dir/C_/Program_Files/Raspberry_Pi/Pico_SDK_v1.5.1/pico-sdk/src/rp2_common/pico_stdio_usb/stdio_usb.c.obj
 .text.tud_cdc_rx_cb
                0x10005524       0x20 CMakeFiles/termohigrometr.dir/C_/Program_Files/Raspberry_Pi/Pico_SDK_v1.5.1/pico-sdk/src/rp2_common/pico_stdio_usb/stdio_usb.c.obj
                0x10005524                tud_cdc_rx_cb
 .text.stdio_usb_init
                0x10005544      0x11c CMakeFiles/termohigrometr.dir/C_/Program_Files/Raspberry_Pi/Pico_SDK_v1.5.1/pico-sdk/src/rp2_common/pico_stdio_usb/stdio_usb.c.obj
                0x10005544                stdio_usb_init
 .text.stdio_usb_connected
                0x10005660        0xa CMakeFiles/termohigrometr.dir/C_/Program_Files/Raspberry_Pi/Pico_SDK_v1.5.1/pico-sdk/src/rp2_common/pico_stdio_usb/stdio_usb.c.obj
                0x10005660                stdio_usb_connected
 *fill*         0x1000566a        0x2 
 .text.stdio_usb_in_chars
                0x1000566c       0xc4 CMakeFiles/termohigrometr.dir/C_/Program_Files/Raspberry_Pi/Pico_SDK_v1.5.1/pico-sdk/src/rp2_common/pico_stdio_usb/stdio_usb.c.obj
                0x1000566c                stdio_usb_in_chars
 .text.stdio_usb_out_chars
                0x10005730      0x114 CMakeFiles/termohigrometr.dir/C_/Program_Files/Raspberry_Pi/Pico_SDK_v1.5.1/pico-sdk/src/rp2_common/pico_stdio_usb/stdio_usb.c.obj
 .text.tud_descriptor_device_cb
                0x10005844        0x8 CMakeFiles/termohigrometr.dir/C_/Program_Files/Raspberry_Pi/Pico_SDK_v1.5.1/pico-sdk/src/rp2_common/pico_stdio_usb/stdio_usb_descriptors.c.obj
                0x10005844                tud_descriptor_device_cb
 .text.tud_descriptor_configuration_cb
                0x1000584c        0x8 CMakeFiles/termohigrometr.dir/C_/Program_Files/Raspberry_Pi/Pico_SDK_v1.5.1/pico-sdk/src/rp2_common/pico_stdio_usb/stdio_usb_descriptors.c.obj
                0x1000584c                tud_descriptor_configuration_cb
 .text.tud_descriptor_string_cb
                0x10005854       0x6c CMakeFiles/termohigrometr.dir/C_/Program_Files/Raspberry_Pi/Pico_SDK_v1.5.1/pico-sdk/src/rp2_common/pico_stdio_usb/stdio_usb_descriptors.c.obj
                0x10005854                tud_descriptor_string_cb
 .text._retrieve_unique_id_on_boot
                0x100058c0       0x10 CMakeFiles/termohigrometr.dir/C_/Program_Files/Raspberry_Pi/Pico_SDK_v1.5.1/pico-sdk/src/rp2_common/pico_unique_id/unique_id.c.obj
 .text.pico_get_unique_board_id_string
                0x100058d0       0x60 CMakeFiles/termohigrometr.dir/C_/Program_Files/Raspberry_Pi/Pico_SDK_v1.5.1/pico-sdk/src/rp2_common/pico_unique_id/unique_id.c.obj
                0x100058d0                pico_get_unique_board_id_string
 .text.flash_get_unique_id
                0x10005930       0x46 CMakeFiles/termohigrometr.dir/C_/Program_Files/Raspberry_Pi/Pico_SDK_v1.5.1/pico-sdk/src/rp2_common/hardware_flash/flash.c.obj
                0x10005930                flash_get_unique_id
 *fill*         0x10005976        0x2 
 .text.hw_endpoint_get_by_addr
                0x10005978       0x18 CMakeFiles/termohigrometr.dir/C_/Program_Files/Raspberry_Pi/Pico_SDK_v1.5.1/pico-sdk/lib/tinyusb/src/portable/raspberrypi/rp2040/dcd_rp2040.c.obj
 .text._hw_endpoint_alloc
                0x10005990       0x70 CMakeFiles/termohigrometr.dir/C_/Program_Files/Raspberry_Pi/Pico_SDK_v1.5.1/pico-sdk/lib/tinyusb/src/portable/raspberrypi/rp2040/dcd_rp2040.c.obj
 .text.hw_endpoint_init
                0x10005a00       0x88 CMakeFiles/termohigrometr.dir/C_/Program_Files/Raspberry_Pi/Pico_SDK_v1.5.1/pico-sdk/lib/tinyusb/src/portable/raspberrypi/rp2040/dcd_rp2040.c.obj
 .text.hw_endpoint_xfer
                0x10005a88       0x14 CMakeFiles/termohigrometr.dir/C_/Program_Files/Raspberry_Pi/Pico_SDK_v1.5.1/pico-sdk/lib/tinyusb/src/portable/raspberrypi/rp2040/dcd_rp2040.c.obj
 .text.dcd_int_enable
                0x10005a9c       0x2c CMakeFiles/termohigrometr.dir/C_/Program_Files/Raspberry_Pi/Pico_SDK_v1.5.1/pico-sdk/lib/tinyusb/src/portable/raspberrypi/rp2040/dcd_rp2040.c.obj
                0x10005a9c                dcd_int_enable
 .text.dcd_set_address
                0x10005ac8       0x2c CMakeFiles/termohigrometr.dir/C_/Program_Files/Raspberry_Pi/Pico_SDK_v1.5.1/pico-sdk/lib/tinyusb/src/portable/raspberrypi/rp2040/dcd_rp2040.c.obj
                0x10005ac8                dcd_set_address
 .text.dcd_connect
                0x10005af4       0x10 CMakeFiles/termohigrometr.dir/C_/Program_Files/Raspberry_Pi/Pico_SDK_v1.5.1/pico-sdk/lib/tinyusb/src/portable/raspberrypi/rp2040/dcd_rp2040.c.obj
                0x10005af4                dcd_connect
 .text.dcd_init
                0x10005b04       0x80 CMakeFiles/termohigrometr.dir/C_/Program_Files/Raspberry_Pi/Pico_SDK_v1.5.1/pico-sdk/lib/tinyusb/src/portable/raspberrypi/rp2040/dcd_rp2040.c.obj
                0x10005b04                dcd_init
 .text.dcd_edpt0_status_complete
                0x10005b84       0x1c CMakeFiles/termohigrometr.dir/C_/Program_Files/Raspberry_Pi/Pico_SDK_v1.5.1/pico-sdk/lib/tinyusb/src/portable/raspberrypi/rp2040/dcd_rp2040.c.obj
                0x10005b84                dcd_edpt0_status_complete
 .text.dcd_edpt_open
                0x10005ba0       0x40 CMakeFiles/termohigrometr.dir/C_/Program_Files/Raspberry_Pi/Pico_SDK_v1.5.1/pico-sdk/lib/tinyusb/src/portable/raspberrypi/rp2040/dcd_rp2040.c.obj
                0x10005ba0                dcd_edpt_open
 .text.dcd_edpt_close_all
                0x10005be0        0x8 CMakeFiles/termohigrometr.dir/C_/Program_Files/Raspberry_Pi/Pico_SDK_v1.5.1/pico-sdk/lib/tinyusb/src/portable/raspberrypi/rp2040/dcd_rp2040.c.obj
                0x10005be0                dcd_edpt_close_all
 .text.dcd_edpt_xfer
                0x10005be8       0x34 CMakeFiles/termohigrometr.dir/C_/Program_Files/Raspberry_Pi/Pico_SDK_v1.5.1/pico-sdk/lib/tinyusb/src/portable/raspberrypi/rp2040/dcd_rp2040.c.obj
                0x10005be8                dcd_edpt_xfer
 .text.dcd_edpt_stall
                0x10005c1c       0x2c CMakeFiles/termohigrometr.dir/C_/Program_Files/Raspberry_Pi/Pico_SDK_v1.5.1/pico-sdk/lib/tinyusb/src/portable/raspberrypi/rp2040/dcd_rp2040.c.obj
                0x10005c1c                dcd_edpt_stall
 .text.dcd_edpt_clear_stall
                0x10005c48       0x20 CMakeFiles/termohigrometr.dir/C_/Program_Files/Raspberry_Pi/Pico_SDK_v1.5.1/pico-sdk/lib/tinyusb/src/portable/raspberrypi/rp2040/dcd_rp2040.c.obj
                0x10005c48                dcd_edpt_clear_stall
 .text.rp2040_usb_init
                0x10005c68       0x4c CMakeFiles/termohigrometr.dir/C_/Program_Files/Raspberry_Pi/Pico_SDK_v1.5.1/pico-sdk/lib/tinyusb/src/portable/raspberrypi/rp2040/rp2040_usb.c.obj
                0x10005c68                rp2040_usb_init
 .text.hw_endpoint_xfer_start
                0x10005cb4       0x50 CMakeFiles/termohigrometr.dir/C_/Program_Files/Raspberry_Pi/Pico_SDK_v1.5.1/pico-sdk/lib/tinyusb/src/portable/raspberrypi/rp2040/rp2040_usb.c.obj
                0x10005cb4                hw_endpoint_xfer_start
 .text.configuration_reset
                0x10005d04       0x84 CMakeFiles/termohigrometr.dir/C_/Program_Files/Raspberry_Pi/Pico_SDK_v1.5.1/pico-sdk/lib/tinyusb/src/device/usbd.c.obj
 .text.usbd_reset
                0x10005d88        0xc CMakeFiles/termohigrometr.dir/C_/Program_Files/Raspberry_Pi/Pico_SDK_v1.5.1/pico-sdk/lib/tinyusb/src/device/usbd.c.obj
 .text.invoke_class_control
                0x10005d94       0x1a CMakeFiles/termohigrometr.dir/C_/Program_Files/Raspberry_Pi/Pico_SDK_v1.5.1/pico-sdk/lib/tinyusb/src/device/usbd.c.obj
 *fill*         0x10005dae        0x2 
 .text.process_set_config
                0x10005db0      0x178 CMakeFiles/termohigrometr.dir/C_/Program_Files/Raspberry_Pi/Pico_SDK_v1.5.1/pico-sdk/lib/tinyusb/src/device/usbd.c.obj
 .text.process_get_descriptor
                0x10005f28       0xdc CMakeFiles/termohigrometr.dir/C_/Program_Files/Raspberry_Pi/Pico_SDK_v1.5.1/pico-sdk/lib/tinyusb/src/device/usbd.c.obj
 .text.tud_mounted
                0x10006004       0x10 CMakeFiles/termohigrometr.dir/C_/Program_Files/Raspberry_Pi/Pico_SDK_v1.5.1/pico-sdk/lib/tinyusb/src/device/usbd.c.obj
                0x10006004                tud_mounted
 .text.tud_suspended
                0x10006014       0x10 CMakeFiles/termohigrometr.dir/C_/Program_Files/Raspberry_Pi/Pico_SDK_v1.5.1/pico-sdk/lib/tinyusb/src/device/usbd.c.obj
                0x10006014                tud_suspended
 .text.tud_inited
                0x10006024       0x14 CMakeFiles/termohigrometr.dir/C_/Program_Files/Raspberry_Pi/Pico_SDK_v1.5.1/pico-sdk/lib/tinyusb/src/device/usbd.c.obj
                0x10006024                tud_inited
 .text.tud_init
                0x10006038       0xcc CMakeFiles/termohigrometr.dir/C_/Program_Files/Raspberry_Pi/Pico_SDK_v1.5.1/pico-sdk/lib/tinyusb/src/device/usbd.c.obj
                0x10006038                tud_init
 .text.usbd_defer_func
                0x10006104       0x2a CMakeFiles/termohigrometr.dir/C_/Program_Files/Raspberry_Pi/Pico_SDK_v1.5.1/pico-sdk/lib/tinyusb/src/device/usbd.c.obj
                0x10006104                usbd_defer_func
 *fill*         0x1000612e        0x2 
 .text.usbd_edpt_open
                0x10006130       0x34 CMakeFiles/termohigrometr.dir/C_/Program_Files/Raspberry_Pi/Pico_SDK_v1.5.1/pico-sdk/lib/tinyusb/src/device/usbd.c.obj
                0x10006130                usbd_edpt_open
 .text.usbd_open_edpt_pair
                0x10006164       0x62 CMakeFiles/termohigrometr.dir/C_/Program_Files/Raspberry_Pi/Pico_SDK_v1.5.1/pico-sdk/lib/tinyusb/src/device/usbd.c.obj
                0x10006164                usbd_open_edpt_pair
 *fill*         0x100061c6        0x2 
 .text.usbd_edpt_claim
                0x100061c8       0x28 CMakeFiles/termohigrometr.dir/C_/Program_Files/Raspberry_Pi/Pico_SDK_v1.5.1/pico-sdk/lib/tinyusb/src/device/usbd.c.obj
                0x100061c8                usbd_edpt_claim
 .text.usbd_edpt_release
                0x100061f0       0x28 CMakeFiles/termohigrometr.dir/C_/Program_Files/Raspberry_Pi/Pico_SDK_v1.5.1/pico-sdk/lib/tinyusb/src/device/usbd.c.obj
                0x100061f0                usbd_edpt_release
 .text.usbd_edpt_xfer
                0x10006218       0x78 CMakeFiles/termohigrometr.dir/C_/Program_Files/Raspberry_Pi/Pico_SDK_v1.5.1/pico-sdk/lib/tinyusb/src/device/usbd.c.obj
                0x10006218                usbd_edpt_xfer
 .text.usbd_edpt_stall
                0x10006290       0x48 CMakeFiles/termohigrometr.dir/C_/Program_Files/Raspberry_Pi/Pico_SDK_v1.5.1/pico-sdk/lib/tinyusb/src/device/usbd.c.obj
                0x10006290                usbd_edpt_stall
 .text.usbd_edpt_clear_stall
                0x100062d8       0x48 CMakeFiles/termohigrometr.dir/C_/Program_Files/Raspberry_Pi/Pico_SDK_v1.5.1/pico-sdk/lib/tinyusb/src/device/usbd.c.obj
                0x100062d8                usbd_edpt_clear_stall
 .text.usbd_edpt_stalled
                0x10006320       0x1c CMakeFiles/termohigrometr.dir/C_/Program_Files/Raspberry_Pi/Pico_SDK_v1.5.1/pico-sdk/lib/tinyusb/src/device/usbd.c.obj
                0x10006320                usbd_edpt_stalled
 .text.process_control_request
                0x1000633c      0x37c CMakeFiles/termohigrometr.dir/C_/Program_Files/Raspberry_Pi/Pico_SDK_v1.5.1/pico-sdk/lib/tinyusb/src/device/usbd.c.obj
 .text.tud_task_ext
                0x100066b8      0x1b8 CMakeFiles/termohigrometr.dir/C_/Program_Files/Raspberry_Pi/Pico_SDK_v1.5.1/pico-sdk/lib/tinyusb/src/device/usbd.c.obj
                0x100066b8                tud_task_ext
 .text._data_stage_xact
                0x10006870       0x58 CMakeFiles/termohigrometr.dir/C_/Program_Files/Raspberry_Pi/Pico_SDK_v1.5.1/pico-sdk/lib/tinyusb/src/device/usbd_control.c.obj
 .text.tud_control_status
                0x100068c8       0x38 CMakeFiles/termohigrometr.dir/C_/Program_Files/Raspberry_Pi/Pico_SDK_v1.5.1/pico-sdk/lib/tinyusb/src/device/usbd_control.c.obj
                0x100068c8                tud_control_status
 .text.tud_control_xfer
                0x10006900       0x74 CMakeFiles/termohigrometr.dir/C_/Program_Files/Raspberry_Pi/Pico_SDK_v1.5.1/pico-sdk/lib/tinyusb/src/device/usbd_control.c.obj
                0x10006900                tud_control_xfer
 .text.usbd_control_reset
                0x10006974       0x14 CMakeFiles/termohigrometr.dir/C_/Program_Files/Raspberry_Pi/Pico_SDK_v1.5.1/pico-sdk/lib/tinyusb/src/device/usbd_control.c.obj
                0x10006974                usbd_control_reset
 .text.usbd_control_set_complete_callback
                0x10006988        0xc CMakeFiles/termohigrometr.dir/C_/Program_Files/Raspberry_Pi/Pico_SDK_v1.5.1/pico-sdk/lib/tinyusb/src/device/usbd_control.c.obj
                0x10006988                usbd_control_set_complete_callback
 .text.usbd_control_set_request
                0x10006994       0x1c CMakeFiles/termohigrometr.dir/C_/Program_Files/Raspberry_Pi/Pico_SDK_v1.5.1/pico-sdk/lib/tinyusb/src/device/usbd_control.c.obj
                0x10006994                usbd_control_set_request
 .text.usbd_control_xfer_cb
                0x100069b0       0xcc CMakeFiles/termohigrometr.dir/C_/Program_Files/Raspberry_Pi/Pico_SDK_v1.5.1/pico-sdk/lib/tinyusb/src/device/usbd_control.c.obj
                0x100069b0                usbd_control_xfer_cb
 .text._prep_out_transaction
                0x10006a7c       0x4a CMakeFiles/termohigrometr.dir/C_/Program_Files/Raspberry_Pi/Pico_SDK_v1.5.1/pico-sdk/lib/tinyusb/src/class/cdc/cdc_device.c.obj
 *fill*         0x10006ac6        0x2 
 .text.tud_cdc_n_connected
                0x10006ac8       0x44 CMakeFiles/termohigrometr.dir/C_/Program_Files/Raspberry_Pi/Pico_SDK_v1.5.1/pico-sdk/lib/tinyusb/src/class/cdc/cdc_device.c.obj
                0x10006ac8                tud_cdc_n_connected
 .text.tud_cdc_n_available
                0x10006b0c       0x18 CMakeFiles/termohigrometr.dir/C_/Program_Files/Raspberry_Pi/Pico_SDK_v1.5.1/pico-sdk/lib/tinyusb/src/class/cdc/cdc_device.c.obj
                0x10006b0c                tud_cdc_n_available
 .text.tud_cdc_n_read
                0x10006b24       0x28 CMakeFiles/termohigrometr.dir/C_/Program_Files/Raspberry_Pi/Pico_SDK_v1.5.1/pico-sdk/lib/tinyusb/src/class/cdc/cdc_device.c.obj
                0x10006b24                tud_cdc_n_read
 .text.tud_cdc_n_write_flush
                0x10006b4c       0xb8 CMakeFiles/termohigrometr.dir/C_/Program_Files/Raspberry_Pi/Pico_SDK_v1.5.1/pico-sdk/lib/tinyusb/src/class/cdc/cdc_device.c.obj
                0x10006b4c                tud_cdc_n_write_flush
 .text.tud_cdc_n_write
                0x10006c04       0x38 CMakeFiles/termohigrometr.dir/C_/Program_Files/Raspberry_Pi/Pico_SDK_v1.5.1/pico-sdk/lib/tinyusb/src/class/cdc/cdc_device.c.obj
                0x10006c04                tud_cdc_n_write
 .text.tud_cdc_n_write_available
                0x10006c3c       0x1c CMakeFiles/termohigrometr.dir/C_/Program_Files/Raspberry_Pi/Pico_SDK_v1.5.1/pico-sdk/lib/tinyusb/src/class/cdc/cdc_device.c.obj
                0x10006c3c                tud_cdc_n_write_available
 .text.cdcd_init
                0x10006c58       0xbc CMakeFiles/termohigrometr.dir/C_/Program_Files/Raspberry_Pi/Pico_SDK_v1.5.1/pico-sdk/lib/tinyusb/src/class/cdc/cdc_device.c.obj
                0x10006c58                cdcd_init
 .text.cdcd_reset
                0x10006d14       0x44 CMakeFiles/termohigrometr.dir/C_/Program_Files/Raspberry_Pi/Pico_SDK_v1.5.1/pico-sdk/lib/tinyusb/src/class/cdc/cdc_device.c.obj
                0x10006d14                cdcd_reset
 .text.cdcd_open
                0x10006d58       0xcc CMakeFiles/termohigrometr.dir/C_/Program_Files/Raspberry_Pi/Pico_SDK_v1.5.1/pico-sdk/lib/tinyusb/src/class/cdc/cdc_device.c.obj
                0x10006d58                cdcd_open
 .text.cdcd_control_xfer_cb
                0x10006e24      0x134 CMakeFiles/termohigrometr.dir/C_/Program_Files/Raspberry_Pi/Pico_SDK_v1.5.1/pico-sdk/lib/tinyusb/src/class/cdc/cdc_device.c.obj
                0x10006e24                cdcd_control_xfer_cb
 .text.cdcd_xfer_cb
                0x10006f58      0x130 CMakeFiles/termohigrometr.dir/C_/Program_Files/Raspberry_Pi/Pico_SDK_v1.5.1/pico-sdk/lib/tinyusb/src/class/cdc/cdc_device.c.obj
                0x10006f58                cdcd_xfer_cb
 .text.tusb_init
                0x10007088        0xa CMakeFiles/termohigrometr.dir/C_/Program_Files/Raspberry_Pi/Pico_SDK_v1.5.1/pico-sdk/lib/tinyusb/src/tusb.c.obj
                0x10007088                tusb_init
 .text.tusb_inited
                0x10007092        0xe CMakeFiles/termohigrometr.dir/C_/Program_Files/Raspberry_Pi/Pico_SDK_v1.5.1/pico-sdk/lib/tinyusb/src/tusb.c.obj
                0x10007092                tusb_inited
 .text.tu_edpt_claim
                0x100070a0       0x50 CMakeFiles/termohigrometr.dir/C_/Program_Files/Raspberry_Pi/Pico_SDK_v1.5.1/pico-sdk/lib/tinyusb/src/tusb.c.obj
                0x100070a0                tu_edpt_claim
 .text.tu_edpt_release
                0x100070f0       0x3c CMakeFiles/termohigrometr.dir/C_/Program_Files/Raspberry_Pi/Pico_SDK_v1.5.1/pico-sdk/lib/tinyusb/src/tusb.c.obj
                0x100070f0                tu_edpt_release
 .text.tu_edpt_validate
                0x1000712c       0x78 CMakeFiles/termohigrometr.dir/C_/Program_Files/Raspberry_Pi/Pico_SDK_v1.5.1/pico-sdk/lib/tinyusb/src/tusb.c.obj
                0x1000712c                tu_edpt_validate
 .text.tu_edpt_bind_driver
                0x100071a4       0x26 CMakeFiles/termohigrometr.dir/C_/Program_Files/Raspberry_Pi/Pico_SDK_v1.5.1/pico-sdk/lib/tinyusb/src/tusb.c.obj
                0x100071a4                tu_edpt_bind_driver
 .text.advance_index
                0x100071ca       0x1a CMakeFiles/termohigrometr.dir/C_/Program_Files/Raspberry_Pi/Pico_SDK_v1.5.1/pico-sdk/lib/tinyusb/src/common/tusb_fifo.c.obj
 .text._tu_fifo_peek
                0x100071e4       0x56 CMakeFiles/termohigrometr.dir/C_/Program_Files/Raspberry_Pi/Pico_SDK_v1.5.1/pico-sdk/lib/tinyusb/src/common/tusb_fifo.c.obj
 .text._ff_pull_const_addr
                0x1000723a       0x4c CMakeFiles/termohigrometr.dir/C_/Program_Files/Raspberry_Pi/Pico_SDK_v1.5.1/pico-sdk/lib/tinyusb/src/common/tusb_fifo.c.obj
 .text._ff_pull_n
                0x10007286      0x110 CMakeFiles/termohigrometr.dir/C_/Program_Files/Raspberry_Pi/Pico_SDK_v1.5.1/pico-sdk/lib/tinyusb/src/common/tusb_fifo.c.obj
 .text._tu_fifo_peek_n
                0x10007396       0x6a CMakeFiles/termohigrometr.dir/C_/Program_Files/Raspberry_Pi/Pico_SDK_v1.5.1/pico-sdk/lib/tinyusb/src/common/tusb_fifo.c.obj
 .text._tu_fifo_read_n
                0x10007400       0x4e CMakeFiles/termohigrometr.dir/C_/Program_Files/Raspberry_Pi/Pico_SDK_v1.5.1/pico-sdk/lib/tinyusb/src/common/tusb_fifo.c.obj
 .text._ff_push_const_addr
                0x1000744e       0x40 CMakeFiles/termohigrometr.dir/C_/Program_Files/Raspberry_Pi/Pico_SDK_v1.5.1/pico-sdk/lib/tinyusb/src/common/tusb_fifo.c.obj
 .text._ff_push_n
                0x1000748e      0x10c CMakeFiles/termohigrometr.dir/C_/Program_Files/Raspberry_Pi/Pico_SDK_v1.5.1/pico-sdk/lib/tinyusb/src/common/tusb_fifo.c.obj
 .text._tu_fifo_write_n
                0x1000759a       0xf0 CMakeFiles/termohigrometr.dir/C_/Program_Files/Raspberry_Pi/Pico_SDK_v1.5.1/pico-sdk/lib/tinyusb/src/common/tusb_fifo.c.obj
 .text.tu_fifo_config
                0x1000768a       0x7c CMakeFiles/termohigrometr.dir/C_/Program_Files/Raspberry_Pi/Pico_SDK_v1.5.1/pico-sdk/lib/tinyusb/src/common/tusb_fifo.c.obj
                0x1000768a                tu_fifo_config
 .text.tu_fifo_count
                0x10007706       0x2a CMakeFiles/termohigrometr.dir/C_/Program_Files/Raspberry_Pi/Pico_SDK_v1.5.1/pico-sdk/lib/tinyusb/src/common/tusb_fifo.c.obj
                0x10007706                tu_fifo_count
 .text.tu_fifo_empty
                0x10007730       0x10 CMakeFiles/termohigrometr.dir/C_/Program_Files/Raspberry_Pi/Pico_SDK_v1.5.1/pico-sdk/lib/tinyusb/src/common/tusb_fifo.c.obj
                0x10007730                tu_fifo_empty
 .text.tu_fifo_full
                0x10007740       0x28 CMakeFiles/termohigrometr.dir/C_/Program_Files/Raspberry_Pi/Pico_SDK_v1.5.1/pico-sdk/lib/tinyusb/src/common/tusb_fifo.c.obj
                0x10007740                tu_fifo_full
 .text.tu_fifo_remaining
                0x10007768       0x2c CMakeFiles/termohigrometr.dir/C_/Program_Files/Raspberry_Pi/Pico_SDK_v1.5.1/pico-sdk/lib/tinyusb/src/common/tusb_fifo.c.obj
                0x10007768                tu_fifo_remaining
 .text.tu_fifo_read
                0x10007794       0x42 CMakeFiles/termohigrometr.dir/C_/Program_Files/Raspberry_Pi/Pico_SDK_v1.5.1/pico-sdk/lib/tinyusb/src/common/tusb_fifo.c.obj
                0x10007794                tu_fifo_read
 .text.tu_fifo_read_n
                0x100077d6        0xa CMakeFiles/termohigrometr.dir/C_/Program_Files/Raspberry_Pi/Pico_SDK_v1.5.1/pico-sdk/lib/tinyusb/src/common/tusb_fifo.c.obj
                0x100077d6                tu_fifo_read_n
 .text.tu_fifo_write
                0x100077e0       0x64 CMakeFiles/termohigrometr.dir/C_/Program_Files/Raspberry_Pi/Pico_SDK_v1.5.1/pico-sdk/lib/tinyusb/src/common/tusb_fifo.c.obj
                0x100077e0                tu_fifo_write
 .text.tu_fifo_write_n
                0x10007844        0xa CMakeFiles/termohigrometr.dir/C_/Program_Files/Raspberry_Pi/Pico_SDK_v1.5.1/pico-sdk/lib/tinyusb/src/common/tusb_fifo.c.obj
                0x10007844                tu_fifo_write_n
 .text.tu_fifo_clear
                0x1000784e       0x3e CMakeFiles/termohigrometr.dir/C_/Program_Files/Raspberry_Pi/Pico_SDK_v1.5.1/pico-sdk/lib/tinyusb/src/common/tusb_fifo.c.obj
                0x1000784e                tu_fifo_clear
 .text.tu_fifo_set_overwritable
                0x1000788c       0x46 CMakeFiles/termohigrometr.dir/C_/Program_Files/Raspberry_Pi/Pico_SDK_v1.5.1/pico-sdk/lib/tinyusb/src/common/tusb_fifo.c.obj
                0x1000788c                tu_fifo_set_overwritable
 .text.i2c_write_blocking_internal
                0x100078d2      0x140 CMakeFiles/termohigrometr.dir/C_/Program_Files/Raspberry_Pi/Pico_SDK_v1.5.1/pico-sdk/src/rp2_common/hardware_i2c/i2c.c.obj
 .text.i2c_read_blocking_internal
                0x10007a12       0xe6 CMakeFiles/termohigrometr.dir/C_/Program_Files/Raspberry_Pi/Pico_SDK_v1.5.1/pico-sdk/src/rp2_common/hardware_i2c/i2c.c.obj
 .text.i2c_set_baudrate
                0x10007af8       0xf0 CMakeFiles/termohigrometr.dir/C_/Program_Files/Raspberry_Pi/Pico_SDK_v1.5.1/pico-sdk/src/rp2_common/hardware_i2c/i2c.c.obj
                0x10007af8                i2c_set_baudrate
 .text.i2c_init
                0x10007be8       0x58 CMakeFiles/termohigrometr.dir/C_/Program_Files/Raspberry_Pi/Pico_SDK_v1.5.1/pico-sdk/src/rp2_common/hardware_i2c/i2c.c.obj
                0x10007be8                i2c_init
 .text.i2c_write_blocking
                0x10007c40       0x18 CMakeFiles/termohigrometr.dir/C_/Program_Files/Raspberry_Pi/Pico_SDK_v1.5.1/pico-sdk/src/rp2_common/hardware_i2c/i2c.c.obj
                0x10007c40                i2c_write_blocking
 .text.i2c_read_blocking
                0x10007c58       0x18 CMakeFiles/termohigrometr.dir/C_/Program_Files/Raspberry_Pi/Pico_SDK_v1.5.1/pico-sdk/src/rp2_common/hardware_i2c/i2c.c.obj
                0x10007c58                i2c_read_blocking
 .text.strlen   0x10007c70       0x5c c:/progra~1/raspbe~1/picosd~1.1/gcc-ar~1/bin/../lib/gcc/arm-none-eabi/10.3.1/../../../../arm-none-eabi/lib/thumb/v6-m/nofp\libg.a(lib_a-strlen-stub.o)
                0x10007c70                strlen
 *(.fini)
 .fini          0x10007ccc        0x4 c:/progra~1/raspbe~1/picosd~1.1/gcc-ar~1/bin/../lib/gcc/arm-none-eabi/10.3.1/thumb/v6-m/nofp/crti.o
                0x10007ccc                _fini
 .fini.__stub   0x10007cd0       0xe0 linker stubs
 *crtbegin.o(.ctors)
 *crtbegin?.o(.ctors)
 *(EXCLUDE_FILE(*crtend.o *crtend?.o) .ctors)
 *(SORT_BY_NAME(.ctors.*))
 *(.ctors)
 *crtbegin.o(.dtors)
 *crtbegin?.o(.dtors)
 *(EXCLUDE_FILE(*crtend.o *crtend?.o) .dtors)
 *(SORT_BY_NAME(.dtors.*))
 *(.dtors)
 *(.eh_frame*)
 .eh_frame      0x10007db0        0x0 c:/progra~1/raspbe~1/picosd~1.1/gcc-ar~1/bin/../lib/gcc/arm-none-eabi/10.3.1/thumb/v6-m/nofp/crtbegin.o
                0x10007db0                . = ALIGN (0x4)

.glue_7         0x10007db0        0x0
 .glue_7        0x10007db0        0x0 linker stubs

.glue_7t        0x10007db0        0x0
 .glue_7t       0x10007db0        0x0 linker stubs

.vfp11_veneer   0x10007db0        0x0
 .vfp11_veneer  0x10007db0        0x0 linker stubs

.v4_bx          0x10007db0        0x0
 .v4_bx         0x10007db0        0x0 linker stubs

.iplt           0x10007db0        0x0
 .iplt          0x10007db0        0x0 c:/progra~1/raspbe~1/picosd~1.1/gcc-ar~1/bin/../lib/gcc/arm-none-eabi/10.3.1/thumb/v6-m/nofp/crtbegin.o

.rodata         0x10007db0     0x1884
 *(EXCLUDE_FILE(*libm.a: *libc.a:*lib_a-mem*.o *libgcc.a:) .rodata*)
 .rodata.main.str1.4
                0x10007db0       0x52 CMakeFiles/termohigrometr.dir/main.c.obj
                                 0x5e (size before relaxing)
 *fill*         0x10007e02        0x2 
 .rodata.__bi_51.6
                0x10007e04        0x8 CMakeFiles/termohigrometr.dir/main.c.obj
 .rodata.spin_lock_claim_unused.str1.4
                0x10007e0c       0x1b CMakeFiles/termohigrometr.dir/C_/Program_Files/Raspberry_Pi/Pico_SDK_v1.5.1/pico-sdk/src/rp2_common/hardware_sync/sync.c.obj
 *fill*         0x10007e27        0x1 
 .rodata.make_branch.str1.4
                0x10007e28       0x89 CMakeFiles/termohigrometr.dir/C_/Program_Files/Raspberry_Pi/Pico_SDK_v1.5.1/pico-sdk/src/rp2_common/hardware_irq/irq.c.obj
 *fill*         0x10007eb1        0x3 
 .rodata.insert_branch_and_link.str1.4
                0x10007eb4       0x10 CMakeFiles/termohigrometr.dir/C_/Program_Files/Raspberry_Pi/Pico_SDK_v1.5.1/pico-sdk/src/rp2_common/hardware_irq/irq.c.obj
 .rodata.irq_set_exclusive_handler.str1.4
                0x10007ec4       0x36 CMakeFiles/termohigrometr.dir/C_/Program_Files/Raspberry_Pi/Pico_SDK_v1.5.1/pico-sdk/src/rp2_common/hardware_irq/irq.c.obj
 *fill*         0x10007efa        0x2 
 .rodata.irq_add_shared_handler.str1.4
                0x10007efc       0xd9 CMakeFiles/termohigrometr.dir/C_/Program_Files/Raspberry_Pi/Pico_SDK_v1.5.1/pico-sdk/src/rp2_common/hardware_irq/irq.c.obj
 *fill*         0x10007fd5        0x3 
 .rodata.irq_remove_handler.str1.4
                0x10007fd8       0x3a CMakeFiles/termohigrometr.dir/C_/Program_Files/Raspberry_Pi/Pico_SDK_v1.5.1/pico-sdk/src/rp2_common/hardware_irq/irq.c.obj
 *fill*         0x10008012        0x2 
 .rodata.irq_add_tail_to_free_list.str1.4
                0x10008014       0x3a CMakeFiles/termohigrometr.dir/C_/Program_Files/Raspberry_Pi/Pico_SDK_v1.5.1/pico-sdk/src/rp2_common/hardware_irq/irq.c.obj
 *fill*         0x1000804e        0x2 
 .rodata.user_irq_claim_unused.str1.4
                0x10008050       0x1b CMakeFiles/termohigrometr.dir/C_/Program_Files/Raspberry_Pi/Pico_SDK_v1.5.1/pico-sdk/src/rp2_common/hardware_irq/irq.c.obj
 *fill*         0x1000806b        0x1 
 .rodata.__func__.0
                0x1000806c       0x1a CMakeFiles/termohigrometr.dir/C_/Program_Files/Raspberry_Pi/Pico_SDK_v1.5.1/pico-sdk/src/rp2_common/hardware_irq/irq.c.obj
 *fill*         0x10008086        0x2 
 .rodata.__func__.1
                0x10008088       0x17 CMakeFiles/termohigrometr.dir/C_/Program_Files/Raspberry_Pi/Pico_SDK_v1.5.1/pico-sdk/src/rp2_common/hardware_irq/irq.c.obj
 *fill*         0x1000809f        0x1 
 .rodata.__func__.2
                0x100080a0       0x13 CMakeFiles/termohigrometr.dir/C_/Program_Files/Raspberry_Pi/Pico_SDK_v1.5.1/pico-sdk/src/rp2_common/hardware_irq/irq.c.obj
 *fill*         0x100080b3        0x1 
 .rodata.__func__.3
                0x100080b4        0xc CMakeFiles/termohigrometr.dir/C_/Program_Files/Raspberry_Pi/Pico_SDK_v1.5.1/pico-sdk/src/rp2_common/hardware_irq/irq.c.obj
 .rodata.__func__.4
                0x100080c0        0xf CMakeFiles/termohigrometr.dir/C_/Program_Files/Raspberry_Pi/Pico_SDK_v1.5.1/pico-sdk/src/rp2_common/hardware_irq/irq.c.obj
 *fill*         0x100080cf        0x1 
 .rodata.__func__.5
                0x100080d0       0x17 CMakeFiles/termohigrometr.dir/C_/Program_Files/Raspberry_Pi/Pico_SDK_v1.5.1/pico-sdk/src/rp2_common/hardware_irq/irq.c.obj
 *fill*         0x100080e7        0x1 
 .rodata.__func__.6
                0x100080e8       0x1a CMakeFiles/termohigrometr.dir/C_/Program_Files/Raspberry_Pi/Pico_SDK_v1.5.1/pico-sdk/src/rp2_common/hardware_irq/irq.c.obj
 *fill*         0x10008102        0x2 
 .rodata.str1.4
                0x10008104      0x125 CMakeFiles/termohigrometr.dir/C_/Program_Files/Raspberry_Pi/Pico_SDK_v1.5.1/pico-sdk/src/common/pico_sync/mutex.c.obj
 *fill*         0x10008229        0x3 
 .rodata.__func__.1
                0x1000822c        0xb CMakeFiles/termohigrometr.dir/C_/Program_Files/Raspberry_Pi/Pico_SDK_v1.5.1/pico-sdk/src/common/pico_sync/mutex.c.obj
 *fill*         0x10008237        0x1 
 .rodata.__func__.3
                0x10008238       0x18 CMakeFiles/termohigrometr.dir/C_/Program_Files/Raspberry_Pi/Pico_SDK_v1.5.1/pico-sdk/src/common/pico_sync/mutex.c.obj
 .rodata.__func__.4
                0x10008250       0x15 CMakeFiles/termohigrometr.dir/C_/Program_Files/Raspberry_Pi/Pico_SDK_v1.5.1/pico-sdk/src/common/pico_sync/mutex.c.obj
 *fill*         0x10008265        0x3 
 .rodata.repeating_timer_callback.str1.4
                0x10008268       0x67 CMakeFiles/termohigrometr.dir/C_/Program_Files/Raspberry_Pi/Pico_SDK_v1.5.1/pico-sdk/src/common/pico_time/time.c.obj
 *fill*         0x100082cf        0x1 
 .rodata.timer_pool_entry_comparator.str1.4
                0x100082d0       0x22 CMakeFiles/termohigrometr.dir/C_/Program_Files/Raspberry_Pi/Pico_SDK_v1.5.1/pico-sdk/src/common/pico_time/time.c.obj
 *fill*         0x100082f2        0x2 
 .rodata.ph_add_child_node.str1.4
                0x100082f4       0xb2 CMakeFiles/termohigrometr.dir/C_/Program_Files/Raspberry_Pi/Pico_SDK_v1.5.1/pico-sdk/src/common/pico_time/time.c.obj
 *fill*         0x100083a6        0x2 
 .rodata.add_alarm_under_lock.str1.4
                0x100083a8       0x28 CMakeFiles/termohigrometr.dir/C_/Program_Files/Raspberry_Pi/Pico_SDK_v1.5.1/pico-sdk/src/common/pico_time/time.c.obj
                                 0x2b (size before relaxing)
 .rodata.alarm_pool_alarm_callback.str1.4
                0x100083d0       0x98 CMakeFiles/termohigrometr.dir/C_/Program_Files/Raspberry_Pi/Pico_SDK_v1.5.1/pico-sdk/src/common/pico_time/time.c.obj
                                0x118 (size before relaxing)
 .rodata.alarm_pool_get_default.str1.4
                0x10008468       0x21 CMakeFiles/termohigrometr.dir/C_/Program_Files/Raspberry_Pi/Pico_SDK_v1.5.1/pico-sdk/src/common/pico_time/time.c.obj
 *fill*         0x10008489        0x3 
 .rodata.alarm_pool_cancel_alarm.str1.4
                0x1000848c       0x27 CMakeFiles/termohigrometr.dir/C_/Program_Files/Raspberry_Pi/Pico_SDK_v1.5.1/pico-sdk/src/common/pico_time/time.c.obj
 *fill*         0x100084b3        0x1 
 .rodata.sleep_until.str1.4
                0x100084b4       0x4d CMakeFiles/termohigrometr.dir/C_/Program_Files/Raspberry_Pi/Pico_SDK_v1.5.1/pico-sdk/src/common/pico_time/time.c.obj
 *fill*         0x10008501        0x3 
 .rodata.__func__.1
                0x10008504       0x18 CMakeFiles/termohigrometr.dir/C_/Program_Files/Raspberry_Pi/Pico_SDK_v1.5.1/pico-sdk/src/common/pico_time/time.c.obj
 .rodata.__func__.10
                0x1000851c       0x15 CMakeFiles/termohigrometr.dir/C_/Program_Files/Raspberry_Pi/Pico_SDK_v1.5.1/pico-sdk/src/common/pico_time/time.c.obj
 *fill*         0x10008531        0x3 
 .rodata.__func__.11
                0x10008534       0x1a CMakeFiles/termohigrometr.dir/C_/Program_Files/Raspberry_Pi/Pico_SDK_v1.5.1/pico-sdk/src/common/pico_time/time.c.obj
 *fill*         0x1000854e        0x2 
 .rodata.__func__.12
                0x10008550        0xa CMakeFiles/termohigrometr.dir/C_/Program_Files/Raspberry_Pi/Pico_SDK_v1.5.1/pico-sdk/src/common/pico_time/time.c.obj
 *fill*         0x1000855a        0x2 
 .rodata.__func__.3
                0x1000855c       0x17 CMakeFiles/termohigrometr.dir/C_/Program_Files/Raspberry_Pi/Pico_SDK_v1.5.1/pico-sdk/src/common/pico_time/time.c.obj
 *fill*         0x10008573        0x1 
 .rodata.__func__.4
                0x10008574       0x12 CMakeFiles/termohigrometr.dir/C_/Program_Files/Raspberry_Pi/Pico_SDK_v1.5.1/pico-sdk/src/common/pico_time/time.c.obj
 *fill*         0x10008586        0x2 
 .rodata.__func__.5
                0x10008588        0xd CMakeFiles/termohigrometr.dir/C_/Program_Files/Raspberry_Pi/Pico_SDK_v1.5.1/pico-sdk/src/common/pico_time/time.c.obj
 *fill*         0x10008595        0x3 
 .rodata.__func__.6
                0x10008598       0x12 CMakeFiles/termohigrometr.dir/C_/Program_Files/Raspberry_Pi/Pico_SDK_v1.5.1/pico-sdk/src/common/pico_time/time.c.obj
 *fill*         0x100085aa        0x2 
 .rodata.__func__.7
                0x100085ac        0xf CMakeFiles/termohigrometr.dir/C_/Program_Files/Raspberry_Pi/Pico_SDK_v1.5.1/pico-sdk/src/common/pico_time/time.c.obj
 *fill*         0x100085bb        0x1 
 .rodata.__func__.8
                0x100085bc        0xc CMakeFiles/termohigrometr.dir/C_/Program_Files/Raspberry_Pi/Pico_SDK_v1.5.1/pico-sdk/src/common/pico_time/time.c.obj
 .rodata.__func__.9
                0x100085c8       0x15 CMakeFiles/termohigrometr.dir/C_/Program_Files/Raspberry_Pi/Pico_SDK_v1.5.1/pico-sdk/src/common/pico_time/time.c.obj
 *fill*         0x100085dd        0x3 
 .rodata.hardware_alarm_claim.str1.4
                0x100085e0       0x22 CMakeFiles/termohigrometr.dir/C_/Program_Files/Raspberry_Pi/Pico_SDK_v1.5.1/pico-sdk/src/rp2_common/hardware_timer/timer.c.obj
 .rodata.busy_wait_us.str1.4
                0x10008602       0x7d CMakeFiles/termohigrometr.dir/C_/Program_Files/Raspberry_Pi/Pico_SDK_v1.5.1/pico-sdk/src/rp2_common/hardware_timer/timer.c.obj
 *fill*         0x10008602        0x2 
 .rodata.hardware_alarm_set_target.str1.4
                0x10008604       0x81 CMakeFiles/termohigrometr.dir/C_/Program_Files/Raspberry_Pi/Pico_SDK_v1.5.1/pico-sdk/src/rp2_common/hardware_timer/timer.c.obj
 *fill*         0x10008685        0x3 
 .rodata.__func__.0
                0x10008688       0x1a CMakeFiles/termohigrometr.dir/C_/Program_Files/Raspberry_Pi/Pico_SDK_v1.5.1/pico-sdk/src/rp2_common/hardware_timer/timer.c.obj
 *fill*         0x100086a2        0x2 
 .rodata.__func__.1
                0x100086a4       0x15 CMakeFiles/termohigrometr.dir/C_/Program_Files/Raspberry_Pi/Pico_SDK_v1.5.1/pico-sdk/src/rp2_common/hardware_timer/timer.c.obj
 .rodata.ph_add_child_node.str1.4
                0x100086b9       0xb2 CMakeFiles/termohigrometr.dir/C_/Program_Files/Raspberry_Pi/Pico_SDK_v1.5.1/pico-sdk/src/common/pico_util/pheap.c.obj
 *fill*         0x100086b9        0x3 
 .rodata.ph_remove_any_head.str1.4
                0x100086bc       0xa8 CMakeFiles/termohigrometr.dir/C_/Program_Files/Raspberry_Pi/Pico_SDK_v1.5.1/pico-sdk/src/common/pico_util/pheap.c.obj
                                 0xbc (size before relaxing)
 .rodata.ph_remove_and_free_node.str1.4
                0x10008764       0x1e CMakeFiles/termohigrometr.dir/C_/Program_Files/Raspberry_Pi/Pico_SDK_v1.5.1/pico-sdk/src/common/pico_util/pheap.c.obj
                                 0x26 (size before relaxing)
 *fill*         0x10008782        0x2 
 .rodata.__func__.0
                0x10008784       0x18 CMakeFiles/termohigrometr.dir/C_/Program_Files/Raspberry_Pi/Pico_SDK_v1.5.1/pico-sdk/src/common/pico_util/pheap.c.obj
 .rodata.__func__.1
                0x1000879c       0x13 CMakeFiles/termohigrometr.dir/C_/Program_Files/Raspberry_Pi/Pico_SDK_v1.5.1/pico-sdk/src/common/pico_util/pheap.c.obj
 *fill*         0x100087af        0x1 
 .rodata.__func__.2
                0x100087b0       0x12 CMakeFiles/termohigrometr.dir/C_/Program_Files/Raspberry_Pi/Pico_SDK_v1.5.1/pico-sdk/src/common/pico_util/pheap.c.obj
 *fill*         0x100087c2        0x2 
 .rodata.__func__.3
                0x100087c4        0xc CMakeFiles/termohigrometr.dir/C_/Program_Files/Raspberry_Pi/Pico_SDK_v1.5.1/pico-sdk/src/common/pico_util/pheap.c.obj
 .rodata.clock_configure.str1.4
                0x100087d0       0x73 CMakeFiles/termohigrometr.dir/C_/Program_Files/Raspberry_Pi/Pico_SDK_v1.5.1/pico-sdk/src/rp2_common/hardware_clocks/clocks.c.obj
 *fill*         0x10008843        0x1 
 .rodata.__func__.1
                0x10008844       0x10 CMakeFiles/termohigrometr.dir/C_/Program_Files/Raspberry_Pi/Pico_SDK_v1.5.1/pico-sdk/src/rp2_common/hardware_clocks/clocks.c.obj
 .rodata.pll_init.str1.4
                0x10008854      0x140 CMakeFiles/termohigrometr.dir/C_/Program_Files/Raspberry_Pi/Pico_SDK_v1.5.1/pico-sdk/src/rp2_common/hardware_pll/pll.c.obj
 .rodata.__func__.0
                0x10008994        0x9 CMakeFiles/termohigrometr.dir/C_/Program_Files/Raspberry_Pi/Pico_SDK_v1.5.1/pico-sdk/src/rp2_common/hardware_pll/pll.c.obj
 *fill*         0x1000899d        0x3 
 .rodata.__assert_func.str1.4
                0x100089a0       0x3f CMakeFiles/termohigrometr.dir/C_/Program_Files/Raspberry_Pi/Pico_SDK_v1.5.1/pico-sdk/src/rp2_common/pico_runtime/runtime.c.obj
                                 0x43 (size before relaxing)
 *fill*         0x100089df        0x1 
 .rodata.runtime_init.str1.4
                0x100089e0       0x7d CMakeFiles/termohigrometr.dir/C_/Program_Files/Raspberry_Pi/Pico_SDK_v1.5.1/pico-sdk/src/rp2_common/pico_runtime/runtime.c.obj
 *fill*         0x10008a5d        0x3 
 .rodata.panic.str1.4
                0x10008a60       0x10 CMakeFiles/termohigrometr.dir/C_/Program_Files/Raspberry_Pi/Pico_SDK_v1.5.1/pico-sdk/src/rp2_common/pico_runtime/runtime.c.obj
                                 0x12 (size before relaxing)
 .rodata.__func__.2
                0x10008a70        0xd CMakeFiles/termohigrometr.dir/C_/Program_Files/Raspberry_Pi/Pico_SDK_v1.5.1/pico-sdk/src/rp2_common/pico_runtime/runtime.c.obj
 *fill*         0x10008a7d        0x3 
 .rodata._ftoa.str1.4
                0x10008a80       0x15 CMakeFiles/termohigrometr.dir/C_/Program_Files/Raspberry_Pi/Pico_SDK_v1.5.1/pico-sdk/src/rp2_common/pico_printf/printf.c.obj
 *fill*         0x10008a95        0x3 
 .rodata._vsnprintf
                0x10008a98      0x1e0 CMakeFiles/termohigrometr.dir/C_/Program_Files/Raspberry_Pi/Pico_SDK_v1.5.1/pico-sdk/src/rp2_common/pico_printf/printf.c.obj
 .rodata.pow10.0
                0x10008c78       0x50 CMakeFiles/termohigrometr.dir/C_/Program_Files/Raspberry_Pi/Pico_SDK_v1.5.1/pico-sdk/src/rp2_common/pico_printf/printf.c.obj
 .rodata.missing_double_func_shim.str1.4
                0x10008cc8       0x18 CMakeFiles/termohigrometr.dir/C_/Program_Files/Raspberry_Pi/Pico_SDK_v1.5.1/pico-sdk/src/rp2_common/pico_double/double_init_rom.c.obj
 .rodata.__aeabi_double_init.str1.4
                0x10008ce0       0xb8 CMakeFiles/termohigrometr.dir/C_/Program_Files/Raspberry_Pi/Pico_SDK_v1.5.1/pico-sdk/src/rp2_common/pico_double/double_init_rom.c.obj
 .rodata.__func__.0
                0x10008d98       0x14 CMakeFiles/termohigrometr.dir/C_/Program_Files/Raspberry_Pi/Pico_SDK_v1.5.1/pico-sdk/src/rp2_common/pico_double/double_init_rom.c.obj
 .rodata.missing_float_func_shim.str1.4
                0x10008dac        0x1 CMakeFiles/termohigrometr.dir/C_/Program_Files/Raspberry_Pi/Pico_SDK_v1.5.1/pico-sdk/src/rp2_common/pico_float/float_init_rom.c.obj
 .rodata.__aeabi_float_init.str1.4
                0x10008dac       0x96 CMakeFiles/termohigrometr.dir/C_/Program_Files/Raspberry_Pi/Pico_SDK_v1.5.1/pico-sdk/src/rp2_common/pico_float/float_init_rom.c.obj
 *fill*         0x10008e42        0x2 
 .rodata.__func__.0
                0x10008e44       0x13 CMakeFiles/termohigrometr.dir/C_/Program_Files/Raspberry_Pi/Pico_SDK_v1.5.1/pico-sdk/src/rp2_common/pico_float/float_init_rom.c.obj
 *fill*         0x10008e57        0x1 
 .rodata.str1.4
                0x10008e58       0x44 CMakeFiles/termohigrometr.dir/C_/Program_Files/Raspberry_Pi/Pico_SDK_v1.5.1/pico-sdk/src/rp2_common/pico_standard_link/binary_info.c.obj
 .rodata.__bi_44
                0x10008e9c        0xc CMakeFiles/termohigrometr.dir/C_/Program_Files/Raspberry_Pi/Pico_SDK_v1.5.1/pico-sdk/src/rp2_common/pico_standard_link/binary_info.c.obj
 .rodata.__bi_75
                0x10008ea8        0xc CMakeFiles/termohigrometr.dir/C_/Program_Files/Raspberry_Pi/Pico_SDK_v1.5.1/pico-sdk/src/rp2_common/pico_standard_link/binary_info.c.obj
 .rodata.__bi_81
                0x10008eb4        0xc CMakeFiles/termohigrometr.dir/C_/Program_Files/Raspberry_Pi/Pico_SDK_v1.5.1/pico-sdk/src/rp2_common/pico_standard_link/binary_info.c.obj
 .rodata.stdout_serialize_begin.str1.4
                0x10008ec0       0x7d CMakeFiles/termohigrometr.dir/C_/Program_Files/Raspberry_Pi/Pico_SDK_v1.5.1/pico-sdk/src/rp2_common/pico_stdio/stdio.c.obj
 .rodata.__func__.3
                0x10008ec0       0x15 CMakeFiles/termohigrometr.dir/C_/Program_Files/Raspberry_Pi/Pico_SDK_v1.5.1/pico-sdk/src/rp2_common/pico_stdio/stdio.c.obj
 *fill*         0x10008ed5        0x3 
 .rodata.crlf_str.2
                0x10008ed8        0x2 CMakeFiles/termohigrometr.dir/C_/Program_Files/Raspberry_Pi/Pico_SDK_v1.5.1/pico-sdk/src/rp2_common/pico_stdio/stdio.c.obj
 *fill*         0x10008eda        0x2 
 .rodata.str1.4
                0x10008edc       0x2c CMakeFiles/termohigrometr.dir/C_/Program_Files/Raspberry_Pi/Pico_SDK_v1.5.1/pico-sdk/src/rp2_common/pico_stdio_uart/stdio_uart.c.obj
 .rodata.__bi_33.4
                0x10008f08        0xc CMakeFiles/termohigrometr.dir/C_/Program_Files/Raspberry_Pi/Pico_SDK_v1.5.1/pico-sdk/src/rp2_common/pico_stdio_uart/stdio_uart.c.obj
 .rodata.__bi_34.5
                0x10008f14        0x8 CMakeFiles/termohigrometr.dir/C_/Program_Files/Raspberry_Pi/Pico_SDK_v1.5.1/pico-sdk/src/rp2_common/pico_stdio_uart/stdio_uart.c.obj
 .rodata._resetd_driver
                0x10008f1c       0x18 CMakeFiles/termohigrometr.dir/C_/Program_Files/Raspberry_Pi/Pico_SDK_v1.5.1/pico-sdk/src/rp2_common/pico_stdio_usb/reset_interface.c.obj
 .rodata.low_priority_worker_irq.str1.4
                0x10008f34       0x7d CMakeFiles/termohigrometr.dir/C_/Program_Files/Raspberry_Pi/Pico_SDK_v1.5.1/pico-sdk/src/rp2_common/pico_stdio_usb/stdio_usb.c.obj
 .rodata.stdio_usb_init.str1.4
                0x10008f34       0x61 CMakeFiles/termohigrometr.dir/C_/Program_Files/Raspberry_Pi/Pico_SDK_v1.5.1/pico-sdk/src/rp2_common/pico_stdio_usb/stdio_usb.c.obj
                                 0x69 (size before relaxing)
 *fill*         0x10008f95        0x3 
 .rodata.str1.4
                0x10008f98       0x13 CMakeFiles/termohigrometr.dir/C_/Program_Files/Raspberry_Pi/Pico_SDK_v1.5.1/pico-sdk/src/rp2_common/pico_stdio_usb/stdio_usb.c.obj
 *fill*         0x10008fab        0x1 
 .rodata.__bi_182.0
                0x10008fac        0xc CMakeFiles/termohigrometr.dir/C_/Program_Files/Raspberry_Pi/Pico_SDK_v1.5.1/pico-sdk/src/rp2_common/pico_stdio_usb/stdio_usb.c.obj
 .rodata.__func__.1
                0x10008fb8        0xf CMakeFiles/termohigrometr.dir/C_/Program_Files/Raspberry_Pi/Pico_SDK_v1.5.1/pico-sdk/src/rp2_common/pico_stdio_usb/stdio_usb.c.obj
 *fill*         0x10008fc7        0x1 
 .rodata.__func__.3
                0x10008fc8       0x15 CMakeFiles/termohigrometr.dir/C_/Program_Files/Raspberry_Pi/Pico_SDK_v1.5.1/pico-sdk/src/rp2_common/pico_stdio_usb/stdio_usb.c.obj
 *fill*         0x10008fdd        0x3 
 .rodata.str1.4
                0x10008fe0       0x2a CMakeFiles/termohigrometr.dir/C_/Program_Files/Raspberry_Pi/Pico_SDK_v1.5.1/pico-sdk/src/rp2_common/pico_stdio_usb/stdio_usb_descriptors.c.obj
 *fill*         0x1000900a        0x2 
 .rodata.usbd_desc_cfg
                0x1000900c       0x54 CMakeFiles/termohigrometr.dir/C_/Program_Files/Raspberry_Pi/Pico_SDK_v1.5.1/pico-sdk/src/rp2_common/pico_stdio_usb/stdio_usb_descriptors.c.obj
 .rodata.usbd_desc_device
                0x10009060       0x12 CMakeFiles/termohigrometr.dir/C_/Program_Files/Raspberry_Pi/Pico_SDK_v1.5.1/pico-sdk/src/rp2_common/pico_stdio_usb/stdio_usb_descriptors.c.obj
 *fill*         0x10009072        0x2 
 .rodata.usbd_desc_str
                0x10009074       0x18 CMakeFiles/termohigrometr.dir/C_/Program_Files/Raspberry_Pi/Pico_SDK_v1.5.1/pico-sdk/src/rp2_common/pico_stdio_usb/stdio_usb_descriptors.c.obj
 .rodata.pico_get_unique_board_id_string.str1.4
                0x1000908c       0x69 CMakeFiles/termohigrometr.dir/C_/Program_Files/Raspberry_Pi/Pico_SDK_v1.5.1/pico-sdk/src/rp2_common/pico_unique_id/unique_id.c.obj
 *fill*         0x100090f5        0x3 
 .rodata.__func__.0
                0x100090f8       0x20 CMakeFiles/termohigrometr.dir/C_/Program_Files/Raspberry_Pi/Pico_SDK_v1.5.1/pico-sdk/src/rp2_common/pico_unique_id/unique_id.c.obj
 .rodata.str1.4
                0x10009118      0x176 CMakeFiles/termohigrometr.dir/C_/Program_Files/Raspberry_Pi/Pico_SDK_v1.5.1/pico-sdk/src/rp2_common/hardware_flash/flash.c.obj
 *fill*         0x1000928e        0x2 
 .rodata.__func__.0
                0x10009290        0xd CMakeFiles/termohigrometr.dir/C_/Program_Files/Raspberry_Pi/Pico_SDK_v1.5.1/pico-sdk/src/rp2_common/hardware_flash/flash.c.obj
 *fill*         0x1000929d        0x3 
 .rodata._hw_endpoint_alloc.str1.4
                0x100092a0       0xd1 CMakeFiles/termohigrometr.dir/C_/Program_Files/Raspberry_Pi/Pico_SDK_v1.5.1/pico-sdk/lib/tinyusb/src/portable/raspberrypi/rp2040/dcd_rp2040.c.obj
 *fill*         0x10009371        0x3 
 .rodata.str1.4
                0x10009374       0x14 CMakeFiles/termohigrometr.dir/C_/Program_Files/Raspberry_Pi/Pico_SDK_v1.5.1/pico-sdk/lib/tinyusb/src/portable/raspberrypi/rp2040/dcd_rp2040.c.obj
 .rodata.dcd_int_enable.str1.4
                0x10009388        0xc CMakeFiles/termohigrometr.dir/C_/Program_Files/Raspberry_Pi/Pico_SDK_v1.5.1/pico-sdk/lib/tinyusb/src/portable/raspberrypi/rp2040/dcd_rp2040.c.obj
 .rodata.__func__.0
                0x10009394        0xe CMakeFiles/termohigrometr.dir/C_/Program_Files/Raspberry_Pi/Pico_SDK_v1.5.1/pico-sdk/lib/tinyusb/src/portable/raspberrypi/rp2040/dcd_rp2040.c.obj
 *fill*         0x100093a2        0x2 
 .rodata.__func__.1
                0x100093a4        0xe CMakeFiles/termohigrometr.dir/C_/Program_Files/Raspberry_Pi/Pico_SDK_v1.5.1/pico-sdk/lib/tinyusb/src/portable/raspberrypi/rp2040/dcd_rp2040.c.obj
 *fill*         0x100093b2        0x2 
 .rodata.__func__.3
                0x100093b4       0x10 CMakeFiles/termohigrometr.dir/C_/Program_Files/Raspberry_Pi/Pico_SDK_v1.5.1/pico-sdk/lib/tinyusb/src/portable/raspberrypi/rp2040/dcd_rp2040.c.obj
 .rodata.__func__.5
                0x100093c4        0xf CMakeFiles/termohigrometr.dir/C_/Program_Files/Raspberry_Pi/Pico_SDK_v1.5.1/pico-sdk/lib/tinyusb/src/portable/raspberrypi/rp2040/dcd_rp2040.c.obj
 *fill*         0x100093d3        0x1 
 .rodata.__func__.6
                0x100093d4       0x13 CMakeFiles/termohigrometr.dir/C_/Program_Files/Raspberry_Pi/Pico_SDK_v1.5.1/pico-sdk/lib/tinyusb/src/portable/raspberrypi/rp2040/dcd_rp2040.c.obj
 *fill*         0x100093e7        0x1 
 .rodata.__func__.7
                0x100093e8        0x9 CMakeFiles/termohigrometr.dir/C_/Program_Files/Raspberry_Pi/Pico_SDK_v1.5.1/pico-sdk/lib/tinyusb/src/portable/raspberrypi/rp2040/dcd_rp2040.c.obj
 *fill*         0x100093f1        0x3 
 .rodata.str1.4
                0x100093f4       0xf9 CMakeFiles/termohigrometr.dir/C_/Program_Files/Raspberry_Pi/Pico_SDK_v1.5.1/pico-sdk/lib/tinyusb/src/portable/raspberrypi/rp2040/rp2040_usb.c.obj
                                0x103 (size before relaxing)
 *fill*         0x100094ed        0x3 
 .rodata.__func__.0
                0x100094f0        0xf CMakeFiles/termohigrometr.dir/C_/Program_Files/Raspberry_Pi/Pico_SDK_v1.5.1/pico-sdk/lib/tinyusb/src/portable/raspberrypi/rp2040/rp2040_usb.c.obj
 *fill*         0x100094ff        0x1 
 .rodata.process_get_descriptor