Archive member included to satisfy reference by file (symbol)

c:/progra~1/raspbe~1/picosd~1.1/gcc-ar~1/bin/../lib/gcc/arm-none-eabi/10.3.1/thumb/v6-m/nofp\libgcc.a(_dvmd_tls.o)
                              CMakeFiles/termohigrometr.dir/C_/Program_Files/Raspberry_Pi/Pico_SDK_v1.5.1/pico-sdk/src/rp2_common/pico_divider/divider.S.obj (__aeabi_idiv0)
c:/progra~1/raspbe~1/picosd~1.1/gcc-ar~1/bin/../lib/gcc/arm-none-eabi/10.3.1/../../../../arm-none-eabi/lib/thumb/v6-m/nofp\libg.a(lib_a-atoi.o)
                              CMakeFiles/termohigrometr.dir/C_/Program_Files/Raspberry_Pi/Pico_SDK_v1.5.1/pico-sdk/lib/lwip/src/core/netif.c.obj (atoi)
c:/progra~1/raspbe~1/picosd~1.1/gcc-ar~1/bin/../lib/gcc/arm-none-eabi/10.3.1/../../../../arm-none-eabi/lib/thumb/v6-m/nofp\libg.a(lib_a-calloc.o)
                              CMakeFiles/termohigrometr.dir/C_/Program_Files/Raspberry_Pi/Pico_SDK_v1.5.1/pico-sdk/src/rp2_common/pico_malloc/pico_malloc.c.obj (calloc)
c:/progra~1/raspbe~1/picosd~1.1/gcc-ar~1/bin/../lib/gcc/arm-none-eabi/10.3.1/../../../../arm-none-eabi/lib/thumb/v6-m/nofp\libg.a(lib_a-callocr.o)
                              c:/progra~1/raspbe~1/picosd~1.1/gcc-ar~1/bin/../lib/gcc/arm-none-eabi/10.3.1/../../../../arm-none-eabi/lib/thumb/v6-m/nofp\libg.a(lib_a-calloc.o) (_calloc_r)
c:/progra~1/raspbe~1/picosd~1.1/gcc-ar~1/bin/../lib/gcc/arm-none-eabi/10.3.1/../../../../arm-none-eabi/lib/thumb/v6-m/nofp\libg.a(lib_a-clock.o)
                              CMakeFiles/termohigrometr.dir/main.c.obj (clock)
c:/progra~1/raspbe~1/picosd~1.1/gcc-ar~1/bin/../lib/gcc/arm-none-eabi/10.3.1/../../../../arm-none-eabi/lib/thumb/v6-m/nofp\libg.a(lib_a-ctype_.o)
                              CMakeFiles/termohigrometr.dir/main.c.obj (_ctype_)
c:/progra~1/raspbe~1/picosd~1.1/gcc-ar~1/bin/../lib/gcc/arm-none-eabi/10.3.1/../../../../arm-none-eabi/lib/thumb/v6-m/nofp\libg.a(lib_a-errno.o)
                              c:/progra~1/raspbe~1/picosd~1.1/gcc-ar~1/bin/../lib/gcc/arm-none-eabi/10.3.1/../../../../arm-none-eabi/lib/thumb/v6-m/nofp\libg.a(lib_a-callocr.o) (__errno)
c:/progra~1/raspbe~1/picosd~1.1/gcc-ar~1/bin/../lib/gcc/arm-none-eabi/10.3.1/../../../../arm-none-eabi/lib/thumb/v6-m/nofp\libg.a(lib_a-impure.o)
                              c:/progra~1/raspbe~1/picosd~1.1/gcc-ar~1/bin/../lib/gcc/arm-none-eabi/10.3.1/../../../../arm-none-eabi/lib/thumb/v6-m/nofp\libg.a(lib_a-calloc.o) (_impure_ptr)
c:/progra~1/raspbe~1/picosd~1.1/gcc-ar~1/bin/../lib/gcc/arm-none-eabi/10.3.1/../../../../arm-none-eabi/lib/thumb/v6-m/nofp\libg.a(lib_a-init.o)
                              c:/progra~1/raspbe~1/picosd~1.1/gcc-ar~1/bin/../lib/gcc/arm-none-eabi/10.3.1/../../../../arm-none-eabi/lib/thumb/v6-m/nofp/crt0.o (__libc_init_array)
c:/progra~1/raspbe~1/picosd~1.1/gcc-ar~1/bin/../lib/gcc/arm-none-eabi/10.3.1/../../../../arm-none-eabi/lib/thumb/v6-m/nofp\libg.a(lib_a-malloc.o)
                              CMakeFiles/termohigrometr.dir/C_/Program_Files/Raspberry_Pi/Pico_SDK_v1.5.1/pico-sdk/src/rp2_common/pico_malloc/pico_malloc.c.obj (malloc)
c:/progra~1/raspbe~1/picosd~1.1/gcc-ar~1/bin/../lib/gcc/arm-none-eabi/10.3.1/../../../../arm-none-eabi/lib/thumb/v6-m/nofp\libg.a(lib_a-mallocr.o)
                              c:/progra~1/raspbe~1/picosd~1.1/gcc-ar~1/bin/../lib/gcc/arm-none-eabi/10.3.1/../../../../arm-none-eabi/lib/thumb/v6-m/nofp\libg.a(lib_a-callocr.o) (_malloc_r)
c:/progra~1/raspbe~1/picosd~1.1/gcc-ar~1/bin/../lib/gcc/arm-none-eabi/10.3.1/../../../../arm-none-eabi/lib/thumb/v6-m/nofp\libg.a(lib_a-memcmp.o)
                              CMakeFiles/termohigrometr.dir/C_/Program_Files/Raspberry_Pi/Pico_SDK_v1.5.1/pico-sdk/lib/lwip/src/netif/ethernet.c.obj (memcmp)
c:/progra~1/raspbe~1/picosd~1.1/gcc-ar~1/bin/../lib/gcc/arm-none-eabi/10.3.1/../../../../arm-none-eabi/lib/thumb/v6-m/nofp\libg.a(lib_a-memmove.o)
                              CMakeFiles/termohigrometr.dir/C_/Program_Files/Raspberry_Pi/Pico_SDK_v1.5.1/pico-sdk/lib/lwip/src/core/def.c.obj (memmove)
c:/progra~1/raspbe~1/picosd~1.1/gcc-ar~1/bin/../lib/gcc/arm-none-eabi/10.3.1/../../../../arm-none-eabi/lib/thumb/v6-m/nofp\libg.a(lib_a-mlock.o)
                              c:/progra~1/raspbe~1/picosd~1.1/gcc-ar~1/bin/../lib/gcc/arm-none-eabi/10.3.1/../../../../arm-none-eabi/lib/thumb/v6-m/nofp\libg.a(lib_a-mallocr.o) (__malloc_lock)
c:/progra~1/raspbe~1/picosd~1.1/gcc-ar~1/bin/../lib/gcc/arm-none-eabi/10.3.1/../../../../arm-none-eabi/lib/thumb/v6-m/nofp\libg.a(lib_a-rand.o)
                              CMakeFiles/termohigrometr.dir/main.c.obj (srand)
c:/progra~1/raspbe~1/picosd~1.1/gcc-ar~1/bin/../lib/gcc/arm-none-eabi/10.3.1/../../../../arm-none-eabi/lib/thumb/v6-m/nofp\libg.a(lib_a-realloc.o)
                              CMakeFiles/termohigrometr.dir/C_/Program_Files/Raspberry_Pi/Pico_SDK_v1.5.1/pico-sdk/src/rp2_common/pico_malloc/pico_malloc.c.obj (realloc)
[...]
Memory Configuration

Name             Origin             Length             Attributes
FLASH            0x10000000         0x00200000         xr
RAM              0x20000000         0x00040000         xrw
SCRATCH_X        0x20040000         0x00001000         xrw
SCRATCH_Y        0x20041000         0x00001000         xrw
*default*        0x00000000         0xffffffff

Linker script and memory map

LOAD c:/progra~1/raspbe~1/picosd~1.1/gcc-ar~1/bin/../lib/gcc/arm-none-eabi/10.3.1/thumb/v6-m/nofp/crti.o
LOAD c:/progra~1/raspbe~1/picosd~1.1/gcc-ar~1/bin/../lib/gcc/arm-none-eabi/10.3.1/thumb/v6-m/nofp/crtbegin.o
LOAD c:/progra~1/raspbe~1/picosd~1.1/gcc-ar~1/bin/../lib/gcc/arm-none-eabi/10.3.1/../../../../arm-none-eabi/lib/thumb/v6-m/nofp/crt0.o

.flash_begin    0x10000000        0x0
                0x10000000                __flash_binary_start = .

.boot2          0x10000000      0x100
                0x10000000                __boot2_start__ = .
 *(.boot2)
 .boot2         0x10000000      0x100 C:\Users\wionz\AppData\Local\Temp\ccEnryxN.o
                0x10000100                __boot2_end__ = .
                0x00000001                ASSERT (((__boot2_end__ - __boot2_start__) == 0x100), ERROR: Pico second stage bootloader must be 256 bytes in size)

.text           0x10000100    0x18d18
                0x10000100                __logical_binary_start = .
 *(.vectors)
 .vectors       0x10000100       0xd4 CMakeFiles/termohigrometr.dir/C_/Program_Files/Raspberry_Pi/Pico_SDK_v1.5.1/pico-sdk/src/rp2_common/pico_standard_link/crt0.S.obj
                0x10000100                __VECTOR_TABLE
                0x10000100                __vectors
                0x100001c0                isr_invalid
                0x100001c0                __default_isrs_start
                0x100001c2                isr_nmi
                0x100001c4                isr_hardfault
                0x100001c6                isr_svcall
                0x100001c8                isr_pendsv
                0x100001ca                isr_systick
                0x100001cc                isr_irq23
                0x100001cc                isr_irq18
                0x100001cc                isr_irq11
                0x100001cc                isr_irq28
                0x100001cc                isr_irq19
                0x100001cc                isr_irq0
                0x100001cc                isr_irq6
                0x100001cc                isr_irq5
                0x100001cc                isr_irq12
                0x100001cc                isr_irq22
                0x100001cc                isr_irq31
                0x100001cc                isr_irq17
                0x100001cc                isr_irq27
                0x100001cc                isr_irq30
                0x100001cc                isr_irq2
                0x100001cc                isr_irq10
                0x100001cc                isr_irq8
                0x100001cc                isr_irq24
                0x100001cc                isr_irq1
                0x100001cc                isr_irq7
                0x100001cc                isr_irq21
                0x100001cc                isr_irq20
                0x100001cc                isr_irq15
                0x100001cc                isr_irq25
                0x100001cc                isr_irq13
                0x100001cc                __unhandled_user_irq
                0x100001cc                isr_irq4
                0x100001cc                isr_irq16
                0x100001cc                isr_irq29
                0x100001cc                isr_irq26
                0x100001cc                __default_isrs_end
                0x100001cc                isr_irq3
                0x100001cc                isr_irq14
                0x100001cc                isr_irq9
                0x100001d2                unhandled_user_irq_num_in_r0
 *(.binary_info_header)
 .binary_info_header
                0x100001d4       0x14 CMakeFiles/termohigrometr.dir/C_/Program_Files/Raspberry_Pi/Pico_SDK_v1.5.1/pico-sdk/src/rp2_common/pico_standard_link/crt0.S.obj
                0x100001e8                __binary_info_header_end = .
 *(.reset)
 .reset         0x100001e8       0xa0 CMakeFiles/termohigrometr.dir/C_/Program_Files/Raspberry_Pi/Pico_SDK_v1.5.1/pico-sdk/src/rp2_common/pico_standard_link/crt0.S.obj
                0x100001e8                _entry_point
 .reset         0x10000288       0x30 CMakeFiles/termohigrometr.dir/C_/Program_Files/Raspberry_Pi/Pico_SDK_v1.5.1/pico-sdk/src/rp2_common/pico_standard_link/binary_info.c.obj
 *(.init)
 .init          0x100002b8        0x4 c:/progra~1/raspbe~1/picosd~1.1/gcc-ar~1/bin/../lib/gcc/arm-none-eabi/10.3.1/thumb/v6-m/nofp/crti.o
                0x100002b8                _init
 *(EXCLUDE_FILE(*libm.a: *libc.a:*lib_a-mem*.o *libgcc.a:) .text*)
 .text          0x100002bc       0x48 c:/progra~1/raspbe~1/picosd~1.1/gcc-ar~1/bin/../lib/gcc/arm-none-eabi/10.3.1/thumb/v6-m/nofp/crtbegin.o
 .text.reverse  0x10000304       0x30 CMakeFiles/termohigrometr.dir/main.c.obj
 .text.FillReversedCache
                0x10000334       0x28 CMakeFiles/termohigrometr.dir/main.c.obj
 .text.WriteChar
                0x1000035c       0x98 CMakeFiles/termohigrometr.dir/main.c.obj
 .text.WriteString
                0x100003f4       0x2c CMakeFiles/termohigrometr.dir/main.c.obj
 .text.cgi_unit_handler
                0x10000420       0x68 CMakeFiles/termohigrometr.dir/main.c.obj
                0x10000420                cgi_unit_handler
 .text.cgi_frequency_handler
                0x10000488       0x90 CMakeFiles/termohigrometr.dir/main.c.obj
                0x10000488                cgi_frequency_handler
 .text.cgi_led_handler
                0x10000518       0x50 CMakeFiles/termohigrometr.dir/main.c.obj
                0x10000518                cgi_led_handler
 .text.CRC16    0x10000568       0x40 CMakeFiles/termohigrometr.dir/main.c.obj
                0x10000568                CRC16
 .text.init     0x100005a8       0x6c CMakeFiles/termohigrometr.dir/main.c.obj
                0x100005a8                init
 .text.sensor   0x10000614      0x11c CMakeFiles/termohigrometr.dir/main.c.obj
                0x10000614                sensor
 .text.dew_point
                0x10000730       0x88 CMakeFiles/termohigrometr.dir/main.c.obj
                0x10000730                dew_point
 .text.get_data
                0x100007b8      0x12c CMakeFiles/termohigrometr.dir/main.c.obj
                0x100007b8                get_data
 .text.units    0x100008e4       0x5c CMakeFiles/termohigrometr.dir/main.c.obj
                0x100008e4                units
 .text.ssi_handler
                0x10000940      0x394 CMakeFiles/termohigrometr.dir/main.c.obj
                0x10000940                ssi_handler
 .text.check_button
                0x10000cd4       0xbc CMakeFiles/termohigrometr.dir/main.c.obj
                0x10000cd4                check_button
 .text.bytes_to_write
                0x10000d90        0xe CMakeFiles/termohigrometr.dir/main.c.obj
                0x10000d90                bytes_to_write
 *fill*         0x10000d9e        0x2 
 .text.eeprom_write_byte
                0x10000da0       0xac CMakeFiles/termohigrometr.dir/main.c.obj
                0x10000da0                eeprom_write_byte
 .text.eeprom_read_byte
                0x10000e4c       0x94 CMakeFiles/termohigrometr.dir/main.c.obj
                0x10000e4c                eeprom_read_byte
 .text.float2Bytes
                0x10000ee0       0x12 CMakeFiles/termohigrometr.dir/main.c.obj
                0x10000ee0                float2Bytes
 *fill*         0x10000ef2        0x2 
 .text.cgi_eeprom_handler
                0x10000ef4       0x58 CMakeFiles/termohigrometr.dir/main.c.obj
                0x10000ef4                cgi_eeprom_handler
 .text.bytesToFloat
                0x10000f4c       0x18 CMakeFiles/termohigrometr.dir/main.c.obj
                0x10000f4c                bytesToFloat
 .text.calc_render_area_buflen
                0x10000f64       0x16 CMakeFiles/termohigrometr.dir/main.c.obj
                0x10000f64                calc_render_area_buflen
 *fill*         0x10000f7a        0x2 
 .text.SSD1306_send_cmd
                0x10000f7c       0x24 CMakeFiles/termohigrometr.dir/main.c.obj
                0x10000f7c                SSD1306_send_cmd
 .text.SSD1306_send_cmd_list
                0x10000fa0       0x18 CMakeFiles/termohigrometr.dir/main.c.obj
                0x10000fa0                SSD1306_send_cmd_list
 .text.SSD1306_send_buf
                0x10000fb8       0x40 CMakeFiles/termohigrometr.dir/main.c.obj
                0x10000fb8                SSD1306_send_buf
 .text.SSD1306_init
                0x10000ff8       0x28 CMakeFiles/termohigrometr.dir/main.c.obj
                0x10000ff8                SSD1306_init
 .text.render   0x10001020       0x36 CMakeFiles/termohigrometr.dir/main.c.obj
                0x10001020                render
 *fill*         0x10001056        0x2 
 .text.ssi_init
                0x10001058       0x18 CMakeFiles/termohigrometr.dir/main.c.obj
                0x10001058                ssi_init
 .text.cgi_init
                0x10001070       0x10 CMakeFiles/termohigrometr.dir/main.c.obj
                0x10001070                cgi_init
 .text.webserver_connect
                0x10001080       0x6c CMakeFiles/termohigrometr.dir/main.c.obj
                0x10001080                webserver_connect
 .text.main     0x100010ec      0xaac CMakeFiles/termohigrometr.dir/main.c.obj
                0x100010ec                main
 .text.gpio_set_function
                0x10001b98       0x30 CMakeFiles/termohigrometr.dir/C_/Program_Files/Raspberry_Pi/Pico_SDK_v1.5.1/pico-sdk/src/rp2_common/hardware_gpio/gpio.c.obj
                0x10001b98                gpio_set_function
 .text.gpio_set_pulls
                0x10001bc8       0x34 CMakeFiles/termohigrometr.dir/C_/Program_Files/Raspberry_Pi/Pico_SDK_v1.5.1/pico-sdk/src/rp2_common/hardware_gpio/gpio.c.obj
                0x10001bc8                gpio_set_pulls
 .text.gpio_set_input_hysteresis_enabled
                0x10001bfc       0x30 CMakeFiles/termohigrometr.dir/C_/Program_Files/Raspberry_Pi/Pico_SDK_v1.5.1/pico-sdk/src/rp2_common/hardware_gpio/gpio.c.obj
                0x10001bfc                gpio_set_input_hysteresis_enabled
 .text.gpio_add_raw_irq_handler_with_order_priority_masked
                0x10001c2c       0x40 CMakeFiles/termohigrometr.dir/C_/Program_Files/Raspberry_Pi/Pico_SDK_v1.5.1/pico-sdk/src/rp2_common/hardware_gpio/gpio.c.obj
                0x10001c2c                gpio_add_raw_irq_handler_with_order_priority_masked
 .text.gpio_remove_raw_irq_handler_masked
                0x10001c6c       0x48 CMakeFiles/termohigrometr.dir/C_/Program_Files/Raspberry_Pi/Pico_SDK_v1.5.1/pico-sdk/src/rp2_common/hardware_gpio/gpio.c.obj
                0x10001c6c                gpio_remove_raw_irq_handler_masked
 .text.gpio_acknowledge_irq
                0x10001cb4       0x18 CMakeFiles/termohigrometr.dir/C_/Program_Files/Raspberry_Pi/Pico_SDK_v1.5.1/pico-sdk/src/rp2_common/hardware_gpio/gpio.c.obj
                0x10001cb4                gpio_acknowledge_irq
 .text._gpio_set_irq_enabled
                0x10001ccc       0x34 CMakeFiles/termohigrometr.dir/C_/Program_Files/Raspberry_Pi/Pico_SDK_v1.5.1/pico-sdk/src/rp2_common/hardware_gpio/gpio.c.obj
 .text.gpio_set_irq_enabled
                0x10001d00       0x20 CMakeFiles/termohigrometr.dir/C_/Program_Files/Raspberry_Pi/Pico_SDK_v1.5.1/pico-sdk/src/rp2_common/hardware_gpio/gpio.c.obj
                0x10001d00                gpio_set_irq_enabled
 .text.gpio_init
                0x10001d20       0x16 CMakeFiles/termohigrometr.dir/C_/Program_Files/Raspberry_Pi/Pico_SDK_v1.5.1/pico-sdk/src/rp2_common/hardware_gpio/gpio.c.obj
                0x10001d20                gpio_init
 *fill*         0x10001d36        0x2 
 .text.running_on_fpga
                0x10001d38       0x14 CMakeFiles/termohigrometr.dir/C_/Program_Files/Raspberry_Pi/Pico_SDK_v1.5.1/pico-sdk/src/rp2_common/pico_platform/platform.c.obj
                0x10001d38                running_on_fpga
 .text.hw_claim_lock
                0x10001d4c       0x18 CMakeFiles/termohigrometr.dir/C_/Program_Files/Raspberry_Pi/Pico_SDK_v1.5.1/pico-sdk/src/rp2_common/hardware_claim/claim.c.obj
                0x10001d4c                hw_claim_lock
 .text.hw_claim_unlock
                0x10001d64       0x14 CMakeFiles/termohigrometr.dir/C_/Program_Files/Raspberry_Pi/Pico_SDK_v1.5.1/pico-sdk/src/rp2_common/hardware_claim/claim.c.obj
                0x10001d64                hw_claim_unlock
 .text.hw_claim_or_assert
                0x10001d78       0x32 CMakeFiles/termohigrometr.dir/C_/Program_Files/Raspberry_Pi/Pico_SDK_v1.5.1/pico-sdk/src/rp2_common/hardware_claim/claim.c.obj
                0x10001d78                hw_claim_or_assert
 .text.hw_claim_unused_from_range
                0x10001daa       0x50 CMakeFiles/termohigrometr.dir/C_/Program_Files/Raspberry_Pi/Pico_SDK_v1.5.1/pico-sdk/src/rp2_common/hardware_claim/claim.c.obj
                0x10001daa                hw_claim_unused_from_range
 *fill*         0x10001dfa        0x2 
 .text.hw_claim_clear
                0x10001dfc       0x40 CMakeFiles/termohigrometr.dir/C_/Program_Files/Raspberry_Pi/Pico_SDK_v1.5.1/pico-sdk/src/rp2_common/hardware_claim/claim.c.obj
                0x10001dfc                hw_claim_clear
 .text.spin_locks_reset
                0x10001e3c       0x20 CMakeFiles/termohigrometr.dir/C_/Program_Files/Raspberry_Pi/Pico_SDK_v1.5.1/pico-sdk/src/rp2_common/hardware_sync/sync.c.obj
                0x10001e3c                spin_locks_reset
 .text.next_striped_spin_lock_num
                0x10001e5c       0x1c CMakeFiles/termohigrometr.dir/C_/Program_Files/Raspberry_Pi/Pico_SDK_v1.5.1/pico-sdk/src/rp2_common/hardware_sync/sync.c.obj
                0x10001e5c                next_striped_spin_lock_num
 .text.spin_lock_claim_unused
                0x10001e78       0x20 CMakeFiles/termohigrometr.dir/C_/Program_Files/Raspberry_Pi/Pico_SDK_v1.5.1/pico-sdk/src/rp2_common/hardware_sync/sync.c.obj
                0x10001e78                spin_lock_claim_unused
 .text.set_raw_irq_handler_and_unlock
                0x10001e98       0x28 CMakeFiles/termohigrometr.dir/C_/Program_Files/Raspberry_Pi/Pico_SDK_v1.5.1/pico-sdk/src/rp2_common/hardware_irq/irq.c.obj
 .text.get_user_irq_claim_index
                0x10001ec0        0x6 CMakeFiles/termohigrometr.dir/C_/Program_Files/Raspberry_Pi/Pico_SDK_v1.5.1/pico-sdk/src/rp2_common/hardware_irq/irq.c.obj
 *fill*         0x10001ec6        0x2 
 .text.make_branch
                0x10001ec8       0x48 CMakeFiles/termohigrometr.dir/C_/Program_Files/Raspberry_Pi/Pico_SDK_v1.5.1/pico-sdk/src/rp2_common/hardware_irq/irq.c.obj
 .text.insert_branch_and_link
                0x10001f10       0x40 CMakeFiles/termohigrometr.dir/C_/Program_Files/Raspberry_Pi/Pico_SDK_v1.5.1/pico-sdk/src/rp2_common/hardware_irq/irq.c.obj
 .text.irq_is_enabled
                0x10001f50       0x18 CMakeFiles/termohigrometr.dir/C_/Program_Files/Raspberry_Pi/Pico_SDK_v1.5.1/pico-sdk/src/rp2_common/hardware_irq/irq.c.obj
                0x10001f50                irq_is_enabled
 .text.irq_set_mask_enabled
                0x10001f68       0x20 CMakeFiles/termohigrometr.dir/C_/Program_Files/Raspberry_Pi/Pico_SDK_v1.5.1/pico-sdk/src/rp2_common/hardware_irq/irq.c.obj
                0x10001f68                irq_set_mask_enabled
 .text.irq_set_enabled
                0x10001f88        0xe CMakeFiles/termohigrometr.dir/C_/Program_Files/Raspberry_Pi/Pico_SDK_v1.5.1/pico-sdk/src/rp2_common/hardware_irq/irq.c.obj
                0x10001f88                irq_set_enabled
 *fill*         0x10001f96        0x2 
 .text.irq_set_pending
                0x10001f98       0x10 CMakeFiles/termohigrometr.dir/C_/Program_Files/Raspberry_Pi/Pico_SDK_v1.5.1/pico-sdk/src/rp2_common/hardware_irq/irq.c.obj
                0x10001f98                irq_set_pending
 .text.irq_get_vtable_handler
                0x10001fa8       0x10 CMakeFiles/termohigrometr.dir/C_/Program_Files/Raspberry_Pi/Pico_SDK_v1.5.1/pico-sdk/src/rp2_common/hardware_irq/irq.c.obj
                0x10001fa8                irq_get_vtable_handler
 .text.irq_has_shared_handler
                0x10001fb8       0x24 CMakeFiles/termohigrometr.dir/C_/Program_Files/Raspberry_Pi/Pico_SDK_v1.5.1/pico-sdk/src/rp2_common/hardware_irq/irq.c.obj
                0x10001fb8                irq_has_shared_handler
 .text.irq_set_exclusive_handler
                0x10001fdc       0x54 CMakeFiles/termohigrometr.dir/C_/Program_Files/Raspberry_Pi/Pico_SDK_v1.5.1/pico-sdk/src/rp2_common/hardware_irq/irq.c.obj
                0x10001fdc                irq_set_exclusive_handler
 .text.irq_add_shared_handler
                0x10002030      0x234 CMakeFiles/termohigrometr.dir/C_/Program_Files/Raspberry_Pi/Pico_SDK_v1.5.1/pico-sdk/src/rp2_common/hardware_irq/irq.c.obj
                0x10002030                irq_add_shared_handler
 .text.irq_remove_handler
                0x10002264      0x1ac CMakeFiles/termohigrometr.dir/C_/Program_Files/Raspberry_Pi/Pico_SDK_v1.5.1/pico-sdk/src/rp2_common/hardware_irq/irq.c.obj
                0x10002264                irq_remove_handler
 .text.irq_set_priority
                0x10002410       0x28 CMakeFiles/termohigrometr.dir/C_/Program_Files/Raspberry_Pi/Pico_SDK_v1.5.1/pico-sdk/src/rp2_common/hardware_irq/irq.c.obj
                0x10002410                irq_set_priority
 .text.irq_add_tail_to_free_list
                0x10002438       0xf0 CMakeFiles/termohigrometr.dir/C_/Program_Files/Raspberry_Pi/Pico_SDK_v1.5.1/pico-sdk/src/rp2_common/hardware_irq/irq.c.obj
                0x10002438                irq_add_tail_to_free_list
 .text.irq_init_priorities
                0x10002528       0x1c CMakeFiles/termohigrometr.dir/C_/Program_Files/Raspberry_Pi/Pico_SDK_v1.5.1/pico-sdk/src/rp2_common/hardware_irq/irq.c.obj
                0x10002528                irq_init_priorities
 .text.user_irq_unclaim
                0x10002544       0x14 CMakeFiles/termohigrometr.dir/C_/Program_Files/Raspberry_Pi/Pico_SDK_v1.5.1/pico-sdk/src/rp2_common/hardware_irq/irq.c.obj
                0x10002544                user_irq_unclaim
 .text.user_irq_claim_unused
                0x10002558       0x28 CMakeFiles/termohigrometr.dir/C_/Program_Files/Raspberry_Pi/Pico_SDK_v1.5.1/pico-sdk/src/rp2_common/hardware_irq/irq.c.obj
                0x10002558                user_irq_claim_unused
 .text.sem_init
                0x10002580       0x1e CMakeFiles/termohigrometr.dir/C_/Program_Files/Raspberry_Pi/Pico_SDK_v1.5.1/pico-sdk/src/common/pico_sync/sem.c.obj
                0x10002580                sem_init
 *fill*         0x1000259e        0x2 
 .text.lock_init
                0x100025a0       0x10 CMakeFiles/termohigrometr.dir/C_/Program_Files/Raspberry_Pi/Pico_SDK_v1.5.1/pico-sdk/src/common/pico_sync/lock_core.c.obj
                0x100025a0                lock_init
 .text.mutex_init
                0x100025b0       0x1a CMakeFiles/termohigrometr.dir/C_/Program_Files/Raspberry_Pi/Pico_SDK_v1.5.1/pico-sdk/src/common/pico_sync/mutex.c.obj
                0x100025b0                mutex_init
 .text.recursive_mutex_init
                0x100025ca       0x1e CMakeFiles/termohigrometr.dir/C_/Program_Files/Raspberry_Pi/Pico_SDK_v1.5.1/pico-sdk/src/common/pico_sync/mutex.c.obj
                0x100025ca                recursive_mutex_init
 .text.critical_section_init_with_lock_num
                0x100025e8       0x14 CMakeFiles/termohigrometr.dir/C_/Program_Files/Raspberry_Pi/Pico_SDK_v1.5.1/pico-sdk/src/common/pico_sync/critical_section.c.obj
                0x100025e8                critical_section_init_with_lock_num
 .text.critical_section_init
                0x100025fc       0x14 CMakeFiles/termohigrometr.dir/C_/Program_Files/Raspberry_Pi/Pico_SDK_v1.5.1/pico-sdk/src/common/pico_sync/critical_section.c.obj
                0x100025fc                critical_section_init
 .text.alarm_pool_post_alloc_init
                0x10002610       0x40 CMakeFiles/termohigrometr.dir/C_/Program_Files/Raspberry_Pi/Pico_SDK_v1.5.1/pico-sdk/src/common/pico_time/time.c.obj
 .text.sleep_until_callback
                0x10002650       0x30 CMakeFiles/termohigrometr.dir/C_/Program_Files/Raspberry_Pi/Pico_SDK_v1.5.1/pico-sdk/src/common/pico_time/time.c.obj
 .text.timer_pool_entry_comparator
                0x10002680       0x7c CMakeFiles/termohigrometr.dir/C_/Program_Files/Raspberry_Pi/Pico_SDK_v1.5.1/pico-sdk/src/common/pico_time/time.c.obj
                0x10002680                timer_pool_entry_comparator
 .text.ph_add_child_node
                0x100026fc       0xa4 CMakeFiles/termohigrometr.dir/C_/Program_Files/Raspberry_Pi/Pico_SDK_v1.5.1/pico-sdk/src/common/pico_time/time.c.obj
 .text.ph_merge_nodes
                0x100027a0       0x3e CMakeFiles/termohigrometr.dir/C_/Program_Files/Raspberry_Pi/Pico_SDK_v1.5.1/pico-sdk/src/common/pico_time/time.c.obj
 *fill*         0x100027de        0x2 
 .text.add_alarm_under_lock
                0x100027e0      0x174 CMakeFiles/termohigrometr.dir/C_/Program_Files/Raspberry_Pi/Pico_SDK_v1.5.1/pico-sdk/src/common/pico_time/time.c.obj
 .text.alarm_pool_alarm_callback
                0x10002954      0x33c CMakeFiles/termohigrometr.dir/C_/Program_Files/Raspberry_Pi/Pico_SDK_v1.5.1/pico-sdk/src/common/pico_time/time.c.obj
 .text.alarm_pool_init_default
                0x10002c90       0x40 CMakeFiles/termohigrometr.dir/C_/Program_Files/Raspberry_Pi/Pico_SDK_v1.5.1/pico-sdk/src/common/pico_time/time.c.obj
                0x10002c90                alarm_pool_init_default
 .text.alarm_pool_get_default
                0x10002cd0       0x2c CMakeFiles/termohigrometr.dir/C_/Program_Files/Raspberry_Pi/Pico_SDK_v1.5.1/pico-sdk/src/common/pico_time/time.c.obj
                0x10002cd0                alarm_pool_get_default
 .text.alarm_pool_add_alarm_at
                0x10002cfc      0x168 CMakeFiles/termohigrometr.dir/C_/Program_Files/Raspberry_Pi/Pico_SDK_v1.5.1/pico-sdk/src/common/pico_time/time.c.obj
                0x10002cfc                alarm_pool_add_alarm_at
 .text.alarm_pool_cancel_alarm
                0x10002e64       0xf8 CMakeFiles/termohigrometr.dir/C_/Program_Files/Raspberry_Pi/Pico_SDK_v1.5.1/pico-sdk/src/common/pico_time/time.c.obj
                0x10002e64                alarm_pool_cancel_alarm
 .text.alarm_pool_core_num
                0x10002f5c        0x4 CMakeFiles/termohigrometr.dir/C_/Program_Files/Raspberry_Pi/Pico_SDK_v1.5.1/pico-sdk/src/common/pico_time/time.c.obj
                0x10002f5c                alarm_pool_core_num
 .text.sleep_until
                0x10002f60       0xfc CMakeFiles/termohigrometr.dir/C_/Program_Files/Raspberry_Pi/Pico_SDK_v1.5.1/pico-sdk/src/common/pico_time/time.c.obj
                0x10002f60                sleep_until
 .text.sleep_us
                0x1000305c       0x58 CMakeFiles/termohigrometr.dir/C_/Program_Files/Raspberry_Pi/Pico_SDK_v1.5.1/pico-sdk/src/common/pico_time/time.c.obj
                0x1000305c                sleep_us
 .text.sleep_ms
                0x100030b4       0x14 CMakeFiles/termohigrometr.dir/C_/Program_Files/Raspberry_Pi/Pico_SDK_v1.5.1/pico-sdk/src/common/pico_time/time.c.obj
                0x100030b4                sleep_ms
 .text.best_effort_wfe_or_timeout
                0x100030c8       0xac CMakeFiles/termohigrometr.dir/C_/Program_Files/Raspberry_Pi/Pico_SDK_v1.5.1/pico-sdk/src/common/pico_time/time.c.obj
                0x100030c8                best_effort_wfe_or_timeout
 .text.hardware_alarm_irq_handler
                0x10003174       0x90 CMakeFiles/termohigrometr.dir/C_/Program_Files/Raspberry_Pi/Pico_SDK_v1.5.1/pico-sdk/src/rp2_common/hardware_timer/timer.c.obj
 .text.hardware_alarm_claim
                0x10003204       0x18 CMakeFiles/termohigrometr.dir/C_/Program_Files/Raspberry_Pi/Pico_SDK_v1.5.1/pico-sdk/src/rp2_common/hardware_timer/timer.c.obj
                0x10003204                hardware_alarm_claim
 .text.time_us_64
                0x1000321c       0x18 CMakeFiles/termohigrometr.dir/C_/Program_Files/Raspberry_Pi/Pico_SDK_v1.5.1/pico-sdk/src/rp2_common/hardware_timer/timer.c.obj
                0x1000321c                time_us_64
 .text.busy_wait_until
                0x10003234       0x28 CMakeFiles/termohigrometr.dir/C_/Program_Files/Raspberry_Pi/Pico_SDK_v1.5.1/pico-sdk/src/rp2_common/hardware_timer/timer.c.obj
                0x10003234                busy_wait_until
 .text.busy_wait_us
                0x1000325c       0x48 CMakeFiles/termohigrometr.dir/C_/Program_Files/Raspberry_Pi/Pico_SDK_v1.5.1/pico-sdk/src/rp2_common/hardware_timer/timer.c.obj
                0x1000325c                busy_wait_us
 .text.hardware_alarm_set_callback
                0x100032a4       0x90 CMakeFiles/termohigrometr.dir/C_/Program_Files/Raspberry_Pi/Pico_SDK_v1.5.1/pico-sdk/src/rp2_common/hardware_timer/timer.c.obj
                0x100032a4                hardware_alarm_set_callback
 .text.hardware_alarm_set_target
                0x10003334       0xe8 CMakeFiles/termohigrometr.dir/C_/Program_Files/Raspberry_Pi/Pico_SDK_v1.5.1/pico-sdk/src/rp2_common/hardware_timer/timer.c.obj
                0x10003334                hardware_alarm_set_target
 .text.hardware_alarm_cancel
                0x1000341c       0x40 CMakeFiles/termohigrometr.dir/C_/Program_Files/Raspberry_Pi/Pico_SDK_v1.5.1/pico-sdk/src/rp2_common/hardware_timer/timer.c.obj
                0x1000341c                hardware_alarm_cancel
 .text.ph_add_child_node
                0x1000345c       0xa4 CMakeFiles/termohigrometr.dir/C_/Program_Files/Raspberry_Pi/Pico_SDK_v1.5.1/pico-sdk/src/common/pico_util/pheap.c.obj
 .text.ph_merge_nodes
                0x10003500       0x3e CMakeFiles/termohigrometr.dir/C_/Program_Files/Raspberry_Pi/Pico_SDK_v1.5.1/pico-sdk/src/common/pico_util/pheap.c.obj
 *fill*         0x1000353e        0x2 
 .text.ph_clear
                0x10003540       0x70 CMakeFiles/termohigrometr.dir/C_/Program_Files/Raspberry_Pi/Pico_SDK_v1.5.1/pico-sdk/src/common/pico_util/pheap.c.obj
                0x10003540                ph_clear
 .text.ph_post_alloc_init
                0x100035b0        0xe CMakeFiles/termohigrometr.dir/C_/Program_Files/Raspberry_Pi/Pico_SDK_v1.5.1/pico-sdk/src/common/pico_util/pheap.c.obj
                0x100035b0                ph_post_alloc_init
 *fill*         0x100035be        0x2 
 .text.ph_merge_two_pass
                0x100035c0       0xa8 CMakeFiles/termohigrometr.dir/C_/Program_Files/Raspberry_Pi/Pico_SDK_v1.5.1/pico-sdk/src/common/pico_util/pheap.c.obj
                0x100035c0                ph_merge_two_pass
 .text.ph_remove_any_head
                0x10003668      0x128 CMakeFiles/termohigrometr.dir/C_/Program_Files/Raspberry_Pi/Pico_SDK_v1.5.1/pico-sdk/src/common/pico_util/pheap.c.obj
 .text.ph_remove_head
                0x10003790       0x14 CMakeFiles/termohigrometr.dir/C_/Program_Files/Raspberry_Pi/Pico_SDK_v1.5.1/pico-sdk/src/common/pico_util/pheap.c.obj
                0x10003790                ph_remove_head
 .text.ph_remove_and_free_node
                0x100037a4       0xf8 CMakeFiles/termohigrometr.dir/C_/Program_Files/Raspberry_Pi/Pico_SDK_v1.5.1/pico-sdk/src/common/pico_util/pheap.c.obj
                0x100037a4                ph_remove_and_free_node
 .text.uart_disable_before_lcr_write
                0x1000389c       0x48 CMakeFiles/termohigrometr.dir/C_/Program_Files/Raspberry_Pi/Pico_SDK_v1.5.1/pico-sdk/src/rp2_common/hardware_uart/uart.c.obj
 .text.uart_write_lcr_bits_masked
                0x100038e4       0x22 CMakeFiles/termohigrometr.dir/C_/Program_Files/Raspberry_Pi/Pico_SDK_v1.5.1/pico-sdk/src/rp2_common/hardware_uart/uart.c.obj
 *fill*         0x10003906        0x2 
 .text.uart_set_baudrate
                0x10003908       0x5c CMakeFiles/termohigrometr.dir/C_/Program_Files/Raspberry_Pi/Pico_SDK_v1.5.1/pico-sdk/src/rp2_common/hardware_uart/uart.c.obj
                0x10003908                uart_set_baudrate
 .text.uart_set_format
                0x10003964       0x2c CMakeFiles/termohigrometr.dir/C_/Program_Files/Raspberry_Pi/Pico_SDK_v1.5.1/pico-sdk/src/rp2_common/hardware_uart/uart.c.obj
                0x10003964                uart_set_format
 .text.uart_set_translate_crlf
                0x10003990       0x28 CMakeFiles/termohigrometr.dir/C_/Program_Files/Raspberry_Pi/Pico_SDK_v1.5.1/pico-sdk/src/rp2_common/hardware_uart/uart.c.obj
                0x10003990                uart_set_translate_crlf
 .text.uart_init
                0x100039b8       0x80 CMakeFiles/termohigrometr.dir/C_/Program_Files/Raspberry_Pi/Pico_SDK_v1.5.1/pico-sdk/src/rp2_common/hardware_uart/uart.c.obj
                0x100039b8                uart_init
 .text.clock_configure
                0x10003a38      0x108 CMakeFiles/termohigrometr.dir/C_/Program_Files/Raspberry_Pi/Pico_SDK_v1.5.1/pico-sdk/src/rp2_common/hardware_clocks/clocks.c.obj
                0x10003a38                clock_configure
 .text.clocks_init
                0x10003b40      0x100 CMakeFiles/termohigrometr.dir/C_/Program_Files/Raspberry_Pi/Pico_SDK_v1.5.1/pico-sdk/src/rp2_common/hardware_clocks/clocks.c.obj
                0x10003b40                clocks_init
 .text.clock_get_hz
                0x10003c40        0xc CMakeFiles/termohigrometr.dir/C_/Program_Files/Raspberry_Pi/Pico_SDK_v1.5.1/pico-sdk/src/rp2_common/hardware_clocks/clocks.c.obj
                0x10003c40                clock_get_hz
 .text.pll_init
                0x10003c4c      0x120 CMakeFiles/termohigrometr.dir/C_/Program_Files/Raspberry_Pi/Pico_SDK_v1.5.1/pico-sdk/src/rp2_common/hardware_pll/pll.c.obj
                0x10003c4c                pll_init
 .text.watchdog_start_tick
                0x10003d6c       0x10 CMakeFiles/termohigrometr.dir/C_/Program_Files/Raspberry_Pi/Pico_SDK_v1.5.1/pico-sdk/src/rp2_common/hardware_watchdog/watchdog.c.obj
                0x10003d6c                watchdog_start_tick
 .text.watchdog_update
                0x10003d7c       0x14 CMakeFiles/termohigrometr.dir/C_/Program_Files/Raspberry_Pi/Pico_SDK_v1.5.1/pico-sdk/src/rp2_common/hardware_watchdog/watchdog.c.obj
                0x10003d7c                watchdog_update
 .text._watchdog_enable
                0x10003d90       0x78 CMakeFiles/termohigrometr.dir/C_/Program_Files/Raspberry_Pi/Pico_SDK_v1.5.1/pico-sdk/src/rp2_common/hardware_watchdog/watchdog.c.obj
                0x10003d90                _watchdog_enable
 .text.watchdog_reboot
                0x10003e08       0x48 CMakeFiles/termohigrometr.dir/C_/Program_Files/Raspberry_Pi/Pico_SDK_v1.5.1/pico-sdk/src/rp2_common/hardware_watchdog/watchdog.c.obj
                0x10003e08                watchdog_reboot
 .text.xosc_init
                0x10003e50       0x28 CMakeFiles/termohigrometr.dir/C_/Program_Files/Raspberry_Pi/Pico_SDK_v1.5.1/pico-sdk/src/rp2_common/hardware_xosc/xosc.c.obj
                0x10003e50                xosc_init
 .text._exit    0x10003e78        0x4 CMakeFiles/termohigrometr.dir/C_/Program_Files/Raspberry_Pi/Pico_SDK_v1.5.1/pico-sdk/src/rp2_common/pico_runtime/runtime.c.obj
                0x10003e78                _exit
 .text._sbrk    0x10003e7c       0x38 CMakeFiles/termohigrometr.dir/C_/Program_Files/Raspberry_Pi/Pico_SDK_v1.5.1/pico-sdk/src/rp2_common/pico_runtime/runtime.c.obj
                0x10003e7c                _sbrk
 .text.exit     0x10003eb4        0x6 CMakeFiles/termohigrometr.dir/C_/Program_Files/Raspberry_Pi/Pico_SDK_v1.5.1/pico-sdk/src/rp2_common/pico_runtime/runtime.c.obj
                0x10003eb4                exit
 *fill*         0x10003eba        0x2 
 .text.__assert_func
                0x10003ebc       0x3c CMakeFiles/termohigrometr.dir/C_/Program_Files/Raspberry_Pi/Pico_SDK_v1.5.1/pico-sdk/src/rp2_common/pico_runtime/runtime.c.obj
                0x10003ebc                __assert_func
 .text.runtime_init
                0x10003ef8       0xf8 CMakeFiles/termohigrometr.dir/C_/Program_Files/Raspberry_Pi/Pico_SDK_v1.5.1/pico-sdk/src/rp2_common/pico_runtime/runtime.c.obj
                0x10003ef8                runtime_init
 .text._gettimeofday
                0x10003ff0       0x5c CMakeFiles/termohigrometr.dir/C_/Program_Files/Raspberry_Pi/Pico_SDK_v1.5.1/pico-sdk/src/rp2_common/pico_runtime/runtime.c.obj
                0x10003ff0                _gettimeofday
 .text._times   0x1000404c       0x40 CMakeFiles/termohigrometr.dir/C_/Program_Files/Raspberry_Pi/Pico_SDK_v1.5.1/pico-sdk/src/rp2_common/pico_runtime/runtime.c.obj
                0x1000404c                _times
 .text.panic    0x1000408c       0x30 CMakeFiles/termohigrometr.dir/C_/Program_Files/Raspberry_Pi/Pico_SDK_v1.5.1/pico-sdk/src/rp2_common/pico_runtime/runtime.c.obj
                0x1000408c                panic
 .text.panic_unsupported
                0x100040bc        0xc CMakeFiles/termohigrometr.dir/C_/Program_Files/Raspberry_Pi/Pico_SDK_v1.5.1/pico-sdk/src/rp2_common/pico_runtime/runtime.c.obj
                0x100040bc                panic_unsupported
 .text._out_buffer
                0x100040c8        0x8 CMakeFiles/termohigrometr.dir/C_/Program_Files/Raspberry_Pi/Pico_SDK_v1.5.1/pico-sdk/src/rp2_common/pico_printf/printf.c.obj
 .text._out_null
                0x100040d0        0x2 CMakeFiles/termohigrometr.dir/C_/Program_Files/Raspberry_Pi/Pico_SDK_v1.5.1/pico-sdk/src/rp2_common/pico_printf/printf.c.obj
 .text._out_fct
                0x100040d2        0xe CMakeFiles/termohigrometr.dir/C_/Program_Files/Raspberry_Pi/Pico_SDK_v1.5.1/pico-sdk/src/rp2_common/pico_printf/printf.c.obj
 .text._atoi    0x100040e0       0x24 CMakeFiles/termohigrometr.dir/C_/Program_Files/Raspberry_Pi/Pico_SDK_v1.5.1/pico-sdk/src/rp2_common/pico_printf/printf.c.obj
 .text._out_rev
                0x10004104       0xae CMakeFiles/termohigrometr.dir/C_/Program_Files/Raspberry_Pi/Pico_SDK_v1.5.1/pico-sdk/src/rp2_common/pico_printf/printf.c.obj
 .text._ntoa_format
                0x100041b2      0x112 CMakeFiles/termohigrometr.dir/C_/Program_Files/Raspberry_Pi/Pico_SDK_v1.5.1/pico-sdk/src/rp2_common/pico_printf/printf.c.obj
 .text._ntoa_long
                0x100042c4       0xbc CMakeFiles/termohigrometr.dir/C_/Program_Files/Raspberry_Pi/Pico_SDK_v1.5.1/pico-sdk/src/rp2_common/pico_printf/printf.c.obj
 .text._ntoa_long_long
                0x10004380       0xe2 CMakeFiles/termohigrometr.dir/C_/Program_Files/Raspberry_Pi/Pico_SDK_v1.5.1/pico-sdk/src/rp2_common/pico_printf/printf.c.obj
 *fill*         0x10004462        0x2 
 .text._etoa    0x10004464      0x414 CMakeFiles/termohigrometr.dir/C_/Program_Files/Raspberry_Pi/Pico_SDK_v1.5.1/pico-sdk/src/rp2_common/pico_printf/printf.c.obj
 .text._ftoa    0x10004878      0x354 CMakeFiles/termohigrometr.dir/C_/Program_Files/Raspberry_Pi/Pico_SDK_v1.5.1/pico-sdk/src/rp2_common/pico_printf/printf.c.obj
 .text._vsnprintf
                0x10004bcc      0x624 CMakeFiles/termohigrometr.dir/C_/Program_Files/Raspberry_Pi/Pico_SDK_v1.5.1/pico-sdk/src/rp2_common/pico_printf/printf.c.obj
 .text.__wrap_sprintf
                0x100051f0       0x28 CMakeFiles/termohigrometr.dir/C_/Program_Files/Raspberry_Pi/Pico_SDK_v1.5.1/pico-sdk/src/rp2_common/pico_printf/printf.c.obj
                0x100051f0                __wrap_sprintf
 .text.__wrap_snprintf
                0x10005218       0x28 CMakeFiles/termohigrometr.dir/C_/Program_Files/Raspberry_Pi/Pico_SDK_v1.5.1/pico-sdk/src/rp2_common/pico_printf/printf.c.obj
                0x10005218                __wrap_snprintf
 .text.vfctprintf
                0x10005240       0x20 CMakeFiles/termohigrometr.dir/C_/Program_Files/Raspberry_Pi/Pico_SDK_v1.5.1/pico-sdk/src/rp2_common/pico_printf/printf.c.obj
                0x10005240                vfctprintf
 .text          0x10005260       0x10 CMakeFiles/termohigrometr.dir/C_/Program_Files/Raspberry_Pi/Pico_SDK_v1.5.1/pico-sdk/src/rp2_common/pico_bit_ops/bit_ops_aeabi.S.obj
 .text.ctzsi    0x10005270        0xc CMakeFiles/termohigrometr.dir/C_/Program_Files/Raspberry_Pi/Pico_SDK_v1.5.1/pico-sdk/src/rp2_common/pico_bit_ops/bit_ops_aeabi.S.obj
                0x10005270                __wrap___ctzsi2
 .text.rom_func_lookup
                0x1000527c       0x10 CMakeFiles/termohigrometr.dir/C_/Program_Files/Raspberry_Pi/Pico_SDK_v1.5.1/pico-sdk/src/rp2_common/pico_bootrom/bootrom.c.obj
                0x1000527c                rom_func_lookup
 .text.rom_data_lookup
                0x1000528c       0x10 CMakeFiles/termohigrometr.dir/C_/Program_Files/Raspberry_Pi/Pico_SDK_v1.5.1/pico-sdk/src/rp2_common/pico_bootrom/bootrom.c.obj
                0x1000528c                rom_data_lookup
 .text.rom_funcs_lookup
                0x1000529c       0x36 CMakeFiles/termohigrometr.dir/C_/Program_Files/Raspberry_Pi/Pico_SDK_v1.5.1/pico-sdk/src/rp2_common/pico_bootrom/bootrom.c.obj
                0x1000529c                rom_funcs_lookup
 *fill*         0x100052d2        0x2 
 .text.__wrap___aeabi_idiv
                0x100052d4       0x50 CMakeFiles/termohigrometr.dir/C_/Program_Files/Raspberry_Pi/Pico_SDK_v1.5.1/pico-sdk/src/rp2_common/pico_divider/divider.S.obj
                0x100052d4                __wrap___aeabi_idivmod
                0x100052d4                divmod_s32s32
                0x100052d4                div_s32s32
                0x100052d4                __wrap___aeabi_idiv
                0x100052dc                divmod_s32s32_unsafe
                0x10005308                divmod_s32s32_savestate
 .text.__wrap___aeabi_uidiv
                0x10005324       0x4c CMakeFiles/termohigrometr.dir/C_/Program_Files/Raspberry_Pi/Pico_SDK_v1.5.1/pico-sdk/src/rp2_common/pico_divider/divider.S.obj
                0x10005324                __wrap___aeabi_uidiv
                0x10005324                __wrap___aeabi_uidivmod
                0x10005324                div_u32u32
                0x10005324                divmod_u32u32
                0x1000532c                divmod_u32u32_unsafe
                0x10005354                divmod_u32u32_savestate
 .text.__wrap___aeabi_ldiv
                0x10005370      0x424 CMakeFiles/termohigrometr.dir/C_/Program_Files/Raspberry_Pi/Pico_SDK_v1.5.1/pico-sdk/src/rp2_common/pico_divider/divider.S.obj
                0x10005370                div_s64s64
                0x10005370                divmod_s64s64
                0x10005370                __wrap___aeabi_ldivmod
                0x100053a0                divmod_u64u64
                0x100053a0                div_u64u64
                0x100053a0                __wrap___aeabi_uldivmod
                0x100053b0                divmod_u64u64_savestate
                0x100053d0                divmod_s64s64_unsafe
                0x10005458                divmod_u64u64_unsafe
 .text.__wrap___aeabi_darithmetic
                0x10005794       0x60 CMakeFiles/termohigrometr.dir/C_/Program_Files/Raspberry_Pi/Pico_SDK_v1.5.1/pico-sdk/src/rp2_common/pico_double/double_aeabi.S.obj
                0x10005794                __wrap___aeabi_drsub
                0x1000579a                __wrap___aeabi_dsub
                0x100057a4                __wrap___aeabi_dadd
                0x100057ae                __wrap___aeabi_ddiv
                0x100057e2                __wrap___aeabi_dmul
 .text.__wrap___aeabi_cdcmple
                0x100057f4       0x6c CMakeFiles/termohigrometr.dir/C_/Program_Files/Raspberry_Pi/Pico_SDK_v1.5.1/pico-sdk/src/rp2_common/pico_double/double_aeabi.S.obj
                0x100057f4                __wrap___aeabi_cdrcmple
                0x10005804                __wrap___aeabi_cdcmpeq
                0x10005804                __wrap___aeabi_cdcmple
 .text.__wrap___aeabi_dcmpeq
                0x10005860       0x10 CMakeFiles/termohigrometr.dir/C_/Program_Files/Raspberry_Pi/Pico_SDK_v1.5.1/pico-sdk/src/rp2_common/pico_double/double_aeabi.S.obj
                0x10005860                __wrap___aeabi_dcmpeq
 .text.__wrap___aeabi_dcmplt
                0x10005870        0xc CMakeFiles/termohigrometr.dir/C_/Program_Files/Raspberry_Pi/Pico_SDK_v1.5.1/pico-sdk/src/rp2_common/pico_double/double_aeabi.S.obj
                0x10005870                __wrap___aeabi_dcmplt
 .text.__wrap___aeabi_dcmple
                0x1000587c       0x10 CMakeFiles/termohigrometr.dir/C_/Program_Files/Raspberry_Pi/Pico_SDK_v1.5.1/pico-sdk/src/rp2_common/pico_double/double_aeabi.S.obj
                0x1000587c                __wrap___aeabi_dcmple
 .text.__wrap___aeabi_dcmpge
                0x1000588c       0x10 CMakeFiles/termohigrometr.dir/C_/Program_Files/Raspberry_Pi/Pico_SDK_v1.5.1/pico-sdk/src/rp2_common/pico_double/double_aeabi.S.obj
                0x1000588c                __wrap___aeabi_dcmpge
 .text.__wrap___aeabi_dcmpgt
                0x1000589c        0xa CMakeFiles/termohigrometr.dir/C_/Program_Files/Raspberry_Pi/Pico_SDK_v1.5.1/pico-sdk/src/rp2_common/pico_double/double_aeabi.S.obj
                0x1000589c                __wrap___aeabi_dcmpgt
 .text.__wrap___aeabi_dcmpun
                0x100058a6       0x1c CMakeFiles/termohigrometr.dir/C_/Program_Files/Raspberry_Pi/Pico_SDK_v1.5.1/pico-sdk/src/rp2_common/pico_double/double_aeabi.S.obj
                0x100058a6                __wrap___aeabi_dcmpun
 *fill*         0x100058c2        0x2 
 .text.__wrap___aeabi_i2d
                0x100058c4       0x38 CMakeFiles/termohigrometr.dir/C_/Program_Files/Raspberry_Pi/Pico_SDK_v1.5.1/pico-sdk/src/rp2_common/pico_double/double_aeabi.S.obj
                0x100058c4                __wrap___aeabi_ui2d
                0x100058cc                __wrap___aeabi_i2d
 .text.__wrap___aeabi_d2iz
                0x100058fc       0x48 CMakeFiles/termohigrometr.dir/C_/Program_Files/Raspberry_Pi/Pico_SDK_v1.5.1/pico-sdk/src/rp2_common/pico_double/double_aeabi.S.obj
                0x100058fc                double2int_z
                0x100058fc                __wrap___aeabi_d2iz
 .text.__wrap___aeabi_d2uiz
                0x10005944       0x10 CMakeFiles/termohigrometr.dir/C_/Program_Files/Raspberry_Pi/Pico_SDK_v1.5.1/pico-sdk/src/rp2_common/pico_double/double_aeabi.S.obj
                0x10005944                __wrap___aeabi_d2uiz
                0x10005944                double2uint
 .text.__wrap___aeabi_d2f
                0x10005954       0x10 CMakeFiles/termohigrometr.dir/C_/Program_Files/Raspberry_Pi/Pico_SDK_v1.5.1/pico-sdk/src/rp2_common/pico_double/double_aeabi.S.obj
                0x10005954                __wrap___aeabi_d2f
 .text.__wrap_exp
                0x10005964       0x10 CMakeFiles/termohigrometr.dir/C_/Program_Files/Raspberry_Pi/Pico_SDK_v1.5.1/pico-sdk/src/rp2_common/pico_double/double_aeabi.S.obj
                0x10005964                __wrap_exp
 .text.__wrap_log
                0x10005974       0x10 CMakeFiles/termohigrometr.dir/C_/Program_Files/Raspberry_Pi/Pico_SDK_v1.5.1/pico-sdk/src/rp2_common/pico_double/double_aeabi.S.obj
                0x10005974                __wrap_log
 .text.missing_double_func_shim
                0x10005984        0xc CMakeFiles/termohigrometr.dir/C_/Program_Files/Raspberry_Pi/Pico_SDK_v1.5.1/pico-sdk/src/rp2_common/pico_double/double_init_rom.c.obj
 .text.__aeabi_double_init
                0x10005990       0xcc CMakeFiles/termohigrometr.dir/C_/Program_Files/Raspberry_Pi/Pico_SDK_v1.5.1/pico-sdk/src/rp2_common/pico_double/double_init_rom.c.obj
                0x10005990                __aeabi_double_init
 .text.dpow_int2
                0x10005a5c       0x2c CMakeFiles/termohigrometr.dir/C_/Program_Files/Raspberry_Pi/Pico_SDK_v1.5.1/pico-sdk/src/rp2_common/pico_double/double_math.c.obj
 .text.dpow_1   0x10005a88      0x2a8 CMakeFiles/termohigrometr.dir/C_/Program_Files/Raspberry_Pi/Pico_SDK_v1.5.1/pico-sdk/src/rp2_common/pico_double/double_math.c.obj
 .text.dpow_0   0x10005d30      0x1a0 CMakeFiles/termohigrometr.dir/C_/Program_Files/Raspberry_Pi/Pico_SDK_v1.5.1/pico-sdk/src/rp2_common/pico_double/double_math.c.obj
 .text.__wrap_ldexp
                0x10005ed0       0x50 CMakeFiles/termohigrometr.dir/C_/Program_Files/Raspberry_Pi/Pico_SDK_v1.5.1/pico-sdk/src/rp2_common/pico_double/double_math.c.obj
                0x10005ed0                __wrap_ldexp
 .text.__wrap_round
                0x10005f20       0x9c CMakeFiles/termohigrometr.dir/C_/Program_Files/Raspberry_Pi/Pico_SDK_v1.5.1/pico-sdk/src/rp2_common/pico_double/double_math.c.obj
                0x10005f20                __wrap_round
 .text.__wrap_exp2
                0x10005fbc       0xcc CMakeFiles/termohigrometr.dir/C_/Program_Files/Raspberry_Pi/Pico_SDK_v1.5.1/pico-sdk/src/rp2_common/pico_double/double_math.c.obj
                0x10005fbc                __wrap_exp2
 .text.__wrap_pow
                0x10006088      0x37c CMakeFiles/termohigrometr.dir/C_/Program_Files/Raspberry_Pi/Pico_SDK_v1.5.1/pico-sdk/src/rp2_common/pico_double/double_math.c.obj
                0x10006088                __wrap_pow
 .text.double_table_shim_on_use_helper
                0x10006404       0x34 CMakeFiles/termohigrometr.dir/C_/Program_Files/Raspberry_Pi/Pico_SDK_v1.5.1/pico-sdk/src/rp2_common/pico_double/double_v1_rom_shim.S.obj
                0x10006404                double_table_shim_on_use_helper
 .text.__aeabi_lmul
                0x10006438       0x32 CMakeFiles/termohigrometr.dir/C_/Program_Files/Raspberry_Pi/Pico_SDK_v1.5.1/pico-sdk/src/rp2_common/pico_int64_ops/pico_int64_ops_aeabi.S.obj
                0x10006438                __wrap___aeabi_lmul
 *fill*         0x1000646a        0x2 
 .text.__wrap___aeabi_farithmetic
                0x1000646c       0x48 CMakeFiles/termohigrometr.dir/C_/Program_Files/Raspberry_Pi/Pico_SDK_v1.5.1/pico-sdk/src/rp2_common/pico_float/float_aeabi.S.obj
                0x1000646c                __wrap___aeabi_frsub
                0x10006472                __wrap___aeabi_fsub
                0x10006478                __wrap___aeabi_fadd
                0x1000647e                __wrap___aeabi_fdiv
                0x100064a6                __wrap___aeabi_fmul
 .text.__wrap___aeabi_cfcmple
                0x100064b4       0x50 CMakeFiles/termohigrometr.dir/C_/Program_Files/Raspberry_Pi/Pico_SDK_v1.5.1/pico-sdk/src/rp2_common/pico_float/float_aeabi.S.obj
                0x100064b4                __wrap___aeabi_cfrcmple
                0x100064c0                __wrap___aeabi_cfcmple
                0x100064c0                __wrap___aeabi_cfcmpeq
 .text.__wrap___aeabi_fcmplt
                0x10006504        0xc CMakeFiles/termohigrometr.dir/C_/Program_Files/Raspberry_Pi/Pico_SDK_v1.5.1/pico-sdk/src/rp2_common/pico_float/float_aeabi.S.obj
                0x10006504                __wrap___aeabi_fcmplt
 .text.__wrap___aeabi_fcmpgt
                0x10006510        0xa CMakeFiles/termohigrometr.dir/C_/Program_Files/Raspberry_Pi/Pico_SDK_v1.5.1/pico-sdk/src/rp2_common/pico_float/float_aeabi.S.obj
                0x10006510                __wrap___aeabi_fcmpgt
 *fill*         0x1000651a        0x2 
 .text.__wrap___aeabi_i2f
                0x1000651c       0x44 CMakeFiles/termohigrometr.dir/C_/Program_Files/Raspberry_Pi/Pico_SDK_v1.5.1/pico-sdk/src/rp2_common/pico_float/float_aeabi.S.obj
                0x1000651c                __wrap___aeabi_i2f
 .text.__wrap___aeabi_f2d
                0x10006560        0xc CMakeFiles/termohigrometr.dir/C_/Program_Files/Raspberry_Pi/Pico_SDK_v1.5.1/pico-sdk/src/rp2_common/pico_float/float_aeabi.S.obj
                0x10006560                __wrap___aeabi_f2d
 .text.missing_float_func_shim
                0x1000656c        0xc CMakeFiles/termohigrometr.dir/C_/Program_Files/Raspberry_Pi/Pico_SDK_v1.5.1/pico-sdk/src/rp2_common/pico_float/float_init_rom.c.obj
 .text.__aeabi_float_init
                0x10006578       0x88 CMakeFiles/termohigrometr.dir/C_/Program_Files/Raspberry_Pi/Pico_SDK_v1.5.1/pico-sdk/src/rp2_common/pico_float/float_init_rom.c.obj
                0x10006578                __aeabi_float_init
 .text.__wrap_malloc
                0x10006600       0x24 CMakeFiles/termohigrometr.dir/C_/Program_Files/Raspberry_Pi/Pico_SDK_v1.5.1/pico-sdk/src/rp2_common/pico_malloc/pico_malloc.c.obj
                0x10006600                __wrap_malloc
 .text.__wrap_free
                0x10006624        0x8 CMakeFiles/termohigrometr.dir/C_/Program_Files/Raspberry_Pi/Pico_SDK_v1.5.1/pico-sdk/src/rp2_common/pico_malloc/pico_malloc.c.obj
                0x10006624                __wrap_free
 .text          0x1000662c       0x10 CMakeFiles/termohigrometr.dir/C_/Program_Files/Raspberry_Pi/Pico_SDK_v1.5.1/pico-sdk/src/rp2_common/pico_mem_ops/mem_ops_aeabi.S.obj
                0x1000662c                __aeabi_mem_init
 .text.memset   0x1000663c        0xc CMakeFiles/termohigrometr.dir/C_/Program_Files/Raspberry_Pi/Pico_SDK_v1.5.1/pico-sdk/src/rp2_common/pico_mem_ops/mem_ops_aeabi.S.obj
                0x1000663c                __wrap_memset
 .text.memcpy   0x10006648        0xc CMakeFiles/termohigrometr.dir/C_/Program_Files/Raspberry_Pi/Pico_SDK_v1.5.1/pico-sdk/src/rp2_common/pico_mem_ops/mem_ops_aeabi.S.obj
                0x10006648                __wrap_memcpy
                0x10006648                __wrap___aeabi_memcpy
 .text.stdio_out_chars_no_crlf
                0x10006654        0xe CMakeFiles/termohigrometr.dir/C_/Program_Files/Raspberry_Pi/Pico_SDK_v1.5.1/pico-sdk/src/rp2_common/pico_stdio/stdio.c.obj
 *fill*         0x10006662        0x2 
 .text.stdio_out_chars_crlf
                0x10006664       0x80 CMakeFiles/termohigrometr.dir/C_/Program_Files/Raspberry_Pi/Pico_SDK_v1.5.1/pico-sdk/src/rp2_common/pico_stdio/stdio.c.obj
 .text.stdio_stack_buffer_flush
                0x100066e4       0x44 CMakeFiles/termohigrometr.dir/C_/Program_Files/Raspberry_Pi/Pico_SDK_v1.5.1/pico-sdk/src/rp2_common/pico_stdio/stdio.c.obj
 .text.stdio_buffered_printer
                0x10006728       0x20 CMakeFiles/termohigrometr.dir/C_/Program_Files/Raspberry_Pi/Pico_SDK_v1.5.1/pico-sdk/src/rp2_common/pico_stdio/stdio.c.obj
 .text.stdout_serialize_begin
                0x10006748       0x5c CMakeFiles/termohigrometr.dir/C_/Program_Files/Raspberry_Pi/Pico_SDK_v1.5.1/pico-sdk/src/rp2_common/pico_stdio/stdio.c.obj
                0x10006748                stdout_serialize_begin
 .text.stdout_serialize_end
                0x100067a4       0x10 CMakeFiles/termohigrometr.dir/C_/Program_Files/Raspberry_Pi/Pico_SDK_v1.5.1/pico-sdk/src/rp2_common/pico_stdio/stdio.c.obj
                0x100067a4                stdout_serialize_end
 .text.stdio_put_string
                0x100067b4       0x98 CMakeFiles/termohigrometr.dir/C_/Program_Files/Raspberry_Pi/Pico_SDK_v1.5.1/pico-sdk/src/rp2_common/pico_stdio/stdio.c.obj
 .text.stdio_set_driver_enabled
                0x1000684c       0x2c CMakeFiles/termohigrometr.dir/C_/Program_Files/Raspberry_Pi/Pico_SDK_v1.5.1/pico-sdk/src/rp2_common/pico_stdio/stdio.c.obj
                0x1000684c                stdio_set_driver_enabled
 .text.stdio_flush
                0x10006878       0x20 CMakeFiles/termohigrometr.dir/C_/Program_Files/Raspberry_Pi/Pico_SDK_v1.5.1/pico-sdk/src/rp2_common/pico_stdio/stdio.c.obj
                0x10006878                stdio_flush
 .text.__wrap_puts
                0x10006898       0x1e CMakeFiles/termohigrometr.dir/C_/Program_Files/Raspberry_Pi/Pico_SDK_v1.5.1/pico-sdk/src/rp2_common/pico_stdio/stdio.c.obj
                0x10006898                __wrap_puts
 *fill*         0x100068b6        0x2 
 .text.__wrap_vprintf
                0x100068b8       0x40 CMakeFiles/termohigrometr.dir/C_/Program_Files/Raspberry_Pi/Pico_SDK_v1.5.1/pico-sdk/src/rp2_common/pico_stdio/stdio.c.obj
                0x100068b8                __wrap_vprintf
 .text.__wrap_printf
                0x100068f8       0x18 CMakeFiles/termohigrometr.dir/C_/Program_Files/Raspberry_Pi/Pico_SDK_v1.5.1/pico-sdk/src/rp2_common/pico_stdio/stdio.c.obj
                0x100068f8                __wrap_printf
 .text.stdio_init_all
                0x10006910        0xe CMakeFiles/termohigrometr.dir/C_/Program_Files/Raspberry_Pi/Pico_SDK_v1.5.1/pico-sdk/src/rp2_common/pico_stdio/stdio.c.obj
                0x10006910                stdio_init_all
 *fill*         0x1000691e        0x2 
 .text.stdio_uart_out_chars
                0x10006920       0x74 CMakeFiles/termohigrometr.dir/C_/Program_Files/Raspberry_Pi/Pico_SDK_v1.5.1/pico-sdk/src/rp2_common/pico_stdio_uart/stdio_uart.c.obj
 .text.stdio_uart_in_chars
                0x10006994       0x80 CMakeFiles/termohigrometr.dir/C_/Program_Files/Raspberry_Pi/Pico_SDK_v1.5.1/pico-sdk/src/rp2_common/pico_stdio_uart/stdio_uart.c.obj
                0x10006994                stdio_uart_in_chars
 .text.on_uart_rx
                0x10006a14       0x28 CMakeFiles/termohigrometr.dir/C_/Program_Files/Raspberry_Pi/Pico_SDK_v1.5.1/pico-sdk/src/rp2_common/pico_stdio_uart/stdio_uart.c.obj
 .text.stdio_uart_set_chars_available_callback
                0x10006a3c       0x8c CMakeFiles/termohigrometr.dir/C_/Program_Files/Raspberry_Pi/Pico_SDK_v1.5.1/pico-sdk/src/rp2_common/pico_stdio_uart/stdio_uart.c.obj
 .text.stdio_uart_init_full
                0x10006ac8       0x44 CMakeFiles/termohigrometr.dir/C_/Program_Files/Raspberry_Pi/Pico_SDK_v1.5.1/pico-sdk/src/rp2_common/pico_stdio_uart/stdio_uart.c.obj
                0x10006ac8                stdio_uart_init_full
 .text.stdio_uart_init
                0x10006b0c       0x28 CMakeFiles/termohigrometr.dir/C_/Program_Files/Raspberry_Pi/Pico_SDK_v1.5.1/pico-sdk/src/rp2_common/pico_stdio_uart/stdio_uart.c.obj
                0x10006b0c                stdio_uart_init
 .text.resetd_init
                0x10006b34        0x2 CMakeFiles/termohigrometr.dir/C_/Program_Files/Raspberry_Pi/Pico_SDK_v1.5.1/pico-sdk/src/rp2_common/pico_stdio_usb/reset_interface.c.obj
 *fill*         0x10006b36        0x2 
 .text.resetd_reset
                0x10006b38        0xc CMakeFiles/termohigrometr.dir/C_/Program_Files/Raspberry_Pi/Pico_SDK_v1.5.1/pico-sdk/src/rp2_common/pico_stdio_usb/reset_interface.c.obj
 .text.resetd_open
                0x10006b44       0x34 CMakeFiles/termohigrometr.dir/C_/Program_Files/Raspberry_Pi/Pico_SDK_v1.5.1/pico-sdk/src/rp2_common/pico_stdio_usb/reset_interface.c.obj
 .text.resetd_xfer_cb
                0x10006b78        0x4 CMakeFiles/termohigrometr.dir/C_/Program_Files/Raspberry_Pi/Pico_SDK_v1.5.1/pico-sdk/src/rp2_common/pico_stdio_usb/reset_interface.c.obj
 .text.reset_usb_boot
                0x10006b7c       0x18 CMakeFiles/termohigrometr.dir/C_/Program_Files/Raspberry_Pi/Pico_SDK_v1.5.1/pico-sdk/src/rp2_common/pico_stdio_usb/reset_interface.c.obj
 .text.resetd_control_xfer_cb
                0x10006b94       0x5c CMakeFiles/termohigrometr.dir/C_/Program_Files/Raspberry_Pi/Pico_SDK_v1.5.1/pico-sdk/src/rp2_common/pico_stdio_usb/reset_interface.c.obj
 .text.usbd_app_driver_get_cb
                0x10006bf0        0xc CMakeFiles/termohigrometr.dir/C_/Program_Files/Raspberry_Pi/Pico_SDK_v1.5.1/pico-sdk/src/rp2_common/pico_stdio_usb/reset_interface.c.obj
                0x10006bf0                usbd_app_driver_get_cb
 .text.tud_cdc_line_coding_cb
                0x10006bfc       0x28 CMakeFiles/termohigrometr.dir/C_/Program_Files/Raspberry_Pi/Pico_SDK_v1.5.1/pico-sdk/src/rp2_common/pico_stdio_usb/reset_interface.c.obj
                0x10006bfc                tud_cdc_line_coding_cb
 .text.stdio_usb_set_chars_available_callback
                0x10006c24       0x14 CMakeFiles/termohigrometr.dir/C_/Program_Files/Raspberry_Pi/Pico_SDK_v1.5.1/pico-sdk/src/rp2_common/pico_stdio_usb/stdio_usb.c.obj
                0x10006c24                stdio_usb_set_chars_available_callback
 .text.usb_irq  0x10006c38       0x10 CMakeFiles/termohigrometr.dir/C_/Program_Files/Raspberry_Pi/Pico_SDK_v1.5.1/pico-sdk/src/rp2_common/pico_stdio_usb/stdio_usb.c.obj
 .text.timer_task
                0x10006c48       0x5c CMakeFiles/termohigrometr.dir/C_/Program_Files/Raspberry_Pi/Pico_SDK_v1.5.1/pico-sdk/src/rp2_common/pico_stdio_usb/stdio_usb.c.obj
 .text.low_priority_worker_irq
                0x10006ca4       0xdc CMakeFiles/termohigrometr.dir/C_/Program_Files/Raspberry_Pi/Pico_SDK_v1.5.1/pico-sdk/src/rp2_common/pico_stdio_usb/stdio_usb.c.obj
 .text.tud_cdc_rx_cb
                0x10006d80       0x20 CMakeFiles/termohigrometr.dir/C_/Program_Files/Raspberry_Pi/Pico_SDK_v1.5.1/pico-sdk/src/rp2_common/pico_stdio_usb/stdio_usb.c.obj
                0x10006d80                tud_cdc_rx_cb
 .text.stdio_usb_init
                0x10006da0      0x11c CMakeFiles/termohigrometr.dir/C_/Program_Files/Raspberry_Pi/Pico_SDK_v1.5.1/pico-sdk/src/rp2_common/pico_stdio_usb/stdio_usb.c.obj
                0x10006da0                stdio_usb_init
 .text.stdio_usb_connected
                0x10006ebc        0xa CMakeFiles/termohigrometr.dir/C_/Program_Files/Raspberry_Pi/Pico_SDK_v1.5.1/pico-sdk/src/rp2_common/pico_stdio_usb/stdio_usb.c.obj
                0x10006ebc                stdio_usb_connected
 *fill*         0x10006ec6        0x2 
 .text.stdio_usb_in_chars
                0x10006ec8       0xc4 CMakeFiles/termohigrometr.dir/C_/Program_Files/Raspberry_Pi/Pico_SDK_v1.5.1/pico-sdk/src/rp2_common/pico_stdio_usb/stdio_usb.c.obj
                0x10006ec8                stdio_usb_in_chars
 .text.stdio_usb_out_chars
                0x10006f8c      0x114 CMakeFiles/termohigrometr.dir/C_/Program_Files/Raspberry_Pi/Pico_SDK_v1.5.1/pico-sdk/src/rp2_common/pico_stdio_usb/stdio_usb.c.obj
 .text.tud_descriptor_device_cb
                0x100070a0        0x8 CMakeFiles/termohigrometr.dir/C_/Program_Files/Raspberry_Pi/Pico_SDK_v1.5.1/pico-sdk/src/rp2_common/pico_stdio_usb/stdio_usb_descriptors.c.obj
                0x100070a0                tud_descriptor_device_cb
 .text.tud_descriptor_configuration_cb
                0x100070a8        0x8 CMakeFiles/termohigrometr.dir/C_/Program_Files/Raspberry_Pi/Pico_SDK_v1.5.1/pico-sdk/src/rp2_common/pico_stdio_usb/stdio_usb_descriptors.c.obj
                0x100070a8                tud_descriptor_configuration_cb
 .text.tud_descriptor_string_cb
                0x100070b0       0x6c CMakeFiles/termohigrometr.dir/C_/Program_Files/Raspberry_Pi/Pico_SDK_v1.5.1/pico-sdk/src/rp2_common/pico_stdio_usb/stdio_usb_descriptors.c.obj
                0x100070b0                tud_descriptor_string_cb
 .text._retrieve_unique_id_on_boot
                0x1000711c       0x10 CMakeFiles/termohigrometr.dir/C_/Program_Files/Raspberry_Pi/Pico_SDK_v1.5.1/pico-sdk/src/rp2_common/pico_unique_id/unique_id.c.obj
 .text.pico_get_unique_board_id
                0x1000712c       0x10 CMakeFiles/termohigrometr.dir/C_/Program_Files/Raspberry_Pi/Pico_SDK_v1.5.1/pico-sdk/src/rp2_common/pico_unique_id/unique_id.c.obj
                0x1000712c                pico_get_unique_board_id
 .text.pico_get_unique_board_id_string
                0x1000713c       0x60 CMakeFiles/termohigrometr.dir/C_/Program_Files/Raspberry_Pi/Pico_SDK_v1.5.1/pico-sdk/src/rp2_common/pico_unique_id/unique_id.c.obj
                0x1000713c                pico_get_unique_board_id_string
 .text.flash_get_unique_id
                0x1000719c       0x46 CMakeFiles/termohigrometr.dir/C_/Program_Files/Raspberry_Pi/Pico_SDK_v1.5.1/pico-sdk/src/rp2_common/hardware_flash/flash.c.obj
                0x1000719c                flash_get_unique_id
 *fill*         0x100071e2        0x2 
 .text.hw_endpoint_get_by_addr
                0x100071e4       0x18 CMakeFiles/termohigrometr.dir/C_/Program_Files/Raspberry_Pi/Pico_SDK_v1.5.1/pico-sdk/lib/tinyusb/src/portable/raspberrypi/rp2040/dcd_rp2040.c.obj
 .text._hw_endpoint_alloc
                0x100071fc       0x70 CMakeFiles/termohigrometr.dir/C_/Program_Files/Raspberry_Pi/Pico_SDK_v1.5.1/pico-sdk/lib/tinyusb/src/portable/raspberrypi/rp2040/dcd_rp2040.c.obj
 .text.hw_endpoint_init
                0x1000726c       0x88 CMakeFiles/termohigrometr.dir/C_/Program_Files/Raspberry_Pi/Pico_SDK_v1.5.1/pico-sdk/lib/tinyusb/src/portable/raspberrypi/rp2040/dcd_rp2040.c.obj
 .text.hw_endpoint_xfer
                0x100072f4       0x14 CMakeFiles/termohigrometr.dir/C_/Program_Files/Raspberry_Pi/Pico_SDK_v1.5.1/pico-sdk/lib/tinyusb/src/portable/raspberrypi/rp2040/dcd_rp2040.c.obj
 .text.dcd_int_enable
                0x10007308       0x2c CMakeFiles/termohigrometr.dir/C_/Program_Files/Raspberry_Pi/Pico_SDK_v1.5.1/pico-sdk/lib/tinyusb/src/portable/raspberrypi/rp2040/dcd_rp2040.c.obj
                0x10007308                dcd_int_enable
 .text.dcd_set_address
                0x10007334       0x2c CMakeFiles/termohigrometr.dir/C_/Program_Files/Raspberry_Pi/Pico_SDK_v1.5.1/pico-sdk/lib/tinyusb/src/portable/raspberrypi/rp2040/dcd_rp2040.c.obj
                0x10007334                dcd_set_address
 .text.dcd_connect
                0x10007360       0x10 CMakeFiles/termohigrometr.dir/C_/Program_Files/Raspberry_Pi/Pico_SDK_v1.5.1/pico-sdk/lib/tinyusb/src/portable/raspberrypi/rp2040/dcd_rp2040.c.obj
                0x10007360                dcd_connect
 .text.dcd_init
                0x10007370       0x80 CMakeFiles/termohigrometr.dir/C_/Program_Files/Raspberry_Pi/Pico_SDK_v1.5.1/pico-sdk/lib/tinyusb/src/portable/raspberrypi/rp2040/dcd_rp2040.c.obj
                0x10007370                dcd_init
 .text.dcd_edpt0_status_complete
                0x100073f0       0x1c CMakeFiles/termohigrometr.dir/C_/Program_Files/Raspberry_Pi/Pico_SDK_v1.5.1/pico-sdk/lib/tinyusb/src/portable/raspberrypi/rp2040/dcd_rp2040.c.obj
                0x100073f0                dcd_edpt0_status_complete
 .text.dcd_edpt_open
                0x1000740c       0x40 CMakeFiles/termohigrometr.dir/C_/Program_Files/Raspberry_Pi/Pico_SDK_v1.5.1/pico-sdk/lib/tinyusb/src/portable/raspberrypi/rp2040/dcd_rp2040.c.obj
                0x1000740c                dcd_edpt_open
 .text.dcd_edpt_close_all
                0x1000744c        0x8 CMakeFiles/termohigrometr.dir/C_/Program_Files/Raspberry_Pi/Pico_SDK_v1.5.1/pico-sdk/lib/tinyusb/src/portable/raspberrypi/rp2040/dcd_rp2040.c.obj
                0x1000744c                dcd_edpt_close_all
 .text.dcd_edpt_xfer
                0x10007454       0x34 CMakeFiles/termohigrometr.dir/C_/Program_Files/Raspberry_Pi/Pico_SDK_v1.5.1/pico-sdk/lib/tinyusb/src/portable/raspberrypi/rp2040/dcd_rp2040.c.obj
                0x10007454                dcd_edpt_xfer
 .text.dcd_edpt_stall
                0x10007488       0x2c CMakeFiles/termohigrometr.dir/C_/Program_Files/Raspberry_Pi/Pico_SDK_v1.5.1/pico-sdk/lib/tinyusb/src/portable/raspberrypi/rp2040/dcd_rp2040.c.obj
                0x10007488                dcd_edpt_stall
 .text.dcd_edpt_clear_stall
                0x100074b4       0x20 CMakeFiles/termohigrometr.dir/C_/Program_Files/Raspberry_Pi/Pico_SDK_v1.5.1/pico-sdk/lib/tinyusb/src/portable/raspberrypi/rp2040/dcd_rp2040.c.obj
                0x100074b4                dcd_edpt_clear_stall
 .text.rp2040_usb_init
                0x100074d4       0x4c CMakeFiles/termohigrometr.dir/C_/Program_Files/Raspberry_Pi/Pico_SDK_v1.5.1/pico-sdk/lib/tinyusb/src/portable/raspberrypi/rp2040/rp2040_usb.c.obj
                0x100074d4                rp2040_usb_init
 .text.hw_endpoint_xfer_start
                0x10007520       0x50 CMakeFiles/termohigrometr.dir/C_/Program_Files/Raspberry_Pi/Pico_SDK_v1.5.1/pico-sdk/lib/tinyusb/src/portable/raspberrypi/rp2040/rp2040_usb.c.obj
                0x10007520                hw_endpoint_xfer_start
 .text.configuration_reset
                0x10007570       0x84 CMakeFiles/termohigrometr.dir/C_/Program_Files/Raspberry_Pi/Pico_SDK_v1.5.1/pico-sdk/lib/tinyusb/src/device/usbd.c.obj
 .text.usbd_reset
                0x100075f4        0xc CMakeFiles/termohigrometr.dir/C_/Program_Files/Raspberry_Pi/Pico_SDK_v1.5.1/pico-sdk/lib/tinyusb/src/device/usbd.c.obj
 .text.invoke_class_control
                0x10007600       0x1a CMakeFiles/termohigrometr.dir/C_/Program_Files/Raspberry_Pi/Pico_SDK_v1.5.1/pico-sdk/lib/tinyusb/src/device/usbd.c.obj
 *fill*         0x1000761a        0x2 
 .text.process_set_config
                0x1000761c      0x178 CMakeFiles/termohigrometr.dir/C_/Program_Files/Raspberry_Pi/Pico_SDK_v1.5.1/pico-sdk/lib/tinyusb/src/device/usbd.c.obj
 .text.process_get_descriptor
                0x10007794       0xdc CMakeFiles/termohigrometr.dir/C_/Program_Files/Raspberry_Pi/Pico_SDK_v1.5.1/pico-sdk/lib/tinyusb/src/device/usbd.c.obj
 .text.tud_mounted
                0x10007870       0x10 CMakeFiles/termohigrometr.dir/C_/Program_Files/Raspberry_Pi/Pico_SDK_v1.5.1/pico-sdk/lib/tinyusb/src/device/usbd.c.obj
                0x10007870                tud_mounted
 .text.tud_suspended
                0x10007880       0x10 CMakeFiles/termohigrometr.dir/C_/Program_Files/Raspberry_Pi/Pico_SDK_v1.5.1/pico-sdk/lib/tinyusb/src/device/usbd.c.obj
                0x10007880                tud_suspended
 .text.tud_inited
                0x10007890       0x14 CMakeFiles/termohigrometr.dir/C_/Program_Files/Raspberry_Pi/Pico_SDK_v1.5.1/pico-sdk/lib/tinyusb/src/device/usbd.c.obj
                0x10007890                tud_inited
 .text.tud_init
                0x100078a4       0xcc CMakeFiles/termohigrometr.dir/C_/Program_Files/Raspberry_Pi/Pico_SDK_v1.5.1/pico-sdk/lib/tinyusb/src/device/usbd.c.obj
                0x100078a4                tud_init
 .text.usbd_defer_func
                0x10007970       0x2a CMakeFiles/termohigrometr.dir/C_/Program_Files/Raspberry_Pi/Pico_SDK_v1.5.1/pico-sdk/lib/tinyusb/src/device/usbd.c.obj
                0x10007970                usbd_defer_func
 *fill*         0x1000799a        0x2 
 .text.usbd_edpt_open
                0x1000799c       0x34 CMakeFiles/termohigrometr.dir/C_/Program_Files/Raspberry_Pi/Pico_SDK_v1.5.1/pico-sdk/lib/tinyusb/src/device/usbd.c.obj
                0x1000799c                usbd_edpt_open
 .text.usbd_open_edpt_pair
                0x100079d0       0x62 CMakeFiles/termohigrometr.dir/C_/Program_Files/Raspberry_Pi/Pico_SDK_v1.5.1/pico-sdk/lib/tinyusb/src/device/usbd.c.obj
                0x100079d0                usbd_open_edpt_pair
 *fill*         0x10007a32        0x2 
 .text.usbd_edpt_claim
                0x10007a34       0x28 CMakeFiles/termohigrometr.dir/C_/Program_Files/Raspberry_Pi/Pico_SDK_v1.5.1/pico-sdk/lib/tinyusb/src/device/usbd.c.obj
                0x10007a34                usbd_edpt_claim
 .text.usbd_edpt_release
                0x10007a5c       0x28 CMakeFiles/termohigrometr.dir/C_/Program_Files/Raspberry_Pi/Pico_SDK_v1.5.1/pico-sdk/lib/tinyusb/src/device/usbd.c.obj
                0x10007a5c                usbd_edpt_release
 .text.usbd_edpt_xfer
                0x10007a84       0x78 CMakeFiles/termohigrometr.dir/C_/Program_Files/Raspberry_Pi/Pico_SDK_v1.5.1/pico-sdk/lib/tinyusb/src/device/usbd.c.obj
                0x10007a84                usbd_edpt_xfer
 .text.usbd_edpt_stall
                0x10007afc       0x48 CMakeFiles/termohigrometr.dir/C_/Program_Files/Raspberry_Pi/Pico_SDK_v1.5.1/pico-sdk/lib/tinyusb/src/device/usbd.c.obj
                0x10007afc                usbd_edpt_stall
 .text.usbd_edpt_clear_stall
                0x10007b44       0x48 CMakeFiles/termohigrometr.dir/C_/Program_Files/Raspberry_Pi/Pico_SDK_v1.5.1/pico-sdk/lib/tinyusb/src/device/usbd.c.obj
                0x10007b44                usbd_edpt_clear_stall
 .text.usbd_edpt_stalled
                0x10007b8c       0x1c CMakeFiles/termohigrometr.dir/C_/Program_Files/Raspberry_Pi/Pico_SDK_v1.5.1/pico-sdk/lib/tinyusb/src/device/usbd.c.obj
                0x10007b8c                usbd_edpt_stalled
 .text.process_control_request
                0x10007ba8      0x37c CMakeFiles/termohigrometr.dir/C_/Program_Files/Raspberry_Pi/Pico_SDK_v1.5.1/pico-sdk/lib/tinyusb/src/device/usbd.c.obj
 .text.tud_task_ext
                0x10007f24      0x1b8 CMakeFiles/termohigrometr.dir/C_/Program_Files/Raspberry_Pi/Pico_SDK_v1.5.1/pico-sdk/lib/tinyusb/src/device/usbd.c.obj
                0x10007f24                tud_task_ext
 .text._data_stage_xact
                0x100080dc       0x58 CMakeFiles/termohigrometr.dir/C_/Program_Files/Raspberry_Pi/Pico_SDK_v1.5.1/pico-sdk/lib/tinyusb/src/device/usbd_control.c.obj
 .text.tud_control_status
                0x10008134       0x38 CMakeFiles/termohigrometr.dir/C_/Program_Files/Raspberry_Pi/Pico_SDK_v1.5.1/pico-sdk/lib/tinyusb/src/device/usbd_control.c.obj
                0x10008134                tud_control_status
 .text.tud_control_xfer
                0x1000816c       0x74 CMakeFiles/termohigrometr.dir/C_/Program_Files/Raspberry_Pi/Pico_SDK_v1.5.1/pico-sdk/lib/tinyusb/src/device/usbd_control.c.obj
                0x1000816c                tud_control_xfer
 .text.usbd_control_reset
                0x100081e0       0x14 CMakeFiles/termohigrometr.dir/C_/Program_Files/Raspberry_Pi/Pico_SDK_v1.5.1/pico-sdk/lib/tinyusb/src/device/usbd_control.c.obj
                0x100081e0                usbd_control_reset
 .text.usbd_control_set_complete_callback
                0x100081f4        0xc CMakeFiles/termohigrometr.dir/C_/Program_Files/Raspberry_Pi/Pico_SDK_v1.5.1/pico-sdk/lib/tinyusb/src/device/usbd_control.c.obj
                0x100081f4                usbd_control_set_complete_callback
 .text.usbd_control_set_request
                0x10008200       0x1c CMakeFiles/termohigrometr.dir/C_/Program_Files/Raspberry_Pi/Pico_SDK_v1.5.1/pico-sdk/lib/tinyusb/src/device/usbd_control.c.obj
                0x10008200                usbd_control_set_request
 .text.usbd_control_xfer_cb
                0x1000821c       0xcc CMakeFiles/termohigrometr.dir/C_/Program_Files/Raspberry_Pi/Pico_SDK_v1.5.1/pico-sdk/lib/tinyusb/src/device/usbd_control.c.obj
                0x1000821c                usbd_control_xfer_cb
 .text._prep_out_transaction
                0x100082e8       0x4a CMakeFiles/termohigrometr.dir/C_/Program_Files/Raspberry_Pi/Pico_SDK_v1.5.1/pico-sdk/lib/tinyusb/src/class/cdc/cdc_device.c.obj
 *fill*         0x10008332        0x2 
 .text.tud_cdc_n_connected
                0x10008334       0x44 CMakeFiles/termohigrometr.dir/C_/Program_Files/Raspberry_Pi/Pico_SDK_v1.5.1/pico-sdk/lib/tinyusb/src/class/cdc/cdc_device.c.obj
                0x10008334                tud_cdc_n_connected
 .text.tud_cdc_n_available
                0x10008378       0x18 CMakeFiles/termohigrometr.dir/C_/Program_Files/Raspberry_Pi/Pico_SDK_v1.5.1/pico-sdk/lib/tinyusb/src/class/cdc/cdc_device.c.obj
                0x10008378                tud_cdc_n_available
 .text.tud_cdc_n_read
                0x10008390       0x28 CMakeFiles/termohigrometr.dir/C_/Program_Files/Raspberry_Pi/Pico_SDK_v1.5.1/pico-sdk/lib/tinyusb/src/class/cdc/cdc_device.c.obj
                0x10008390                tud_cdc_n_read
 .text.tud_cdc_n_write_flush
                0x100083b8       0xb8 CMakeFiles/termohigrometr.dir/C_/Program_Files/Raspberry_Pi/Pico_SDK_v1.5.1/pico-sdk/lib/tinyusb/src/class/cdc/cdc_device.c.obj
                0x100083b8                tud_cdc_n_write_flush
 .text.tud_cdc_n_write
                0x10008470       0x38 CMakeFiles/termohigrometr.dir/C_/Program_Files/Raspberry_Pi/Pico_SDK_v1.5.1/pico-sdk/lib/tinyusb/src/class/cdc/cdc_device.c.obj
                0x10008470                tud_cdc_n_write
 .text.tud_cdc_n_write_available
                0x100084a8       0x1c CMakeFiles/termohigrometr.dir/C_/Program_Files/Raspberry_Pi/Pico_SDK_v1.5.1/pico-sdk/lib/tinyusb/src/class/cdc/cdc_device.c.obj
                0x100084a8                tud_cdc_n_write_available
 .text.cdcd_init
                0x100084c4       0xbc CMakeFiles/termohigrometr.dir/C_/Program_Files/Raspberry_Pi/Pico_SDK_v1.5.1/pico-sdk/lib/tinyusb/src/class/cdc/cdc_device.c.obj
                0x100084c4                cdcd_init
 .text.cdcd_reset
                0x10008580       0x44 CMakeFiles/termohigrometr.dir/C_/Program_Files/Raspberry_Pi/Pico_SDK_v1.5.1/pico-sdk/lib/tinyusb/src/class/cdc/cdc_device.c.obj
                0x10008580                cdcd_reset
 .text.cdcd_open
                0x100085c4       0xcc CMakeFiles/termohigrometr.dir/C_/Program_Files/Raspberry_Pi/Pico_SDK_v1.5.1/pico-sdk/lib/tinyusb/src/class/cdc/cdc_device.c.obj
                0x100085c4                cdcd_open
 .text.cdcd_control_xfer_cb
                0x10008690      0x134 CMakeFiles/termohigrometr.dir/C_/Program_Files/Raspberry_Pi/Pico_SDK_v1.5.1/pico-sdk/lib/tinyusb/src/class/cdc/cdc_device.c.obj
                0x10008690                cdcd_control_xfer_cb
 .text.cdcd_xfer_cb
                0x100087c4      0x130 CMakeFiles/termohigrometr.dir/C_/Program_Files/Raspberry_Pi/Pico_SDK_v1.5.1/pico-sdk/lib/tinyusb/src/class/cdc/cdc_device.c.obj
                0x100087c4                cdcd_xfer_cb
 .text.tusb_init
                0x100088f4        0xa CMakeFiles/termohigrometr.dir/C_/Program_Files/Raspberry_Pi/Pico_SDK_v1.5.1/pico-sdk/lib/tinyusb/src/tusb.c.obj
                0x100088f4                tusb_init
 .text.tusb_inited
                0x100088fe        0xe CMakeFiles/termohigrometr.dir/C_/Program_Files/Raspberry_Pi/Pico_SDK_v1.5.1/pico-sdk/lib/tinyusb/src/tusb.c.obj
                0x100088fe                tusb_inited
 .text.tu_edpt_claim
                0x1000890c       0x50 CMakeFiles/termohigrometr.dir/C_/Program_Files/Raspberry_Pi/Pico_SDK_v1.5.1/pico-sdk/lib/tinyusb/src/tusb.c.obj
                0x1000890c                tu_edpt_claim
 .text.tu_edpt_release
                0x1000895c       0x3c CMakeFiles/termohigrometr.dir/C_/Program_Files/Raspberry_Pi/Pico_SDK_v1.5.1/pico-sdk/lib/tinyusb/src/tusb.c.obj
                0x1000895c                tu_edpt_release
 .text.tu_edpt_validate
                0x10008998       0x78 CMakeFiles/termohigrometr.dir/C_/Program_Files/Raspberry_Pi/Pico_SDK_v1.5.1/pico-sdk/lib/tinyusb/src/tusb.c.obj
                0x10008998                tu_edpt_validate
 .text.tu_edpt_bind_driver
                0x10008a10       0x26 CMakeFiles/termohigrometr.dir/C_/Program_Files/Raspberry_Pi/Pico_SDK_v1.5.1/pico-sdk/lib/tinyusb/src/tusb.c.obj
                0x10008a10                tu_edpt_bind_driver
 .text.advance_index
                0x10008a36       0x1a CMakeFiles/termohigrometr.dir/C_/Program_Files/Raspberry_Pi/Pico_SDK_v1.5.1/pico-sdk/lib/tinyusb/src/common/tusb_fifo.c.obj
 .text._tu_fifo_peek
                0x10008a50       0x56 CMakeFiles/termohigrometr.dir/C_/Program_Files/Raspberry_Pi/Pico_SDK_v1.5.1/pico-sdk/lib/tinyusb/src/common/tusb_fifo.c.obj
 .text._ff_pull_const_addr
                0x10008aa6       0x4c CMakeFiles/termohigrometr.dir/C_/Program_Files/Raspberry_Pi/Pico_SDK_v1.5.1/pico-sdk/lib/tinyusb/src/common/tusb_fifo.c.obj
 .text._ff_pull_n
                0x10008af2      0x110 CMakeFiles/termohigrometr.dir/C_/Program_Files/Raspberry_Pi/Pico_SDK_v1.5.1/pico-sdk/lib/tinyusb/src/common/tusb_fifo.c.obj
 .text._tu_fifo_peek_n
                0x10008c02       0x6a CMakeFiles/termohigrometr.dir/C_/Program_Files/Raspberry_Pi/Pico_SDK_v1.5.1/pico-sdk/lib/tinyusb/src/common/tusb_fifo.c.obj
 .text._tu_fifo_read_n
                0x10008c6c       0x4e CMakeFiles/termohigrometr.dir/C_/Program_Files/Raspberry_Pi/Pico_SDK_v1.5.1/pico-sdk/lib/tinyusb/src/common/tusb_fifo.c.obj
 .text._ff_push_const_addr
                0x10008cba       0x40 CMakeFiles/termohigrometr.dir/C_/Program_Files/Raspberry_Pi/Pico_SDK_v1.5.1/pico-sdk/lib/tinyusb/src/common/tusb_fifo.c.obj
 .text._ff_push_n
                0x10008cfa      0x10c CMakeFiles/termohigrometr.dir/C_/Program_Files/Raspberry_Pi/Pico_SDK_v1.5.1/pico-sdk/lib/tinyusb/src/common/tusb_fifo.c.obj
 .text._tu_fifo_write_n
                0x10008e06       0xf0 CMakeFiles/termohigrometr.dir/C_/Program_Files/Raspberry_Pi/Pico_SDK_v1.5.1/pico-sdk/lib/tinyusb/src/common/tusb_fifo.c.obj
 .text.tu_fifo_config
                0x10008ef6       0x7c CMakeFiles/termohigrometr.dir/C_/Program_Files/Raspberry_Pi/Pico_SDK_v1.5.1/pico-sdk/lib/tinyusb/src/common/tusb_fifo.c.obj
                0x10008ef6                tu_fifo_config
 .text.tu_fifo_count
                0x10008f72       0x2a CMakeFiles/termohigrometr.dir/C_/Program_Files/Raspberry_Pi/Pico_SDK_v1.5.1/pico-sdk/lib/tinyusb/src/common/tusb_fifo.c.obj
                0x10008f72                tu_fifo_count
 .text.tu_fifo_empty
                0x10008f9c       0x10 CMakeFiles/termohigrometr.dir/C_/Program_Files/Raspberry_Pi/Pico_SDK_v1.5.1/pico-sdk/lib/tinyusb/src/common/tusb_fifo.c.obj
                0x10008f9c                tu_fifo_empty
 .text.tu_fifo_full
                0x10008fac       0x28 CMakeFiles/termohigrometr.dir/C_/Program_Files/Raspberry_Pi/Pico_SDK_v1.5.1/pico-sdk/lib/tinyusb/src/common/tusb_fifo.c.obj
                0x10008fac                tu_fifo_full
 .text.tu_fifo_remaining
                0x10008fd4       0x2c CMakeFiles/termohigrometr.dir/C_/Program_Files/Raspberry_Pi/Pico_SDK_v1.5.1/pico-sdk/lib/tinyusb/src/common/tusb_fifo.c.obj
                0x10008fd4                tu_fifo_remaining
 .text.tu_fifo_read
                0x10009000       0x42 CMakeFiles/termohigrometr.dir/C_/Program_Files/Raspberry_Pi/Pico_SDK_v1.5.1/pico-sdk/lib/tinyusb/src/common/tusb_fifo.c.obj
                0x10009000                tu_fifo_read
 .text.tu_fifo_read_n
                0x10009042        0xa CMakeFiles/termohigrometr.dir/C_/Program_Files/Raspberry_Pi/Pico_SDK_v1.5.1/pico-sdk/lib/tinyusb/src/common/tusb_fifo.c.obj
                0x10009042                tu_fifo_read_n
 .text.tu_fifo_write
                0x1000904c       0x64 CMakeFiles/termohigrometr.dir/C_/Program_Files/Raspberry_Pi/Pico_SDK_v1.5.1/pico-sdk/lib/tinyusb/src/common/tusb_fifo.c.obj
                0x1000904c                tu_fifo_write
 .text.tu_fifo_write_n
                0x100090b0        0xa CMakeFiles/termohigrometr.dir/C_/Program_Files/Raspberry_Pi/Pico_SDK_v1.5.1/pico-sdk/lib/tinyusb/src/common/tusb_fifo.c.obj
                0x100090b0                tu_fifo_write_n
 .text.tu_fifo_clear
                0x100090ba       0x3e CMakeFiles/termohigrometr.dir/C_/Program_Files/Raspberry_Pi/Pico_SDK_v1.5.1/pico-sdk/lib/tinyusb/src/common/tusb_fifo.c.obj
                0x100090ba                tu_fifo_clear
 .text.tu_fifo_set_overwritable
                0x100090f8       0x46 CMakeFiles/termohigrometr.dir/C_/Program_Files/Raspberry_Pi/Pico_SDK_v1.5.1/pico-sdk/lib/tinyusb/src/common/tusb_fifo.c.obj
                0x100090f8                tu_fifo_set_overwritable
 .text.i2c_write_blocking_internal
                0x1000913e      0x140 CMakeFiles/termohigrometr.dir/C_/Program_Files/Raspberry_Pi/Pico_SDK_v1.5.1/pico-sdk/src/rp2_common/hardware_i2c/i2c.c.obj
 .text.i2c_read_blocking_internal
                0x1000927e       0xe6 CMakeFiles/termohigrometr.dir/C_/Program_Files/Raspberry_Pi/Pico_SDK_v1.5.1/pico-sdk/src/rp2_common/hardware_i2c/i2c.c.obj
 .text.i2c_set_baudrate
                0x10009364       0xf0 CMakeFiles/termohigrometr.dir/C_/Program_Files/Raspberry_Pi/Pico_SDK_v1.5.1/pico-sdk/src/rp2_common/hardware_i2c/i2c.c.obj
                0x10009364                i2c_set_baudrate
 .text.i2c_init
                0x10009454       0x58 CMakeFiles/termohigrometr.dir/C_/Program_Files/Raspberry_Pi/Pico_SDK_v1.5.1/pico-sdk/src/rp2_common/hardware_i2c/i2c.c.obj
                0x10009454                i2c_init
 .text.i2c_write_blocking
                0x100094ac       0x18 CMakeFiles/termohigrometr.dir/C_/Program_Files/Raspberry_Pi/Pico_SDK_v1.5.1/pico-sdk/src/rp2_common/hardware_i2c/i2c.c.obj
                0x100094ac                i2c_write_blocking
 .text.i2c_read_blocking
                0x100094c4       0x18 CMakeFiles/termohigrometr.dir/C_/Program_Files/Raspberry_Pi/Pico_SDK_v1.5.1/pico-sdk/src/rp2_common/hardware_i2c/i2c.c.obj
                0x100094c4                i2c_read_blocking
 .text.lwip_timeout_reached
                0x100094dc       0x2c CMakeFiles/termohigrometr.dir/C_/Program_Files/Raspberry_Pi/Pico_SDK_v1.5.1/pico-sdk/src/rp2_common/pico_lwip/lwip_nosys.c.obj
 .text.update_next_timeout
                0x10009508       0xb0 CMakeFiles/termohigrometr.dir/C_/Program_Files/Raspberry_Pi/Pico_SDK_v1.5.1/pico-sdk/src/rp2_common/pico_lwip/lwip_nosys.c.obj
 .text.lwip_nosys_init
                0x100095b8       0x34 CMakeFiles/termohigrometr.dir/C_/Program_Files/Raspberry_Pi/Pico_SDK_v1.5.1/pico-sdk/src/rp2_common/pico_lwip/lwip_nosys.c.obj
                0x100095b8                lwip_nosys_init
 .text.lwip_nosys_deinit
                0x100095ec       0x20 CMakeFiles/termohigrometr.dir/C_/Program_Files/Raspberry_Pi/Pico_SDK_v1.5.1/pico-sdk/src/rp2_common/pico_lwip/lwip_nosys.c.obj
                0x100095ec                lwip_nosys_deinit
 .text.sys_arch_protect
                0x1000960c        0x4 CMakeFiles/termohigrometr.dir/C_/Program_Files/Raspberry_Pi/Pico_SDK_v1.5.1/pico-sdk/src/rp2_common/pico_lwip/lwip_nosys.c.obj
                0x1000960c                sys_arch_protect
 .text.sys_arch_unprotect
                0x10009610        0x2 CMakeFiles/termohigrometr.dir/C_/Program_Files/Raspberry_Pi/Pico_SDK_v1.5.1/pico-sdk/src/rp2_common/pico_lwip/lwip_nosys.c.obj
                0x10009610                sys_arch_unprotect
 *fill*         0x10009612        0x2 
 .text.sys_now  0x10009614       0x3c CMakeFiles/termohigrometr.dir/C_/Program_Files/Raspberry_Pi/Pico_SDK_v1.5.1/pico-sdk/src/rp2_common/pico_lwip/lwip_nosys.c.obj
                0x10009614                sys_now
 .text.async_context_base_add_at_time_worker
                0x10009650       0x1c CMakeFiles/termohigrometr.dir/C_/Program_Files/Raspberry_Pi/Pico_SDK_v1.5.1/pico-sdk/src/rp2_common/pico_async_context/async_context_base.c.obj
                0x10009650                async_context_base_add_at_time_worker
 .text.async_context_base_remove_at_time_worker
                0x1000966c       0x1c CMakeFiles/termohigrometr.dir/C_/Program_Files/Raspberry_Pi/Pico_SDK_v1.5.1/pico-sdk/src/rp2_common/pico_async_context/async_context_base.c.obj
                0x1000966c                async_context_base_remove_at_time_worker
 .text.async_context_base_add_when_pending_worker
                0x10009688       0x1c CMakeFiles/termohigrometr.dir/C_/Program_Files/Raspberry_Pi/Pico_SDK_v1.5.1/pico-sdk/src/rp2_common/pico_async_context/async_context_base.c.obj
                0x10009688                async_context_base_add_when_pending_worker
 .text.async_context_base_remove_when_pending_worker
                0x100096a4       0x1c CMakeFiles/termohigrometr.dir/C_/Program_Files/Raspberry_Pi/Pico_SDK_v1.5.1/pico-sdk/src/rp2_common/pico_async_context/async_context_base.c.obj
                0x100096a4                async_context_base_remove_when_pending_worker
 .text.async_context_base_remove_ready_at_time_worker
                0x100096c0       0x94 CMakeFiles/termohigrometr.dir/C_/Program_Files/Raspberry_Pi/Pico_SDK_v1.5.1/pico-sdk/src/rp2_common/pico_async_context/async_context_base.c.obj
                0x100096c0                async_context_base_remove_ready_at_time_worker
 .text.async_context_base_refresh_next_timeout
                0x10009754       0x4c CMakeFiles/termohigrometr.dir/C_/Program_Files/Raspberry_Pi/Pico_SDK_v1.5.1/pico-sdk/src/rp2_common/pico_async_context/async_context_base.c.obj
                0x10009754                async_context_base_refresh_next_timeout
 .text.async_context_base_execute_once
                0x100097a0       0x48 CMakeFiles/termohigrometr.dir/C_/Program_Files/Raspberry_Pi/Pico_SDK_v1.5.1/pico-sdk/src/rp2_common/pico_async_context/async_context_base.c.obj
                0x100097a0                async_context_base_execute_once
 .text.splitmix64
                0x100097e8       0x5c CMakeFiles/termohigrometr.dir/C_/Program_Files/Raspberry_Pi/Pico_SDK_v1.5.1/pico-sdk/src/rp2_common/pico_rand/rand.c.obj
 .text.sdbm_hash64_sram
                0x10009844       0x64 CMakeFiles/termohigrometr.dir/C_/Program_Files/Raspberry_Pi/Pico_SDK_v1.5.1/pico-sdk/src/rp2_common/pico_rand/rand.c.obj
 .text.xoroshiro128ss
                0x100098a8       0xb8 CMakeFiles/termohigrometr.dir/C_/Program_Files/Raspberry_Pi/Pico_SDK_v1.5.1/pico-sdk/src/rp2_common/pico_rand/rand.c.obj
 .text.capture_additional_rosc_samples
                0x10009960      0x1a4 CMakeFiles/termohigrometr.dir/C_/Program_Files/Raspberry_Pi/Pico_SDK_v1.5.1/pico-sdk/src/rp2_common/pico_rand/rand.c.obj
 .text.initialise_rand
                0x10009b04      0x118 CMakeFiles/termohigrometr.dir/C_/Program_Files/Raspberry_Pi/Pico_SDK_v1.5.1/pico-sdk/src/rp2_common/pico_rand/rand.c.obj
 .text.get_rand_64
                0x10009c1c      0x11c CMakeFiles/termohigrometr.dir/C_/Program_Files/Raspberry_Pi/Pico_SDK_v1.5.1/pico-sdk/src/rp2_common/pico_rand/rand.c.obj
                0x10009c1c                get_rand_64
 .text.get_rand_32
                0x10009d38        0x8 CMakeFiles/termohigrometr.dir/C_/Program_Files/Raspberry_Pi/Pico_SDK_v1.5.1/pico-sdk/src/rp2_common/pico_rand/rand.c.obj
                0x10009d38                get_rand_32
 .text.lwip_init
                0x10009d40       0x24 CMakeFiles/termohigrometr.dir/C_/Program_Files/Raspberry_Pi/Pico_SDK_v1.5.1/pico-sdk/lib/lwip/src/core/init.c.obj
                0x10009d40                lwip_init
 .text.lwip_htons
                0x10009d64        0xa CMakeFiles/termohigrometr.dir/C_/Program_Files/Raspberry_Pi/Pico_SDK_v1.5.1/pico-sdk/lib/lwip/src/core/def.c.obj
                0x10009d64                lwip_htons
 .text.lwip_htonl
                0x10009d6e       0x1c CMakeFiles/termohigrometr.dir/C_/Program_Files/Raspberry_Pi/Pico_SDK_v1.5.1/pico-sdk/lib/lwip/src/core/def.c.obj
                0x10009d6e                lwip_htonl
 .text.lwip_strnstr
                0x10009d8a       0x58 CMakeFiles/termohigrometr.dir/C_/Program_Files/Raspberry_Pi/Pico_SDK_v1.5.1/pico-sdk/lib/lwip/src/core/def.c.obj
                0x10009d8a                lwip_strnstr
 .text.lwip_stricmp
                0x10009de2       0x3a CMakeFiles/termohigrometr.dir/C_/Program_Files/Raspberry_Pi/Pico_SDK_v1.5.1/pico-sdk/lib/lwip/src/core/def.c.obj
                0x10009de2                lwip_stricmp
 .text.dns_backupserver_available
                0x10009e1c       0x28 CMakeFiles/termohigrometr.dir/C_/Program_Files/Raspberry_Pi/Pico_SDK_v1.5.1/pico-sdk/lib/lwip/src/core/dns.c.obj
 .text.dns_create_txid
                0x10009e44       0x3c CMakeFiles/termohigrometr.dir/C_/Program_Files/Raspberry_Pi/Pico_SDK_v1.5.1/pico-sdk/lib/lwip/src/core/dns.c.obj
 .text.dns_call_found
                0x10009e80       0xf4 CMakeFiles/termohigrometr.dir/C_/Program_Files/Raspberry_Pi/Pico_SDK_v1.5.1/pico-sdk/lib/lwip/src/core/dns.c.obj
 .text.dns_send
                0x10009f74      0x178 CMakeFiles/termohigrometr.dir/C_/Program_Files/Raspberry_Pi/Pico_SDK_v1.5.1/pico-sdk/lib/lwip/src/core/dns.c.obj
 .text.dns_check_entry
                0x1000a0ec      0x11c CMakeFiles/termohigrometr.dir/C_/Program_Files/Raspberry_Pi/Pico_SDK_v1.5.1/pico-sdk/lib/lwip/src/core/dns.c.obj
 .text.dns_check_entries
                0x1000a208       0x16 CMakeFiles/termohigrometr.dir/C_/Program_Files/Raspberry_Pi/Pico_SDK_v1.5.1/pico-sdk/lib/lwip/src/core/dns.c.obj
 .text.dns_init
                0x1000a21e        0x2 CMakeFiles/termohigrometr.dir/C_/Program_Files/Raspberry_Pi/Pico_SDK_v1.5.1/pico-sdk/lib/lwip/src/core/dns.c.obj
                0x1000a21e                dns_init
 .text.dns_setserver
                0x1000a220       0x28 CMakeFiles/termohigrometr.dir/C_/Program_Files/Raspberry_Pi/Pico_SDK_v1.5.1/pico-sdk/lib/lwip/src/core/dns.c.obj
                0x1000a220                dns_setserver
 .text.dns_tmr  0x1000a248        0x8 CMakeFiles/termohigrometr.dir/C_/Program_Files/Raspberry_Pi/Pico_SDK_v1.5.1/pico-sdk/lib/lwip/src/core/dns.c.obj
                0x1000a248                dns_tmr
 .text.lwip_standard_chksum
                0x1000a250       0xac CMakeFiles/termohigrometr.dir/C_/Program_Files/Raspberry_Pi/Pico_SDK_v1.5.1/pico-sdk/lib/lwip/src/core/inet_chksum.c.obj
                0x1000a250                lwip_standard_chksum
 .text.inet_cksum_pseudo_base
                0x1000a2fc       0x7c CMakeFiles/termohigrometr.dir/C_/Program_Files/Raspberry_Pi/Pico_SDK_v1.5.1/pico-sdk/lib/lwip/src/core/inet_chksum.c.obj
 .text.inet_chksum_pseudo
                0x1000a378       0x30 CMakeFiles/termohigrometr.dir/C_/Program_Files/Raspberry_Pi/Pico_SDK_v1.5.1/pico-sdk/lib/lwip/src/core/inet_chksum.c.obj
                0x1000a378                inet_chksum_pseudo
 .text.ip_chksum_pseudo
                0x1000a3a8       0x10 CMakeFiles/termohigrometr.dir/C_/Program_Files/Raspberry_Pi/Pico_SDK_v1.5.1/pico-sdk/lib/lwip/src/core/inet_chksum.c.obj
                0x1000a3a8                ip_chksum_pseudo
 .text.inet_chksum
                0x1000a3b8        0xc CMakeFiles/termohigrometr.dir/C_/Program_Files/Raspberry_Pi/Pico_SDK_v1.5.1/pico-sdk/lib/lwip/src/core/inet_chksum.c.obj
                0x1000a3b8                inet_chksum
 .text.inet_chksum_pbuf
                0x1000a3c4       0x52 CMakeFiles/termohigrometr.dir/C_/Program_Files/Raspberry_Pi/Pico_SDK_v1.5.1/pico-sdk/lib/lwip/src/core/inet_chksum.c.obj
                0x1000a3c4                inet_chksum_pbuf
 *fill*         0x1000a416        0x2 
 .text.ptr_to_mem
                0x1000a418        0xc CMakeFiles/termohigrometr.dir/C_/Program_Files/Raspberry_Pi/Pico_SDK_v1.5.1/pico-sdk/lib/lwip/src/core/mem.c.obj
 .text.mem_to_ptr
                0x1000a424       0x10 CMakeFiles/termohigrometr.dir/C_/Program_Files/Raspberry_Pi/Pico_SDK_v1.5.1/pico-sdk/lib/lwip/src/core/mem.c.obj
 .text.mem_link_valid
                0x1000a434       0x5c CMakeFiles/termohigrometr.dir/C_/Program_Files/Raspberry_Pi/Pico_SDK_v1.5.1/pico-sdk/lib/lwip/src/core/mem.c.obj
 .text.plug_holes
                0x1000a490       0xd4 CMakeFiles/termohigrometr.dir/C_/Program_Files/Raspberry_Pi/Pico_SDK_v1.5.1/pico-sdk/lib/lwip/src/core/mem.c.obj
 .text.mem_init
                0x1000a564       0x44 CMakeFiles/termohigrometr.dir/C_/Program_Files/Raspberry_Pi/Pico_SDK_v1.5.1/pico-sdk/lib/lwip/src/core/mem.c.obj
                0x1000a564                mem_init
 .text.mem_free
                0x1000a5a8       0x84 CMakeFiles/termohigrometr.dir/C_/Program_Files/Raspberry_Pi/Pico_SDK_v1.5.1/pico-sdk/lib/lwip/src/core/mem.c.obj
                0x1000a5a8                mem_free
 .text.mem_trim
                0x1000a62c      0x134 CMakeFiles/termohigrometr.dir/C_/Program_Files/Raspberry_Pi/Pico_SDK_v1.5.1/pico-sdk/lib/lwip/src/core/mem.c.obj
                0x1000a62c                mem_trim
 .text.mem_malloc
                0x1000a760      0x134 CMakeFiles/termohigrometr.dir/C_/Program_Files/Raspberry_Pi/Pico_SDK_v1.5.1/pico-sdk/lib/lwip/src/core/mem.c.obj
                0x1000a760                mem_malloc
 .text.do_memp_malloc_pool
                0x1000a894       0x30 CMakeFiles/termohigrometr.dir/C_/Program_Files/Raspberry_Pi/Pico_SDK_v1.5.1/pico-sdk/lib/lwip/src/core/memp.c.obj
 .text.do_memp_free_pool
                0x1000a8c4       0x28 CMakeFiles/termohigrometr.dir/C_/Program_Files/Raspberry_Pi/Pico_SDK_v1.5.1/pico-sdk/lib/lwip/src/core/memp.c.obj
 .text.memp_init_pool
                0x1000a8ec       0x2a CMakeFiles/termohigrometr.dir/C_/Program_Files/Raspberry_Pi/Pico_SDK_v1.5.1/pico-sdk/lib/lwip/src/core/memp.c.obj
                0x1000a8ec                memp_init_pool
 *fill*         0x1000a916        0x2 
 .text.memp_init
                0x1000a918       0x20 CMakeFiles/termohigrometr.dir/C_/Program_Files/Raspberry_Pi/Pico_SDK_v1.5.1/pico-sdk/lib/lwip/src/core/memp.c.obj
                0x1000a918                memp_init
 .text.memp_malloc
                0x1000a938       0x24 CMakeFiles/termohigrometr.dir/C_/Program_Files/Raspberry_Pi/Pico_SDK_v1.5.1/pico-sdk/lib/lwip/src/core/memp.c.obj
                0x1000a938                memp_malloc
 .text.memp_free
                0x1000a95c       0x28 CMakeFiles/termohigrometr.dir/C_/Program_Files/Raspberry_Pi/Pico_SDK_v1.5.1/pico-sdk/lib/lwip/src/core/memp.c.obj
                0x1000a95c                memp_free
 .text.netif_do_set_netmask
                0x1000a984       0x1a CMakeFiles/termohigrometr.dir/C_/Program_Files/Raspberry_Pi/Pico_SDK_v1.5.1/pico-sdk/lib/lwip/src/core/netif.c.obj
 .text.netif_do_set_gw
                0x1000a99e       0x1a CMakeFiles/termohigrometr.dir/C_/Program_Files/Raspberry_Pi/Pico_SDK_v1.5.1/pico-sdk/lib/lwip/src/core/netif.c.obj
 .text.netif_null_output_ip4
                0x1000a9b8        0x6 CMakeFiles/termohigrometr.dir/C_/Program_Files/Raspberry_Pi/Pico_SDK_v1.5.1/pico-sdk/lib/lwip/src/core/netif.c.obj
 .text.netif_do_ip_addr_changed
                0x1000a9be       0x1c CMakeFiles/termohigrometr.dir/C_/Program_Files/Raspberry_Pi/Pico_SDK_v1.5.1/pico-sdk/lib/lwip/src/core/netif.c.obj
 *fill*         0x1000a9da        0x2 
 .text.netif_issue_reports
                0x1000a9dc       0x34 CMakeFiles/termohigrometr.dir/C_/Program_Files/Raspberry_Pi/Pico_SDK_v1.5.1/pico-sdk/lib/lwip/src/core/netif.c.obj
 .text.netif_do_set_ipaddr
                0x1000aa10       0x54 CMakeFiles/termohigrometr.dir/C_/Program_Files/Raspberry_Pi/Pico_SDK_v1.5.1/pico-sdk/lib/lwip/src/core/netif.c.obj
 .text.netif_init
                0x1000aa64        0x2 CMakeFiles/termohigrometr.dir/C_/Program_Files/Raspberry_Pi/Pico_SDK_v1.5.1/pico-sdk/lib/lwip/src/core/netif.c.obj
                0x1000aa64                netif_init
 *fill*         0x1000aa66        0x2 
 .text.netif_set_addr
                0x1000aa68       0x78 CMakeFiles/termohigrometr.dir/C_/Program_Files/Raspberry_Pi/Pico_SDK_v1.5.1/pico-sdk/lib/lwip/src/core/netif.c.obj
                0x1000aa68                netif_set_addr
 .text.netif_add
                0x1000aae0      0x124 CMakeFiles/termohigrometr.dir/C_/Program_Files/Raspberry_Pi/Pico_SDK_v1.5.1/pico-sdk/lib/lwip/src/core/netif.c.obj
                0x1000aae0                netif_add
 .text.netif_set_default
                0x1000ac04        0xc CMakeFiles/termohigrometr.dir/C_/Program_Files/Raspberry_Pi/Pico_SDK_v1.5.1/pico-sdk/lib/lwip/src/core/netif.c.obj
                0x1000ac04                netif_set_default
 .text.netif_set_up
                0x1000ac10       0x34 CMakeFiles/termohigrometr.dir/C_/Program_Files/Raspberry_Pi/Pico_SDK_v1.5.1/pico-sdk/lib/lwip/src/core/netif.c.obj
                0x1000ac10                netif_set_up
 .text.netif_set_down
                0x1000ac44       0x38 CMakeFiles/termohigrometr.dir/C_/Program_Files/Raspberry_Pi/Pico_SDK_v1.5.1/pico-sdk/lib/lwip/src/core/netif.c.obj
                0x1000ac44                netif_set_down
 .text.netif_remove
                0x1000ac7c       0x64 CMakeFiles/termohigrometr.dir/C_/Program_Files/Raspberry_Pi/Pico_SDK_v1.5.1/pico-sdk/lib/lwip/src/core/netif.c.obj
                0x1000ac7c                netif_remove
 .text.netif_set_link_up